npm warn Unknown project config "package-manager". This will stop working in the next major version of npm.
npm warn Unknown project config "auto-install-peers". This will stop working in the next major version of npm.
npm warn Unknown project config "strict-peer-dependencies". This will stop working in the next major version of npm.
api/inngest/route.ts(10,21): error TS2305: Module '"../../src/lib/inngest/serve.js"' has no exported member 'OPTIONS'.
src/components/admin/AdminAnalyticsDashboard.tsx(202,37): error TS2345: Argument of type '{ [x: string]: any; }' is not assignable to parameter of type '{ dropout_risk_score: number; success_probability: number; calculated_at: string; }'.
  Type '{ [x: string]: any; }' is missing the following properties from type '{ dropout_risk_score: number; success_probability: number; calculated_at: string; }': dropout_risk_score, success_probability, calculated_at
src/components/admin/AdminAnalyticsDashboard.tsx(485,23): error TS2304: Cannot find name 'useQueryClient'.
src/components/admin/CohortComparison.tsx(282,9): error TS4104: The type 'readonly ["0-17", "18-29", "30-49", "50-64", "65+", "unknown"]' is 'readonly' and cannot be assigned to the mutable type 'string[]'.
src/components/admin/CohortComparison.tsx(285,9): error TS4104: The type 'readonly ["2+/week", "1/week", "biweekly", "monthly"]' is 'readonly' and cannot be assigned to the mutable type 'string[]'.
src/components/admin/CohortComparison.tsx(288,9): error TS4104: The type 'readonly ["excellent", "good", "moderate", "poor"]' is 'readonly' and cannot be assigned to the mutable type 'string[]'.
src/components/admin/CohortComparison.tsx(1158,15): error TS2484: Export declaration conflicts with exported declaration of 'CohortData'.
src/components/admin/EvaluationTemplateManager.tsx(166,44): error TS2345: Argument of type '(template: Template) => JSX.Element' is not assignable to parameter of type '(value: { [x: string]: any; }, index: number, array: { [x: string]: any; }[]) => Element'.
  Types of parameters 'template' and 'value' are incompatible.
    Type '{ [x: string]: any; }' is missing the following properties from type 'Template': id, title, description, category, and 2 more.
src/components/admin/EvaluationTemplateManager.tsx(173,51): error TS2551: Property 'is_active' does not exist on type 'Template'. Did you mean 'isActive'?
src/components/agenda/AppointmentModal.tsx(116,25): error TS2367: This comparison appears to be unintentional because the types 'AppointmentStatus' and '"scheduled"' have no overlap.
src/components/agenda/AppointmentModal.tsx(135,24): error TS2367: This comparison appears to be unintentional because the types 'AppointmentStatus' and '"cancelled"' have no overlap.
src/components/analysis/dicom/DicomBrowser.tsx(53,42): error TS2345: Argument of type 'DicomStudy' is not assignable to parameter of type 'Record<string, { Value?: (string | { Alphabetic?: string | undefined; })[] | undefined; }>'.
  'string' index signatures are incompatible.
    Type 'unknown' is not assignable to type '{ Value?: (string | { Alphabetic?: string | undefined; })[] | undefined; }'.
src/components/analysis/dicom/DicomBrowser.tsx(103,66): error TS2345: Argument of type 'DicomStudy' is not assignable to parameter of type 'Record<string, { Value?: (string | { Alphabetic?: string | undefined; })[] | undefined; }>'.
  'string' index signatures are incompatible.
    Type 'unknown' is not assignable to type '{ Value?: (string | { Alphabetic?: string | undefined; })[] | undefined; }'.
src/components/analysis/dicom/DicomBrowser.tsx(104,82): error TS2345: Argument of type 'DicomStudy' is not assignable to parameter of type 'Record<string, { Value?: (string | { Alphabetic?: string | undefined; })[] | undefined; }>'.
  'string' index signatures are incompatible.
    Type 'unknown' is not assignable to type '{ Value?: (string | { Alphabetic?: string | undefined; })[] | undefined; }'.
src/components/analysis/dicom/DicomBrowser.tsx(108,55): error TS2345: Argument of type 'DicomStudy' is not assignable to parameter of type 'Record<string, { Value?: (string | { Alphabetic?: string | undefined; })[] | undefined; }>'.
  'string' index signatures are incompatible.
    Type 'unknown' is not assignable to type '{ Value?: (string | { Alphabetic?: string | undefined; })[] | undefined; }'.
src/components/analysis/dicom/DicomBrowser.tsx(153,85): error TS2345: Argument of type 'DicomStudy' is not assignable to parameter of type 'Record<string, { Value?: (string | { Alphabetic?: string | undefined; })[] | undefined; }>'.
  'string' index signatures are incompatible.
    Type 'unknown' is not assignable to type '{ Value?: (string | { Alphabetic?: string | undefined; })[] | undefined; }'.
src/components/analysis/dicom/DicomBrowser.tsx(154,61): error TS2345: Argument of type 'DicomStudy' is not assignable to parameter of type 'Record<string, { Value?: (string | { Alphabetic?: string | undefined; })[] | undefined; }>'.
  'string' index signatures are incompatible.
    Type 'unknown' is not assignable to type '{ Value?: (string | { Alphabetic?: string | undefined; })[] | undefined; }'.
src/components/analysis/dicom/DicomBrowser.tsx(155,61): error TS2345: Argument of type 'DicomStudy' is not assignable to parameter of type 'Record<string, { Value?: (string | { Alphabetic?: string | undefined; })[] | undefined; }>'.
  'string' index signatures are incompatible.
    Type 'unknown' is not assignable to type '{ Value?: (string | { Alphabetic?: string | undefined; })[] | undefined; }'.
src/components/analysis/dicom/DicomBrowser.tsx(156,61): error TS2345: Argument of type 'DicomStudy' is not assignable to parameter of type 'Record<string, { Value?: (string | { Alphabetic?: string | undefined; })[] | undefined; }>'.
  'string' index signatures are incompatible.
    Type 'unknown' is not assignable to type '{ Value?: (string | { Alphabetic?: string | undefined; })[] | undefined; }'.
src/components/analysis/dicom/DicomBrowser.tsx(168,54): error TS2345: Argument of type 'Record<string, unknown>' is not assignable to parameter of type 'Record<string, { Value?: (string | { Alphabetic?: string | undefined; })[] | undefined; }>'.
  'string' index signatures are incompatible.
    Type 'unknown' is not assignable to type '{ Value?: (string | { Alphabetic?: string | undefined; })[] | undefined; }'.
src/components/analysis/dicom/DicomBrowser.tsx(169,50): error TS2345: Argument of type 'Record<string, unknown>' is not assignable to parameter of type 'Record<string, { Value?: (string | { Alphabetic?: string | undefined; })[] | undefined; }>'.
  'string' index signatures are incompatible.
    Type 'unknown' is not assignable to type '{ Value?: (string | { Alphabetic?: string | undefined; })[] | undefined; }'.
src/components/analysis/dicom/DicomBrowser.tsx(170,55): error TS2345: Argument of type 'Record<string, unknown>' is not assignable to parameter of type 'Record<string, { Value?: (string | { Alphabetic?: string | undefined; })[] | undefined; }>'.
  'string' index signatures are incompatible.
    Type 'unknown' is not assignable to type '{ Value?: (string | { Alphabetic?: string | undefined; })[] | undefined; }'.
src/components/analysis/dicom/DicomBrowser.tsx(171,49): error TS2345: Argument of type 'Record<string, unknown>' is not assignable to parameter of type 'Record<string, { Value?: (string | { Alphabetic?: string | undefined; })[] | undefined; }>'.
  'string' index signatures are incompatible.
    Type 'unknown' is not assignable to type '{ Value?: (string | { Alphabetic?: string | undefined; })[] | undefined; }'.
src/components/analysis/dynamic/DualVideoPlayer.tsx(6,10): error TS2305: Module '"@/utils/geometry"' has no exported member 'UnifiedLandmark'.
src/components/analysis/posture/ClinicalPostureAnalysis.tsx(8,10): error TS2305: Module '"@/utils/geometry"' has no exported member 'UnifiedLandmark'.
src/components/analysis/posture/LandmarkEditor.tsx(3,10): error TS2305: Module '"@/utils/geometry"' has no exported member 'UnifiedLandmark'.
src/components/analysis/posture/PoseAnalyzer.tsx(126,32): error TS2345: Argument of type 'PoseLandmark[]' is not assignable to parameter of type '{ x: number; y: number; z: number; }[]'.
  Type 'PoseLandmark' is not assignable to type '{ x: number; y: number; z: number; }'.
    Types of property 'z' are incompatible.
      Type 'number | undefined' is not assignable to type 'number'.
        Type 'undefined' is not assignable to type 'number'.
src/components/analysis/viewer/AnnotationLayer.tsx(129,52): error TS2322: Type 'number[] | undefined' is not assignable to type 'number[]'.
  Type 'undefined' is not assignable to type 'number[]'.
src/components/analysis/viewer/AnnotationLayer.tsx(141,61): error TS2322: Type 'number[] | undefined' is not assignable to type 'number[]'.
  Type 'undefined' is not assignable to type 'number[]'.
src/components/analysis/viewer/AssetViewer.tsx(45,29): error TS2345: Argument of type 'string | null | undefined' is not assignable to parameter of type 'string | null'.
  Type 'undefined' is not assignable to type 'string | null'.
src/components/auth/AuthProvider.tsx(114,32): error TS2322: Type '{ user: User | null; loading: boolean; signIn: (email: string, password: string) => Promise<{ error: AuthError; data?: undefined; } | { data: { user: User; session: Session; weakPassword?: WeakPassword; }; error?: undefined; }>; signUp: (email: string, password: string, userData?: Record<string, unknown>) => Promise...' is not assignable to type 'AuthContextType'.
  The types returned by 'signUp(...)' are incompatible between these types.
    Type 'Promise<{ error: AuthError; data?: undefined; } | { data: { user: User | null; session: Session | null; }; error?: undefined; }>' is not assignable to type 'Promise<{ data?: { user?: User | undefined; } | undefined; error?: { message: string; } | undefined; }>'.
      Type '{ error: AuthError; data?: undefined; } | { data: { user: User | null; session: Session | null; }; error?: undefined; }' is not assignable to type '{ data?: { user?: User | undefined; } | undefined; error?: { message: string; } | undefined; }'.
        Type '{ data: { user: User | null; session: Session | null; }; error?: undefined; }' is not assignable to type '{ data?: { user?: User | undefined; } | undefined; error?: { message: string; } | undefined; }'.
          The types of 'data.user' are incompatible between these types.
            Type 'User | null' is not assignable to type 'User | undefined'.
              Type 'null' is not assignable to type 'User | undefined'.
src/components/charts/LazyCharts.tsx(20,24): error TS2322: Type 'Promise<{ default: never; } | { default: typeof Bar; }>' is not assignable to type 'Promise<{ default: ComponentType<any>; }>'.
  Type '{ default: never; } | { default: typeof Bar; }' is not assignable to type '{ default: ComponentType<any>; }'.
    Type '{ default: typeof Bar; }' is not assignable to type '{ default: ComponentType<any>; }'.
      Types of property 'default' are incompatible.
        Type 'typeof Bar' is not assignable to type 'ComponentType<any>'.
          Type 'typeof Bar' is not assignable to type 'ComponentClass<any, any>'.
            Types of property 'getDerivedStateFromProps' are incompatible.
              Type '(nextProps: Props, prevState: State) => State' is not assignable to type 'GetDerivedStateFromProps<any, any>'.
                Types of parameters 'nextProps' and 'nextProps' are incompatible.
                  Type 'Readonly<any>' is not assignable to type 'Props'.
                    Property 'dataKey' is missing in type 'Readonly<any>' but required in type 'BarProps'.
src/components/charts/LazyCharts.tsx(21,25): error TS2322: Type 'Promise<{ default: never; } | { default: typeof Area; }>' is not assignable to type 'Promise<{ default: ComponentType<any>; }>'.
  Type '{ default: never; } | { default: typeof Area; }' is not assignable to type '{ default: ComponentType<any>; }'.
    Type '{ default: typeof Area; }' is not assignable to type '{ default: ComponentType<any>; }'.
      Types of property 'default' are incompatible.
        Type 'typeof Area' is not assignable to type 'ComponentType<any>'.
          Type 'typeof Area' is not assignable to type 'ComponentClass<any, any>'.
            Types of property 'getDerivedStateFromProps' are incompatible.
              Type '(nextProps: Props, prevState: State) => State' is not assignable to type 'GetDerivedStateFromProps<any, any>'.
                Types of parameters 'nextProps' and 'nextProps' are incompatible.
                  Type 'Readonly<any>' is not assignable to type 'Props'.
                    Property 'dataKey' is missing in type 'Readonly<any>' but required in type 'AreaProps'.
src/components/charts/LazyCharts.tsx(22,24): error TS2322: Type 'Promise<{ default: never; } | { default: typeof Pie; }>' is not assignable to type 'Promise<{ default: ComponentType<any>; }>'.
  Type '{ default: never; } | { default: typeof Pie; }' is not assignable to type '{ default: ComponentType<any>; }'.
    Type '{ default: typeof Pie; }' is not assignable to type '{ default: ComponentType<any>; }'.
      Types of property 'default' are incompatible.
        Type 'typeof Pie' is not assignable to type 'ComponentType<any>'.
          Type 'typeof Pie' is not assignable to type 'ComponentClass<any, any>'.
            Types of property 'getDerivedStateFromProps' are incompatible.
              Type '(nextProps: Props, prevState: State) => State' is not assignable to type 'GetDerivedStateFromProps<any, any>'.
                Types of parameters 'nextProps' and 'nextProps' are incompatible.
                  Type 'Readonly<any>' is not assignable to type 'Props'.
                    Property 'dataKey' is missing in type 'Readonly<any>' but required in type 'PieProps'.
src/components/charts/LazyCharts.tsx(23,26): error TS2322: Type 'Promise<{ default: never; } | { default: typeof Radar; }>' is not assignable to type 'Promise<{ default: ComponentType<any>; }>'.
  Type '{ default: never; } | { default: typeof Radar; }' is not assignable to type '{ default: ComponentType<any>; }'.
    Type '{ default: typeof Radar; }' is not assignable to type '{ default: ComponentType<any>; }'.
      Types of property 'default' are incompatible.
        Type 'typeof Radar' is not assignable to type 'ComponentType<any>'.
          Type 'typeof Radar' is not assignable to type 'ComponentClass<any, any>'.
            Types of property 'getDerivedStateFromProps' are incompatible.
              Type '(nextProps: Props, prevState: State) => State' is not assignable to type 'GetDerivedStateFromProps<any, any>'.
                Types of parameters 'nextProps' and 'nextProps' are incompatible.
                  Type 'Readonly<any>' is not assignable to type 'Props'.
                    Property 'dataKey' is missing in type 'Readonly<any>' but required in type 'RadarProps'.
src/components/charts/LazyCharts.tsx(128,3): error TS2305: Module '"recharts"' has no exported member 'LineChartProps'.
src/components/charts/LazyCharts.tsx(129,3): error TS2305: Module '"recharts"' has no exported member 'BarChartProps'.
src/components/charts/LazyCharts.tsx(130,3): error TS2305: Module '"recharts"' has no exported member 'AreaChartProps'.
src/components/charts/LazyCharts.tsx(131,3): error TS2305: Module '"recharts"' has no exported member 'PieChartProps'.
src/components/charts/LazyCharts.tsx(132,3): error TS2724: '"recharts"' has no exported member named 'RadarChartProps'. Did you mean 'RadarProps'?
src/components/chatbot/MedicalChatbot.tsx(89,35): error TS2345: Argument of type 'string | undefined' is not assignable to parameter of type '"text" | "appointment" | "exercise" | "quick_reply" | "medication" | "emergency"'.
  Type 'undefined' is not assignable to type '"text" | "appointment" | "exercise" | "quick_reply" | "medication" | "emergency"'.
src/components/chatbot/MedicalChatbot.tsx(91,22): error TS2339: Property 'metadata' does not exist on type '{ id?: string | undefined; content: string; type?: string | undefined; timestamp?: string | undefined; }'.
src/components/chatbot/MedicalChatbot.tsx(93,37): error TS2339: Property 'metadata' does not exist on type '{ id?: string | undefined; content: string; type?: string | undefined; timestamp?: string | undefined; }'.
src/components/chatbot/MedicalChatbot.tsx(104,31): error TS2345: Argument of type 'string | undefined' is not assignable to parameter of type 'Date'.
  Type 'undefined' is not assignable to type 'Date'.
src/components/chatbot/MedicalChatbot.tsx(108,20): error TS2339: Property 'metadata' does not exist on type '{ id?: string | undefined; content: string; type?: string | undefined; timestamp?: string | undefined; }'.
src/components/chatbot/MedicalChatbot.tsx(108,53): error TS2339: Property 'metadata' does not exist on type '{ id?: string | undefined; content: string; type?: string | undefined; timestamp?: string | undefined; }'.
src/components/chatbot/MedicalChatbot.tsx(111,24): error TS2339: Property 'metadata' does not exist on type '{ id?: string | undefined; content: string; type?: string | undefined; timestamp?: string | undefined; }'.
src/components/chatbot/MedicalChatbot.tsx(468,41): error TS2304: Cannot find name 'showFrequentQuestions'.
src/components/chatbot/MedicalChatbot.tsx(492,19): error TS2322: Type 'ChatMessage' is not assignable to type '{ id?: string | undefined; content: string; type?: string | undefined; timestamp?: string | undefined; }'.
  Types of property 'timestamp' are incompatible.
    Type 'Date' is not assignable to type 'string'.
src/components/clinical/ClinicalTestFormModal.tsx(65,19): error TS2339: Property 'organizationId' does not exist on type 'AuthContextType'.
src/components/clinical/StandardFormsManager.tsx(153,11): error TS2322: Type '{ tipo_campo: string; label: string; placeholder: string; opcoes: string[] | undefined; ordem: number; obrigatorio: boolean; grupo: string; descricao: any; minimo: any; maximo: any; }[]' is not assignable to type 'EvaluationFormFieldFormData[]'.
  Type '{ tipo_campo: string; label: string; placeholder: string; opcoes: string[] | undefined; ordem: number; obrigatorio: boolean; grupo: string; descricao: any; minimo: any; maximo: any; }' is not assignable to type 'EvaluationFormFieldFormData'.
    Types of property 'tipo_campo' are incompatible.
      Type 'string' is not assignable to type 'ClinicalFieldType'.
src/components/clinical/StandardFormsManager.tsx(161,20): error TS2339: Property 'descricao' does not exist on type '{ rotulo: string; pergunta: string; tipo_campo: string; secao: string; ordem: number; obrigatorio: boolean; minimo?: undefined; maximo?: undefined; opcoes?: undefined; } | { rotulo: string; pergunta: string; ... 6 more ...; opcoes: string[]; } | { ...; } | { ...; } | { ...; } | { ...; }'.
  Property 'descricao' does not exist on type '{ rotulo: string; pergunta: string; tipo_campo: string; secao: string; ordem: number; obrigatorio: boolean; minimo?: undefined; maximo?: undefined; opcoes?: undefined; }'.
src/components/clinical/StandardFormsManager.tsx(162,17): error TS2339: Property 'minimo' does not exist on type '{ rotulo: string; pergunta: string; tipo_campo: string; secao: string; ordem: number; obrigatorio: boolean; minimo?: undefined; maximo?: undefined; opcoes?: undefined; } | { rotulo: string; pergunta: string; ... 6 more ...; opcoes: string[]; } | { ...; } | { ...; } | { ...; } | { ...; }'.
  Property 'minimo' does not exist on type '{ rotulo: string; pergunta: string; tipo_campo: string; secao: string; ordem: number; obrigatorio: boolean; descricao: string; opcoes?: undefined; }'.
src/components/clinical/StandardFormsManager.tsx(163,17): error TS2339: Property 'maximo' does not exist on type '{ rotulo: string; pergunta: string; tipo_campo: string; secao: string; ordem: number; obrigatorio: boolean; minimo?: undefined; maximo?: undefined; opcoes?: undefined; } | { rotulo: string; pergunta: string; ... 6 more ...; opcoes: string[]; } | { ...; } | { ...; } | { ...; } | { ...; }'.
  Property 'maximo' does not exist on type '{ rotulo: string; pergunta: string; tipo_campo: string; secao: string; ordem: number; obrigatorio: boolean; descricao: string; opcoes?: undefined; }'.
src/components/common/LoadingBoundary.tsx(92,10): error TS2322: Type 'P' is not assignable to type 'IntrinsicAttributes & ((PropsWithoutRef<P> & RefAttributes<Component<P, any, any>>) | PropsWithRef<P>)'.
  Type 'object' is not assignable to type 'IntrinsicAttributes & ((PropsWithoutRef<P> & RefAttributes<Component<P, any, any>>) | PropsWithRef<P>)'.
    Type 'P' is not assignable to type 'IntrinsicAttributes & PropsWithRef<P>'.
      Type 'object' is not assignable to type 'IntrinsicAttributes & PropsWithRef<P>'.
        Type 'object' is not assignable to type 'PropsWithRef<P>'.
          Type 'P' is not assignable to type 'PropsWithRef<P>'.
            Type 'object' is not assignable to type 'PropsWithRef<P>'.
src/components/common/LoadingBoundary.tsx(191,12): error TS2322: Type 'P' is not assignable to type 'IntrinsicAttributes & ((PropsWithoutRef<P> & RefAttributes<Component<P, any, any>>) | PropsWithRef<P>)'.
  Type 'object' is not assignable to type 'IntrinsicAttributes & ((PropsWithoutRef<P> & RefAttributes<Component<P, any, any>>) | PropsWithRef<P>)'.
    Type 'P' is not assignable to type 'IntrinsicAttributes & PropsWithRef<P>'.
      Type 'object' is not assignable to type 'IntrinsicAttributes & PropsWithRef<P>'.
        Type 'object' is not assignable to type 'PropsWithRef<P>'.
          Type 'P' is not assignable to type 'PropsWithRef<P>'.
            Type 'object' is not assignable to type 'PropsWithRef<P>'.
src/components/computer-vision/ComputerVisionExercise.tsx(24,52): error TS2345: Argument of type 'string' is not assignable to parameter of type '"form" | "range" | "timing" | "safety"'.
src/components/computer-vision/ComputerVisionExercise.tsx(51,77): error TS2339: Property 'averageForm' does not exist on type '{ totalRepetitions?: number | undefined; formScore?: number | undefined; }'.
src/components/computer-vision/ComputerVisionExercise.tsx(52,21): error TS2339: Property 'averageForm' does not exist on type '{ totalRepetitions?: number | undefined; formScore?: number | undefined; }'.
src/components/computer-vision/ComputerVisionExercise.tsx(61,72): error TS2339: Property 'caloriesBurned' does not exist on type '{ totalRepetitions?: number | undefined; formScore?: number | undefined; }'.
src/components/computer-vision/ComputerVisionExercise.tsx(191,15): error TS2322: Type 'unknown' is not assignable to type 'string | number | readonly string[] | undefined'.
src/components/computer-vision/ComputerVisionExercise.tsx(204,15): error TS2322: Type 'unknown' is not assignable to type 'string | number | readonly string[] | undefined'.
src/components/computer-vision/ComputerVisionExercise.tsx(218,17): error TS2322: Type 'unknown' is not assignable to type 'boolean | undefined'.
src/components/computer-vision/ComputerVisionExercise.tsx(228,17): error TS2322: Type 'unknown' is not assignable to type 'boolean | undefined'.
src/components/computer-vision/ComputerVisionExercise.tsx(238,17): error TS2322: Type 'unknown' is not assignable to type 'boolean | undefined'.
src/components/computer-vision/ComputerVisionExercise.tsx(248,17): error TS2322: Type 'unknown' is not assignable to type 'boolean | undefined'.
src/components/computer-vision/ComputerVisionExercise.tsx(258,17): error TS2322: Type 'unknown' is not assignable to type 'boolean | undefined'.
src/components/computer-vision/ComputerVisionExercise.tsx(635,9): error TS2322: Type 'VisionSettings' is not assignable to type 'Record<string, unknown>'.
  Index signature for type 'string' is missing in type 'VisionSettings'.
src/components/computer-vision/ComputerVisionExercise.tsx(636,9): error TS2322: Type 'Dispatch<SetStateAction<VisionSettings>>' is not assignable to type '(settings: Record<string, unknown>) => void'.
  Types of parameters 'value' and 'settings' are incompatible.
    Type 'Record<string, unknown>' is not assignable to type 'SetStateAction<VisionSettings>'.
      Type 'Record<string, unknown>' is missing the following properties from type 'VisionSettings': modelAccuracy, detectionThreshold, trackingSmoothing, feedbackSensitivity, and 5 more.
src/components/crm/CRMAutomacoes.tsx(68,38): error TS2345: Argument of type '{ ativo: false; nome: string; descricao: string; tipo: TipoAutomacao; canal: CanalAutomacao; template_mensagem: string; gatilho_config: GatilhoConfig; }' is not assignable to parameter of type 'Partial<CRMAutomacao>'.
  Types of property 'gatilho_config' are incompatible.
    Type 'GatilhoConfig' is not assignable to type 'Record<string, unknown>'.
      Index signature for type 'string' is missing in type 'GatilhoConfig'.
src/components/crm/CRMTarefas.tsx(64,38): error TS2345: Argument of type 'Record<string, unknown>' is not assignable to parameter of type 'Omit<CRMTarefa, "id" | "created_at" | "concluida_em">'.
  Type 'Record<string, unknown>' is missing the following properties from type 'Omit<CRMTarefa, "id" | "created_at" | "concluida_em">': status, tipo, descricao, titulo, and 5 more.
src/components/crm/LeadFunnel.tsx(113,30): error TS2304: Cannot find name 'TrendingDown'.
src/components/crm/LeadImport.tsx(43,15): error TS2322: Type '{ nome: {}; telefone: {}; email: {}; origem: {}; interesse: {}; valid: boolean; errors: string[]; }[]' is not assignable to type 'LeadPreview[]'.
  Type '{ nome: {}; telefone: {}; email: {}; origem: {}; interesse: {}; valid: boolean; errors: string[]; }' is not assignable to type 'LeadPreview'.
    Types of property 'nome' are incompatible.
      Type '{}' is not assignable to type 'string'.
src/components/crm/LeadScoring.tsx(30,31): error TS2339: Property '_leadId' does not exist on type 'LeadScoringProps'.
src/components/crm/LeadScoring.tsx(68,26): error TS2769: No overload matches this call.
  Overload 1 of 2, '(predicate: (value: { [x: string]: any; leads: SelectQueryError<"could not find the relation between lead_scores and leads">; }, index: number, array: { [x: string]: any; leads: SelectQueryError<...>; }[]) => value is { ...; }, thisArg?: any): { ...; }[]', gave the following error.
    Argument of type '(s: { tier: string; }) => boolean' is not assignable to parameter of type '(value: { [x: string]: any; leads: SelectQueryError<"could not find the relation between lead_scores and leads">; }, index: number, array: { [x: string]: any; leads: SelectQueryError<...>; }[]) => value is { ...; }'.
      Types of parameters 's' and 'value' are incompatible.
        Property 'tier' is missing in type '{ [x: string]: any; leads: SelectQueryError<"could not find the relation between lead_scores and leads">; }' but required in type '{ tier: string; }'.
  Overload 2 of 2, '(predicate: (value: { [x: string]: any; leads: SelectQueryError<"could not find the relation between lead_scores and leads">; }, index: number, array: { [x: string]: any; leads: SelectQueryError<...>; }[]) => unknown, thisArg?: any): { ...; }[]', gave the following error.
    Argument of type '(s: { tier: string; }) => boolean' is not assignable to parameter of type '(value: { [x: string]: any; leads: SelectQueryError<"could not find the relation between lead_scores and leads">; }, index: number, array: { [x: string]: any; leads: SelectQueryError<...>; }[]) => unknown'.
      Types of parameters 's' and 'value' are incompatible.
        Property 'tier' is missing in type '{ [x: string]: any; leads: SelectQueryError<"could not find the relation between lead_scores and leads">; }' but required in type '{ tier: string; }'.
src/components/crm/LeadScoring.tsx(69,27): error TS2769: No overload matches this call.
  Overload 1 of 2, '(predicate: (value: { [x: string]: any; leads: SelectQueryError<"could not find the relation between lead_scores and leads">; }, index: number, array: { [x: string]: any; leads: SelectQueryError<...>; }[]) => value is { ...; }, thisArg?: any): { ...; }[]', gave the following error.
    Argument of type '(s: { tier: string; }) => boolean' is not assignable to parameter of type '(value: { [x: string]: any; leads: SelectQueryError<"could not find the relation between lead_scores and leads">; }, index: number, array: { [x: string]: any; leads: SelectQueryError<...>; }[]) => value is { ...; }'.
      Types of parameters 's' and 'value' are incompatible.
        Property 'tier' is missing in type '{ [x: string]: any; leads: SelectQueryError<"could not find the relation between lead_scores and leads">; }' but required in type '{ tier: string; }'.
  Overload 2 of 2, '(predicate: (value: { [x: string]: any; leads: SelectQueryError<"could not find the relation between lead_scores and leads">; }, index: number, array: { [x: string]: any; leads: SelectQueryError<...>; }[]) => unknown, thisArg?: any): { ...; }[]', gave the following error.
    Argument of type '(s: { tier: string; }) => boolean' is not assignable to parameter of type '(value: { [x: string]: any; leads: SelectQueryError<"could not find the relation between lead_scores and leads">; }, index: number, array: { [x: string]: any; leads: SelectQueryError<...>; }[]) => unknown'.
      Types of parameters 's' and 'value' are incompatible.
        Property 'tier' is missing in type '{ [x: string]: any; leads: SelectQueryError<"could not find the relation between lead_scores and leads">; }' but required in type '{ tier: string; }'.
src/components/crm/LeadScoring.tsx(70,27): error TS2769: No overload matches this call.
  Overload 1 of 2, '(predicate: (value: { [x: string]: any; leads: SelectQueryError<"could not find the relation between lead_scores and leads">; }, index: number, array: { [x: string]: any; leads: SelectQueryError<...>; }[]) => value is { ...; }, thisArg?: any): { ...; }[]', gave the following error.
    Argument of type '(s: { tier: string; }) => boolean' is not assignable to parameter of type '(value: { [x: string]: any; leads: SelectQueryError<"could not find the relation between lead_scores and leads">; }, index: number, array: { [x: string]: any; leads: SelectQueryError<...>; }[]) => value is { ...; }'.
      Types of parameters 's' and 'value' are incompatible.
        Property 'tier' is missing in type '{ [x: string]: any; leads: SelectQueryError<"could not find the relation between lead_scores and leads">; }' but required in type '{ tier: string; }'.
  Overload 2 of 2, '(predicate: (value: { [x: string]: any; leads: SelectQueryError<"could not find the relation between lead_scores and leads">; }, index: number, array: { [x: string]: any; leads: SelectQueryError<...>; }[]) => unknown, thisArg?: any): { ...; }[]', gave the following error.
    Argument of type '(s: { tier: string; }) => boolean' is not assignable to parameter of type '(value: { [x: string]: any; leads: SelectQueryError<"could not find the relation between lead_scores and leads">; }, index: number, array: { [x: string]: any; leads: SelectQueryError<...>; }[]) => unknown'.
      Types of parameters 's' and 'value' are incompatible.
        Property 'tier' is missing in type '{ [x: string]: any; leads: SelectQueryError<"could not find the relation between lead_scores and leads">; }' but required in type '{ tier: string; }'.
src/components/crm/LeadScoring.tsx(71,28): error TS2362: The left-hand side of an arithmetic operation must be of type 'any', 'number', 'bigint' or an enum type.
src/components/crm/LeadScoring.tsx(71,42): error TS2769: No overload matches this call.
  Overload 1 of 3, '(callbackfn: (previousValue: { [x: string]: any; leads: SelectQueryError<"could not find the relation between lead_scores and leads">; }, currentValue: { [x: string]: any; leads: SelectQueryError<"could not find the relation between lead_scores and leads">; }, currentIndex: number, array: { ...; }[]) => { ...; }, initialValue: { ...; }): { ...; }', gave the following error.
    Argument of type '(acc: number, s: { total_score: number; }) => number' is not assignable to parameter of type '(previousValue: { [x: string]: any; leads: SelectQueryError<"could not find the relation between lead_scores and leads">; }, currentValue: { [x: string]: any; leads: SelectQueryError<"could not find the relation between lead_scores and leads">; }, currentIndex: number, array: { ...; }[]) => { ...; }'.
      Types of parameters 'acc' and 'previousValue' are incompatible.
        Type '{ [x: string]: any; leads: SelectQueryError<"could not find the relation between lead_scores and leads">; }' is not assignable to type 'number'.
  Overload 2 of 3, '(callbackfn: (previousValue: number, currentValue: { [x: string]: any; leads: SelectQueryError<"could not find the relation between lead_scores and leads">; }, currentIndex: number, array: { ...; }[]) => number, initialValue: number): number', gave the following error.
    Argument of type '(acc: number, s: { total_score: number; }) => number' is not assignable to parameter of type '(previousValue: number, currentValue: { [x: string]: any; leads: SelectQueryError<"could not find the relation between lead_scores and leads">; }, currentIndex: number, array: { ...; }[]) => number'.
      Types of parameters 's' and 'currentValue' are incompatible.
        Property 'total_score' is missing in type '{ [x: string]: any; leads: SelectQueryError<"could not find the relation between lead_scores and leads">; }' but required in type '{ total_score: number; }'.
src/components/crm/LeadScoring.tsx(85,5): error TS2588: Cannot assign to 'activeTab' because it is a constant.
src/components/crm/LeadScoring.tsx(101,48): error TS2554: Expected 1-2 arguments, but got 0.
src/components/crm/LeadScoring.tsx(231,23): error TS2352: Conversion of type '{ [x: string]: any; leads: SelectQueryError<"could not find the relation between lead_scores and leads">; }[]' to type '{ id: string; leads?: { name: string; } | null | undefined; total_score: number; engagement_score: number; demographic_score: number; behavioral_score: number; tier: string; factors?: { length: number; } | undefined; }[]' may be a mistake because neither type sufficiently overlaps with the other. If this was intentional, convert the expression to 'unknown' first.
  Type '{ [x: string]: any; leads: SelectQueryError<"could not find the relation between lead_scores and leads">; }' is missing the following properties from type '{ id: string; leads?: { name: string; } | null | undefined; total_score: number; engagement_score: number; demographic_score: number; behavioral_score: number; tier: string; factors?: { length: number; } | undefined; }': id, total_score, engagement_score, demographic_score, and 2 more.
src/components/crm/WhatsAppIntegration.tsx(317,32): error TS2304: Cannot find name 'nome'.
src/components/crm/WhatsAppIntegration.tsx(317,61): error TS2304: Cannot find name 'data'.
src/components/crm/WhatsAppIntegration.tsx(317,71): error TS2304: Cannot find name 'hora'.
src/components/crm/WhatsAppIntegration.tsx(318,46): error TS2304: Cannot find name 'clinica'.
src/components/crm/WhatsAppIntegration.tsx(337,32): error TS2304: Cannot find name 'nome'.
src/components/crm/WhatsAppIntegration.tsx(338,40): error TS2304: Cannot find name 'hora'.
src/components/crm/WhatsAppIntegration.tsx(357,32): error TS2304: Cannot find name 'nome'.
src/components/crm/WhatsAppIntegration.tsx(357,52): error TS2304: Cannot find name 'clinica'.
src/components/crm/WhatsAppIntegration.tsx(377,32): error TS2304: Cannot find name 'nome'.
src/components/dashboard/AdminDashboard.tsx(537,24): error TS18048: 'metrics.taxaOcupacao' is possibly 'undefined'.
src/components/dashboard/AdminDashboard.tsx(537,72): error TS18048: 'metrics.taxaOcupacao' is possibly 'undefined'.
src/components/dashboard/LiveAppointmentsFeed.tsx(104,39): error TS2339: Property 'patient' does not exist on type 'Appointment'.
src/components/dashboard/PatientDashboard.tsx(60,31): error TS2345: Argument of type 'Appointment[]' is not assignable to parameter of type 'SetStateAction<number>'.
src/components/dashboard/PatientDashboard.tsx(61,25): error TS2345: Argument of type '{ date: string; value: number; }[]' is not assignable to parameter of type 'SetStateAction<number>'.
src/components/dashboard/PatientDashboard.tsx(119,11): error TS2322: Type 'string' is not assignable to type 'boolean | undefined'.
src/components/dashboard/PatientDashboard.tsx(128,11): error TS2322: Type 'string' is not assignable to type 'boolean | undefined'.
src/components/dashboard/PatientDashboard.tsx(136,18): error TS2304: Cannot find name 'TrendingUp'.
src/components/dashboard/PatientDashboard.tsx(137,11): error TS2322: Type 'string' is not assignable to type 'boolean | undefined'.
src/components/dashboard/PatientDashboard.tsx(146,11): error TS2322: Type 'string' is not assignable to type 'boolean | undefined'.
src/components/dashboard/PatientDashboard.tsx(205,17): error TS2322: Type '{ date: string; value: number; }[]' is not assignable to type 'ChartDataPoint[]'.
  Property 'name' is missing in type '{ date: string; value: number; }' but required in type 'ChartDataPoint'.
src/components/dashboard/RecentPatients.tsx(39,10): error TS2349: This expression is not callable.
  Type 'Patient[]' has no call signatures.
src/components/dashboard/RecentPatients.tsx(44,11): error TS2349: This expression is not callable.
  Type 'Patient[]' has no call signatures.
src/components/dashboard/RecentPatients.tsx(44,33): error TS7006: Parameter 'patient' implicitly has an 'any' type.
src/components/dashboard/TherapistDashboard.tsx(161,23): error TS2345: Argument of type '{ name: string; value: number; }[]' is not assignable to parameter of type 'SetStateAction<never[]>'.
  Type '{ name: string; value: number; }[]' is not assignable to type 'never[]'.
    Type '{ name: string; value: number; }' is not assignable to type 'never'.
src/components/dashboard/UpcomingAppointments.tsx(18,38): error TS2339: Property 'split' does not exist on type 'never'.
src/components/dashboard/UpcomingAppointments.tsx(27,36): error TS2339: Property 'split' does not exist on type 'never'.
src/components/dashboard/UpcomingAppointments.tsx(33,36): error TS2339: Property 'split' does not exist on type 'never'.
src/components/dashboard/UpcomingAppointments.tsx(97,62): error TS2339: Property 'split' does not exist on type 'never'.
src/components/error-handling/ErrorBoundary.tsx(61,43): error TS2352: Conversion of type 'Window & typeof globalThis' to type 'Record<string, unknown>' may be a mistake because neither type sufficiently overlaps with the other. If this was intentional, convert the expression to 'unknown' first.
  Index signature for type 'string' is missing in type 'Window & typeof globalThis'.
src/components/error-handling/ErrorBoundary.tsx(62,8): error TS2352: Conversion of type 'Window & typeof globalThis' to type 'Record<string, unknown>' may be a mistake because neither type sufficiently overlaps with the other. If this was intentional, convert the expression to 'unknown' first.
  Index signature for type 'string' is missing in type 'Window & typeof globalThis'.
src/components/error-handling/ErrorBoundary.tsx(62,51): error TS2339: Property 'captureException' does not exist on type '{}'.
src/components/error-handling/QueryErrorBoundary.tsx(18,8): error TS2786: 'Query' cannot be used as a JSX component.
  Its type 'typeof Query' is not a valid JSX element type.
    Types of construct signatures are incompatible.
      Type 'new <TQueryFnData = unknown, TError = Error, TData = TQueryFnData, TQueryKey extends QueryKey = readonly unknown[]>(config: QueryConfig<TQueryFnData, TError, TData, TQueryKey>) => Query<...>' is not assignable to type 'new (props: any, deprecatedLegacyContext?: any) => Component<any, any, any>'.
        Type 'Query<unknown, Error, unknown, readonly unknown[]>' is missing the following properties from type 'Component<any, any, any>': context, forceUpdate, render, props, refs
src/components/error-handling/QueryErrorBoundary.tsx(19,13): error TS7031: Binding element 'query' implicitly has an 'any' type.
src/components/error-handling/SmallErrorBoundary.tsx(19,14): error TS2304: Cannot find name 'ComponentType'.
src/components/error-handling/index.ts(7,3): error TS2459: Module '"./SmallErrorBoundary"' declares 'SmallErrorFallback' locally, but it is not exported.
src/components/evaluation/EvaluationTemplateSelector.tsx(127,58): error TS2339: Property 'map' does not exist on type 'SelectQueryError<"could not find the relation between evaluation_forms and evaluation_form_fields">'.
src/components/eventos/FinanceiroTab.tsx(320,9): error TS2322: Type 'Record<string, unknown> | null' is not assignable to type '{ id: string; pago_em: string; } | null | undefined'.
  Type 'Record<string, unknown>' is missing the following properties from type '{ id: string; pago_em: string; }': id, pago_em
src/components/eventos/ParticipantesTab.tsx(85,20): error TS2339: Property 'contato' does not exist on type '{ id: any; evento_id: any; nome: any; email: any; telefone: any; status: any; confirmado: any; created_at: any; updated_at: any; }'.
src/components/eventos/ParticipantesTab.tsx(86,22): error TS2339: Property 'instagram' does not exist on type '{ id: any; evento_id: any; nome: any; email: any; telefone: any; status: any; confirmado: any; created_at: any; updated_at: any; }'.
src/components/eventos/ParticipantesTab.tsx(87,25): error TS2339: Property 'segue_perfil' does not exist on type '{ id: any; evento_id: any; nome: any; email: any; telefone: any; status: any; confirmado: any; created_at: any; updated_at: any; }'.
src/components/eventos/ParticipantesTab.tsx(88,24): error TS2339: Property 'observacoes' does not exist on type '{ id: any; evento_id: any; nome: any; email: any; telefone: any; status: any; confirmado: any; created_at: any; updated_at: any; }'.
src/components/eventos/ParticipantesTab.tsx(99,52): error TS2339: Property 'segue_perfil' does not exist on type '{ id: any; evento_id: any; nome: any; email: any; telefone: any; status: any; confirmado: any; created_at: any; updated_at: any; }'.
src/components/eventos/ParticipantesTab.tsx(210,44): error TS2339: Property 'contato' does not exist on type '{ id: any; evento_id: any; nome: any; email: any; telefone: any; status: any; confirmado: any; created_at: any; updated_at: any; }'.
src/components/eventos/ParticipantesTab.tsx(211,44): error TS2339: Property 'instagram' does not exist on type '{ id: any; evento_id: any; nome: any; email: any; telefone: any; status: any; confirmado: any; created_at: any; updated_at: any; }'.
src/components/eventos/ParticipantesTab.tsx(213,50): error TS2339: Property 'segue_perfil' does not exist on type '{ id: any; evento_id: any; nome: any; email: any; telefone: any; status: any; confirmado: any; created_at: any; updated_at: any; }'.
src/components/eventos/ParticipantesTab.tsx(214,37): error TS2339: Property 'segue_perfil' does not exist on type '{ id: any; evento_id: any; nome: any; email: any; telefone: any; status: any; confirmado: any; created_at: any; updated_at: any; }'.
src/components/eventos/ParticipantesTab.tsx(218,35): error TS2339: Property 'observacoes' does not exist on type '{ id: any; evento_id: any; nome: any; email: any; telefone: any; status: any; confirmado: any; created_at: any; updated_at: any; }'.
src/components/evolution/AddConductModal.tsx(86,46): error TS2304: Cannot find name 'ConductFormData'.
src/components/evolution/EvolutionDraggableGrid.tsx(351,59): error TS2339: Property 'i' does not exist on type 'Layout'.
src/components/evolution/EvolutionDraggableGrid.tsx(354,38): error TS2339: Property 'h' does not exist on type 'Layout'.
src/components/evolution/EvolutionDraggableGrid.tsx(356,30): error TS2339: Property 'i' does not exist on type 'Layout'.
src/components/evolution/EvolutionDraggableGrid.tsx(475,30): error TS2345: Argument of type '{ i: string; w: number; h: number; x: number; y: number; minW: number | undefined; minH: number | undefined; }[]' is not assignable to parameter of type 'SetStateAction<Layout[]>'.
  Type '{ i: string; w: number; h: number; x: number; y: number; minW: number | undefined; minH: number | undefined; }[]' is not assignable to type 'Layout[]'.
    Type '{ i: string; w: number; h: number; x: number; y: number; minW: number | undefined; minH: number | undefined; }' is missing the following properties from type 'readonly LayoutItem[]': length, concat, join, slice, and 20 more.
src/components/evolution/EvolutionDraggableGrid.tsx(690,59): error TS2769: No overload matches this call.
  Overload 1 of 4, '(value: string | number | Date): Date', gave the following error.
    Argument of type 'string | undefined' is not assignable to parameter of type 'string | number | Date'.
      Type 'undefined' is not assignable to type 'string | number | Date'.
  Overload 2 of 4, '(value: string | number): Date', gave the following error.
    Argument of type 'string | undefined' is not assignable to parameter of type 'string | number'.
      Type 'undefined' is not assignable to type 'string | number'.
src/components/evolution/EvolutionDraggableGrid.tsx(732,55): error TS18048: 'evolution.subjective.length' is possibly 'undefined'.
src/components/evolution/EvolutionDraggableGrid.tsx(732,92): error TS18048: 'evolution.objective.length' is possibly 'undefined'.
src/components/evolution/EvolutionDraggableGrid.tsx(913,25): error TS2322: Type '(layout: Layout[]) => void' is not assignable to type '(layout: Layout) => void'.
  Types of parameters 'layout' and 'layout' are incompatible.
    The type 'Layout' is 'readonly' and cannot be assigned to the mutable type 'Layout[]'.
src/components/evolution/EvolutionTimeline.tsx(211,14): error TS2769: No overload matches this call.
  Overload 1 of 4, '(value: string | number | Date): Date', gave the following error.
    Argument of type 'unknown' is not assignable to parameter of type 'string | number | Date'.
  Overload 2 of 4, '(value: string | number): Date', gave the following error.
    Argument of type 'unknown' is not assignable to parameter of type 'string | number'.
src/components/evolution/EvolutionTimeline.tsx(553,73): error TS2322: Type 'unknown' is not assignable to type 'ReactNode'.
src/components/evolution/EvolutionTimeline.tsx(554,35): error TS2322: Type 'unknown' is not assignable to type 'ReactNode'.
src/components/evolution/EvolutionTimeline.tsx(555,87): error TS2322: Type '{}' is not assignable to type 'ReactNode'.
src/components/evolution/EvolutionTimeline.tsx(558,37): error TS2322: Type 'unknown' is not assignable to type 'ReactNode'.
src/components/evolution/EvolutionTimeline.tsx(560,41): error TS2322: Type '{}' is not assignable to type 'ReactNode'.
src/components/evolution/EvolutionTimeline.tsx(563,37): error TS2322: Type 'unknown' is not assignable to type 'ReactNode'.
src/components/evolution/EvolutionTimeline.tsx(565,41): error TS2322: Type '{}' is not assignable to type 'ReactNode'.
src/components/evolution/EvolutionTimeline.tsx(568,37): error TS2322: Type 'unknown' is not assignable to type 'ReactNode'.
src/components/evolution/EvolutionTimeline.tsx(570,41): error TS2322: Type '{}' is not assignable to type 'ReactNode'.
src/components/evolution/EvolutionTimeline.tsx(601,79): error TS2322: Type 'unknown' is not assignable to type 'ReactNode'.
src/components/evolution/EvolutionTimeline.tsx(604,31): error TS2322: Type 'unknown' is not assignable to type 'ReactNode'.
src/components/evolution/EvolutionTimeline.tsx(604,115): error TS2322: Type '{}' is not assignable to type 'ReactNode'.
src/components/evolution/EvolutionTimeline.tsx(606,29): error TS2322: Type 'unknown' is not assignable to type 'ReactNode'.
src/components/evolution/EvolutionTimeline.tsx(608,33): error TS2322: Type '{}' is not assignable to type 'ReactNode'.
src/components/evolution/EvolutionTimeline.tsx(632,56): error TS2345: Argument of type 'unknown' is not assignable to parameter of type 'string | URL | undefined'.
src/components/evolution/EvolutionTimeline.tsx(641,35): error TS2322: Type '{}' is not assignable to type 'string'.
src/components/evolution/EvolutionTimeline.tsx(642,35): error TS2322: Type 'unknown' is not assignable to type 'string | undefined'.
src/components/evolution/EvolutionTimeline.tsx(655,29): error TS2322: Type 'unknown' is not assignable to type 'ReactNode'.
src/components/evolution/EvolutionTimeline.tsx(657,33): error TS2322: Type '{}' is not assignable to type 'ReactNode'.
src/components/evolution/EvolutionTimeline.tsx(776,9): error TS2322: Type 'PatientSurgery' is not assignable to type 'Record<string, unknown>'.
  Index signature for type 'string' is missing in type 'PatientSurgery'.
src/components/evolution/EvolutionTimeline.tsx(811,9): error TS2322: Type 'PatientPathology' is not assignable to type 'Record<string, unknown>'.
  Index signature for type 'string' is missing in type 'PatientPathology'.
src/components/evolution/EvolutionTimeline.tsx(823,9): error TS2322: Type 'EvolutionMeasurement' is not assignable to type 'Record<string, unknown>'.
  Index signature for type 'string' is missing in type 'EvolutionMeasurement'.
src/components/evolution/EvolutionTimeline.tsx(835,9): error TS2322: Type 'SessionAttachment' is not assignable to type 'Record<string, unknown>'.
  Index signature for type 'string' is missing in type 'SessionAttachment'.
src/components/evolution/EvolutionTimeline.tsx(1225,80): error TS2352: Conversion of type 'Record<string, unknown>' to type 'SoapRecord' may be a mistake because neither type sufficiently overlaps with the other. If this was intentional, convert the expression to 'unknown' first.
  Type 'Record<string, unknown>' is missing the following properties from type 'SoapRecord': id, patient_id, status, record_date, and 3 more.
src/components/evolution/EvolutionTimeline.tsx(1230,51): error TS2352: Conversion of type 'Record<string, unknown>' to type 'SoapRecord' may be a mistake because neither type sufficiently overlaps with the other. If this was intentional, convert the expression to 'unknown' first.
  Type 'Record<string, unknown>' is missing the following properties from type 'SoapRecord': id, patient_id, status, record_date, and 3 more.
src/components/evolution/EvolutionTimeline.tsx(1234,45): error TS2352: Conversion of type 'Record<string, unknown>' to type 'SoapRecord' may be a mistake because neither type sufficiently overlaps with the other. If this was intentional, convert the expression to 'unknown' first.
  Type 'Record<string, unknown>' is missing the following properties from type 'SoapRecord': id, patient_id, status, record_date, and 3 more.
src/components/evolution/EvolutionTimeline.tsx(1237,79): error TS2352: Conversion of type 'Record<string, unknown>' to type 'SoapRecord' may be a mistake because neither type sufficiently overlaps with the other. If this was intentional, convert the expression to 'unknown' first.
  Type 'Record<string, unknown>' is missing the following properties from type 'SoapRecord': id, patient_id, status, record_date, and 3 more.
src/components/evolution/EvolutionTimeline.tsx(1242,46): error TS2352: Conversion of type 'Record<string, unknown>' to type 'SoapRecord' may be a mistake because neither type sufficiently overlaps with the other. If this was intentional, convert the expression to 'unknown' first.
  Type 'Record<string, unknown>' is missing the following properties from type 'SoapRecord': id, patient_id, status, record_date, and 3 more.
src/components/evolution/EvolutionTimeline.tsx(1243,46): error TS2352: Conversion of type 'Record<string, unknown>' to type 'SoapRecord' may be a mistake because neither type sufficiently overlaps with the other. If this was intentional, convert the expression to 'unknown' first.
  Type 'Record<string, unknown>' is missing the following properties from type 'SoapRecord': id, patient_id, status, record_date, and 3 more.
src/components/evolution/EvolutionTimeline.tsx(1244,46): error TS2352: Conversion of type 'Record<string, unknown>' to type 'SoapRecord' may be a mistake because neither type sufficiently overlaps with the other. If this was intentional, convert the expression to 'unknown' first.
  Type 'Record<string, unknown>' is missing the following properties from type 'SoapRecord': id, patient_id, status, record_date, and 3 more.
src/components/evolution/EvolutionTimeline.tsx(1245,46): error TS2352: Conversion of type 'Record<string, unknown>' to type 'SoapRecord' may be a mistake because neither type sufficiently overlaps with the other. If this was intentional, convert the expression to 'unknown' first.
  Type 'Record<string, unknown>' is missing the following properties from type 'SoapRecord': id, patient_id, status, record_date, and 3 more.
src/components/evolution/EvolutionTimeline.tsx(1247,51): error TS2352: Conversion of type 'Record<string, unknown>' to type 'SoapRecord' may be a mistake because neither type sufficiently overlaps with the other. If this was intentional, convert the expression to 'unknown' first.
  Type 'Record<string, unknown>' is missing the following properties from type 'SoapRecord': id, patient_id, status, record_date, and 3 more.
src/components/evolution/EvolutionTimeline.tsx(1250,86): error TS2352: Conversion of type 'Record<string, unknown>' to type 'SoapRecord' may be a mistake because neither type sufficiently overlaps with the other. If this was intentional, convert the expression to 'unknown' first.
  Type 'Record<string, unknown>' is missing the following properties from type 'SoapRecord': id, patient_id, status, record_date, and 3 more.
src/components/evolution/EvolutionTimeline.tsx(1253,51): error TS2352: Conversion of type 'Record<string, unknown>' to type 'SoapRecord' may be a mistake because neither type sufficiently overlaps with the other. If this was intentional, convert the expression to 'unknown' first.
  Type 'Record<string, unknown>' is missing the following properties from type 'SoapRecord': id, patient_id, status, record_date, and 3 more.
src/components/evolution/EvolutionTimeline.tsx(1256,86): error TS2352: Conversion of type 'Record<string, unknown>' to type 'SoapRecord' may be a mistake because neither type sufficiently overlaps with the other. If this was intentional, convert the expression to 'unknown' first.
  Type 'Record<string, unknown>' is missing the following properties from type 'SoapRecord': id, patient_id, status, record_date, and 3 more.
src/components/evolution/EvolutionTimeline.tsx(1259,51): error TS2352: Conversion of type 'Record<string, unknown>' to type 'SoapRecord' may be a mistake because neither type sufficiently overlaps with the other. If this was intentional, convert the expression to 'unknown' first.
  Type 'Record<string, unknown>' is missing the following properties from type 'SoapRecord': id, patient_id, status, record_date, and 3 more.
src/components/evolution/EvolutionTimeline.tsx(1262,86): error TS2352: Conversion of type 'Record<string, unknown>' to type 'SoapRecord' may be a mistake because neither type sufficiently overlaps with the other. If this was intentional, convert the expression to 'unknown' first.
  Type 'Record<string, unknown>' is missing the following properties from type 'SoapRecord': id, patient_id, status, record_date, and 3 more.
src/components/evolution/EvolutionTimeline.tsx(1265,51): error TS2352: Conversion of type 'Record<string, unknown>' to type 'SoapRecord' may be a mistake because neither type sufficiently overlaps with the other. If this was intentional, convert the expression to 'unknown' first.
  Type 'Record<string, unknown>' is missing the following properties from type 'SoapRecord': id, patient_id, status, record_date, and 3 more.
src/components/evolution/EvolutionTimeline.tsx(1268,86): error TS2352: Conversion of type 'Record<string, unknown>' to type 'SoapRecord' may be a mistake because neither type sufficiently overlaps with the other. If this was intentional, convert the expression to 'unknown' first.
  Type 'Record<string, unknown>' is missing the following properties from type 'SoapRecord': id, patient_id, status, record_date, and 3 more.
src/components/evolution/EvolutionTimeline.tsx(1278,118): error TS2769: No overload matches this call.
  Overload 1 of 4, '(value: string | number | Date): Date', gave the following error.
    Argument of type 'unknown' is not assignable to parameter of type 'string | number | Date'.
  Overload 2 of 4, '(value: string | number): Date', gave the following error.
    Argument of type 'unknown' is not assignable to parameter of type 'string | number'.
src/components/evolution/EvolutionTimeline.tsx(1279,43): error TS2322: Type 'unknown' is not assignable to type 'ReactNode'.
src/components/evolution/EvolutionTimeline.tsx(1280,103): error TS2322: Type '{}' is not assignable to type 'ReactNode'.
src/components/evolution/EvolutionTimeline.tsx(1282,43): error TS2322: Type 'unknown' is not assignable to type 'ReactNode'.
src/components/evolution/EvolutionTimeline.tsx(1283,102): error TS2322: Type '{}' is not assignable to type 'ReactNode'.
src/components/evolution/EvolutionTimeline.tsx(1299,59): error TS2352: Conversion of type 'Record<string, unknown> | undefined' to type 'SoapRecord' may be a mistake because neither type sufficiently overlaps with the other. If this was intentional, convert the expression to 'unknown' first.
  Type 'Record<string, unknown>' is missing the following properties from type 'SoapRecord': id, patient_id, status, record_date, and 3 more.
src/components/evolution/EvolutionTimeline.tsx(1313,66): error TS2352: Conversion of type 'Record<string, unknown> | undefined' to type 'SoapRecord' may be a mistake because neither type sufficiently overlaps with the other. If this was intentional, convert the expression to 'unknown' first.
  Type 'Record<string, unknown>' is missing the following properties from type 'SoapRecord': id, patient_id, status, record_date, and 3 more.
src/components/evolution/EvolutionTimeline.tsx(1361,76): error TS2352: Conversion of type 'Record<string, unknown> | undefined' to type 'SoapRecord' may be a mistake because neither type sufficiently overlaps with the other. If this was intentional, convert the expression to 'unknown' first.
  Type 'Record<string, unknown>' is missing the following properties from type 'SoapRecord': id, patient_id, status, record_date, and 3 more.
src/components/evolution/EvolutionTimeline.tsx(1384,54): error TS2352: Conversion of type 'Record<string, unknown> | undefined' to type 'SoapRecord' may be a mistake because neither type sufficiently overlaps with the other. If this was intentional, convert the expression to 'unknown' first.
  Type 'Record<string, unknown>' is missing the following properties from type 'SoapRecord': id, patient_id, status, record_date, and 3 more.
src/components/evolution/EvolutionTimeline.tsx(1404,11): error TS2322: Type 'EvolutionMeasurement[]' is not assignable to type '{ [key: string]: unknown; id: string; }[]'.
  Type 'EvolutionMeasurement' is not assignable to type '{ [key: string]: unknown; id: string; }'.
    Index signature for type 'string' is missing in type 'EvolutionMeasurement'.
src/components/evolution/EvolutionTimeline.tsx(1405,11): error TS2322: Type 'SessionAttachment[]' is not assignable to type '{ [key: string]: unknown; id: string; }[]'.
  Type 'SessionAttachment' is not assignable to type '{ [key: string]: unknown; id: string; }'.
    Index signature for type 'string' is missing in type 'SessionAttachment'.
src/components/evolution/ExerciseBlockWidget.tsx(618,37): error TS2322: Type '(string | undefined)[]' is not assignable to type 'string[]'.
  Type 'string | undefined' is not assignable to type 'string'.
    Type 'undefined' is not assignable to type 'string'.
src/components/evolution/HomeCareWidget.tsx(230,54): error TS2339: Property 'image_url' does not exist on type '{ name: string; }'.
src/components/evolution/HomeCareWidget.tsx(232,65): error TS2339: Property 'image_url' does not exist on type '{ name: string; }'.
src/components/evolution/HomeCareWidget.tsx(261,46): error TS2304: Cannot find name 'Badge'.
src/components/evolution/HomeCareWidget.tsx(263,47): error TS2304: Cannot find name 'Badge'.
src/components/evolution/MeasurementForm.tsx(363,28): error TS2820: Type '"poplayout"' is not assignable to type '"sync" | "wait" | "popLayout" | undefined'. Did you mean '"popLayout"'?
src/components/evolution/MeasurementForm.tsx(439,44): error TS2820: Type '"poplayout"' is not assignable to type '"sync" | "wait" | "popLayout" | undefined'. Did you mean '"popLayout"'?
src/components/evolution/PainMapManager.tsx(28,56): error TS2339: Property '_appointmentId' does not exist on type 'PainMapManagerProps'.
src/components/evolution/PainMapManager.tsx(239,17): error TS2322: Type '{ id: string; date: string; averageIntensity: number; pointCount: number; globalPainLevel: number; regionCount: number; painPoints: { region: string; intensity: number; painType: string; x: number; y: number; }[]; }[]' is not assignable to type 'PainEvolutionData[]'.
  Type '{ id: string; date: string; averageIntensity: number; pointCount: number; globalPainLevel: number; regionCount: number; painPoints: { region: string; intensity: number; painType: string; x: number; y: number; }[]; }' is not assignable to type 'PainEvolutionData'.
    Types of property 'painPoints' are incompatible.
      Type '{ region: string; intensity: number; painType: string; x: number; y: number; }[]' is not assignable to type 'PainMapPoint[]'.
        Type '{ region: string; intensity: number; painType: string; x: number; y: number; }' is not assignable to type 'PainMapPoint'.
          Types of property 'region' are incompatible.
            Type 'string' is not assignable to type 'BodyRegion'.
src/components/evolution/PainMapManager.tsx(332,13): error TS2322: Type '{ id: string; date: string; averageIntensity: number; pointCount: number; globalPainLevel: number; regionCount: number; painPoints: { region: string; intensity: number; painType: string; x: number; y: number; }[]; }[]' is not assignable to type '{ id: string; date: string; view: string; averageIntensity: number; pointCount: number; }[]'.
  Property 'view' is missing in type '{ id: string; date: string; averageIntensity: number; pointCount: number; globalPainLevel: number; regionCount: number; painPoints: { region: string; intensity: number; painType: string; x: number; y: number; }[]; }' but required in type '{ id: string; date: string; view: string; averageIntensity: number; pointCount: number; }'.
src/components/evolution/PainMapManager.tsx(339,13): error TS2322: Type '(PainMap & { session?: { id: string; started_at: string; } | undefined; })[]' is not assignable to type 'PainMapRecord[]'.
  Type 'PainMap & { session?: { id: string; started_at: string; } | undefined; }' is missing the following properties from type 'PainMapRecord': recorded_at, created_by
src/components/evolution/PathologyFormModal.tsx(220,7): error TS2322: Type 'string | null' is not assignable to type 'string | undefined'.
  Type 'null' is not assignable to type 'string | undefined'.
src/components/evolution/PathologyFormModal.tsx(221,7): error TS2322: Type 'string | null' is not assignable to type 'string | undefined'.
  Type 'null' is not assignable to type 'string | undefined'.
src/components/evolution/PathologyFormModal.tsx(222,7): error TS2322: Type '"leve" | "moderada" | "grave" | null' is not assignable to type '"leve" | "moderada" | "grave" | undefined'.
  Type 'null' is not assignable to type '"leve" | "moderada" | "grave" | undefined'.
src/components/evolution/PathologyFormModal.tsx(223,7): error TS2322: Type 'string | null' is not assignable to type 'string | undefined'.
  Type 'null' is not assignable to type 'string | undefined'.
src/components/evolution/PathologyFormModal.tsx(225,7): error TS2322: Type 'string | null' is not assignable to type 'string | undefined'.
  Type 'null' is not assignable to type 'string | undefined'.
src/components/evolution/SessionEvolutionContainer.tsx(100,20): error TS2345: Argument of type 'SelectQueryError<"could not find the relation between appointments and patient_id">' is not assignable to parameter of type 'SetStateAction<Record<string, unknown> | null>'.
  Type 'SelectQueryError<"could not find the relation between appointments and patient_id">' is not assignable to type 'Record<string, unknown>'.
    Index signature for type 'string' is missing in type '{ error: true; } & String'.
src/components/evolution/SessionEvolutionContainer.tsx(207,19): error TS2345: Argument of type '(prev: { subjective: string; objective: string; assessment: string; plan: string; }) => { assessment: string; objective: string; subjective: string; plan: string | undefined; }' is not assignable to parameter of type 'SetStateAction<{ subjective: string; objective: string; assessment: string; plan: string; }>'.
  Type '(prev: { subjective: string; objective: string; assessment: string; plan: string; }) => { assessment: string; objective: string; subjective: string; plan: string | undefined; }' is not assignable to type '(prevState: { subjective: string; objective: string; assessment: string; plan: string; }) => { subjective: string; objective: string; assessment: string; plan: string; }'.
    Call signature return types '{ assessment: string; objective: string; subjective: string; plan: string | undefined; }' and '{ subjective: string; objective: string; assessment: string; plan: string; }' are incompatible.
      The types of 'plan' are incompatible between these types.
        Type 'string | undefined' is not assignable to type 'string'.
          Type 'undefined' is not assignable to type 'string'.
src/components/evolution/SessionEvolutionContainer.tsx(518,19): error TS2322: Type '(conduct: { plan?: string; subjective?: string; objective?: string; assessment?: string; }) => void' is not assignable to type '(conduct: string) => void'.
  Types of parameters 'conduct' and 'conduct' are incompatible.
    Type 'string' has no properties in common with type '{ plan?: string | undefined; subjective?: string | undefined; objective?: string | undefined; assessment?: string | undefined; }'.
src/components/evolution/SessionEvolutionContainer.tsx(524,34): error TS2322: Type 'Record<string, unknown>[]' is not assignable to type 'Surgery[]'.
  Type 'Record<string, unknown>' is missing the following properties from type 'Surgery': id, surgery_name, surgery_date, affected_side
src/components/evolution/SessionEvolutionContainer.tsx(560,38): error TS2322: Type 'Record<string, unknown>[]' is not assignable to type 'Pathology[]'.
  Type 'Record<string, unknown>' is missing the following properties from type 'Pathology': id, pathology_name, status
src/components/evolution/SessionEvolutionContainer.tsx(584,19): error TS2739: Type 'Record<string, unknown>' is missing the following properties from type 'PatientInfo': id, name
src/components/evolution/SessionEvolutionContainer.tsx(585,19): error TS2322: Type 'Record<string, unknown>[]' is not assignable to type 'PatientGoal[]'.
  Type 'Record<string, unknown>' is missing the following properties from type 'PatientGoal': id, patient_id, goal_title, current_progress, and 5 more.
src/components/evolution/SessionEvolutionContainer.tsx(590,31): error TS2322: Type 'Record<string, unknown>[]' is not assignable to type 'Goal[]'.
  Type 'Record<string, unknown>' is missing the following properties from type 'Goal': id, goal_title, status
src/components/evolution/SessionImageUpload.tsx(94,55): error TS2367: This comparison appears to be unintentional because the types '"other" | "pdf" | "docx"' and '"gif"' have no overlap.
src/components/evolution/SurgeryFormModal.tsx(177,7): error TS2322: Type 'string | null' is not assignable to type 'string | undefined'.
  Type 'null' is not assignable to type 'string | undefined'.
src/components/evolution/SurgeryFormModal.tsx(178,7): error TS2322: Type 'string | null' is not assignable to type 'string | undefined'.
  Type 'null' is not assignable to type 'string | undefined'.
src/components/evolution/SurgeryFormModal.tsx(179,7): error TS2322: Type 'string | null' is not assignable to type 'string | undefined'.
  Type 'null' is not assignable to type 'string | undefined'.
src/components/evolution/SurgeryFormModal.tsx(180,7): error TS2322: Type 'string | null' is not assignable to type 'string | undefined'.
  Type 'null' is not assignable to type 'string | undefined'.
src/components/evolution/SurgeryFormModal.tsx(181,7): error TS2322: Type 'string | null' is not assignable to type 'string | undefined'.
  Type 'null' is not assignable to type 'string | undefined'.
src/components/exercises/ExerciseFiltersPanel.tsx(186,39): error TS2339: Property 'bodyParts' does not exist on type '{ readonly equipment: readonly ["Peso Corporal", "Toalha", "Cadeira", "Parede"]; } | { readonly bodyParts: readonly ["Ombro", "Cotovelo", "Punho/Mão", "Manguito Rotador"]; } | { readonly bodyParts: readonly ["Quadril", ... 4 more ..., "Isquiotibiais"]; } | { ...; } | { ...; }'.
  Property 'bodyParts' does not exist on type '{ readonly equipment: readonly ["Peso Corporal", "Toalha", "Cadeira", "Parede"]; }'.
src/components/exercises/ExerciseFiltersPanel.tsx(187,40): error TS2339: Property 'difficulty' does not exist on type '{ readonly equipment: readonly ["Peso Corporal", "Toalha", "Cadeira", "Parede"]; } | { readonly bodyParts: readonly ["Ombro", "Cotovelo", "Punho/Mão", "Manguito Rotador"]; } | { readonly bodyParts: readonly ["Quadril", ... 4 more ..., "Isquiotibiais"]; } | { ...; } | { ...; }'.
  Property 'difficulty' does not exist on type '{ readonly equipment: readonly ["Peso Corporal", "Toalha", "Cadeira", "Parede"]; }'.
src/components/exercises/ExerciseFiltersPanel.tsx(189,39): error TS2339: Property 'equipment' does not exist on type '{ readonly equipment: readonly ["Peso Corporal", "Toalha", "Cadeira", "Parede"]; } | { readonly bodyParts: readonly ["Ombro", "Cotovelo", "Punho/Mão", "Manguito Rotador"]; } | { readonly bodyParts: readonly ["Quadril", ... 4 more ..., "Isquiotibiais"]; } | { ...; } | { ...; }'.
  Property 'equipment' does not exist on type '{ readonly bodyParts: readonly ["Ombro", "Cotovelo", "Punho/Mão", "Manguito Rotador"]; }'.
src/components/exercises/ExerciseVideoLibrary.tsx(531,10): error TS2322: Type '{ children: false | Element; icon: ForwardRefExoticComponent<Omit<LucideProps, "ref"> & RefAttributes<SVGSVGElement>>; title: string; description: string; }' is not assignable to type 'IntrinsicAttributes & EmptyStateProps'.
  Property 'children' does not exist on type 'IntrinsicAttributes & EmptyStateProps'.
src/components/exercises/ExerciseVideoLibrary.tsx(611,17): error TS2322: Type 'string | null' is not assignable to type 'string | undefined'.
  Type 'null' is not assignable to type 'string | undefined'.
src/components/exercises/ExerciseVideoPlayerCard.tsx(402,22): error TS2304: Cannot find name 'skipForward'.
src/components/exercises/ExerciseVideoPlayerCard.tsx(595,11): error TS2322: Type 'string | null' is not assignable to type 'string | undefined'.
  Type 'null' is not assignable to type 'string | undefined'.
src/components/exercises/ExerciseVideoUpload.tsx(159,5): error TS2322: Type '(acceptedFiles: File[], rejectedFiles: Array<{ file: File; errors: Array<{ code: string; message?: string; }>; }>) => void' is not assignable to type '<T extends File>(acceptedFiles: T[], fileRejections: FileRejection[], event: DropEvent) => void'.
  Types of parameters 'rejectedFiles' and 'fileRejections' are incompatible.
    Type 'FileRejection[]' is not assignable to type '{ file: File; errors: { code: string; message?: string | undefined; }[]; }[]'.
      Type 'FileRejection' is not assignable to type '{ file: File; errors: { code: string; message?: string | undefined; }[]; }'.
        Types of property 'errors' are incompatible.
          The type 'readonly FileError[]' is 'readonly' and cannot be assigned to the mutable type '{ code: string; message?: string | undefined; }[]'.
src/components/exercises/TemplateModal.tsx(108,18): error TS2345: Argument of type '{ name: string; description: string; category: string; condition_name: string; template_variant: string; clinical_notes: string; contraindications: string; precautions: string; progression_notes: string; evidence_level: any; }' is not assignable to parameter of type '{ name: string; category: "pos_operatorio" | "patologia"; condition_name: string; description?: string | undefined; template_variant?: string | undefined; clinical_notes?: string | undefined; contraindications?: string | undefined; precautions?: string | undefined; progression_notes?: string | undefined; evidence_le...'.
  Types of property 'category' are incompatible.
    Type 'string' is not assignable to type '"pos_operatorio" | "patologia" | undefined'.
src/components/exercises/TemplateModal.tsx(151,22): error TS2345: Argument of type '{ name: string; description: string | undefined; category: "pos_operatorio" | "patologia"; condition_name: string; template_variant: string | undefined; clinical_notes: string | undefined; ... 4 more ...; id: string; }' is not assignable to parameter of type 'Partial<ExerciseTemplate> & { id: string; }'.
  Type '{ name: string; description: string | undefined; category: "pos_operatorio" | "patologia"; condition_name: string; template_variant: string | undefined; clinical_notes: string | undefined; ... 4 more ...; id: string; }' is not assignable to type 'Partial<ExerciseTemplate>'.
    Types of property 'evidence_level' are incompatible.
      Type '"A" | "B" | "D" | "C" | null' is not assignable to type '"A" | "B" | "D" | "C" | undefined'.
        Type 'null' is not assignable to type '"A" | "B" | "D" | "C" | undefined'.
src/components/exercises/TemplateModal.tsx(153,22): error TS2345: Argument of type '{ name: string; category: "pos_operatorio" | "patologia"; condition_name: string; description?: string | undefined; template_variant?: string | undefined; clinical_notes?: string | undefined; contraindications?: string | undefined; precautions?: string | undefined; progression_notes?: string | undefined; evidence_le...' is not assignable to parameter of type 'Omit<ExerciseTemplate, "id" | "created_at" | "updated_at">'.
  Types of property 'evidence_level' are incompatible.
    Type '"" | "A" | "B" | "D" | "C" | undefined' is not assignable to type '"A" | "B" | "D" | "C" | undefined'.
      Type '""' is not assignable to type '"A" | "B" | "D" | "C" | undefined'.
src/components/financial/ReciboPDF.tsx(193,13): error TS2769: No overload matches this call.
  Overload 1 of 2, '(props: PropsWithChildren<DocumentProps>): Document', gave the following error.
    Type '{ children: Element; size: string; }' is not assignable to type 'IntrinsicAttributes & IntrinsicClassAttributes<Document> & Readonly<PropsWithChildren<DocumentProps>>'.
      Property 'size' does not exist on type 'IntrinsicAttributes & IntrinsicClassAttributes<Document> & Readonly<PropsWithChildren<DocumentProps>>'.
  Overload 2 of 2, '(props: PropsWithChildren<DocumentProps>, context: any): Document', gave the following error.
    Type '{ children: Element; size: string; }' is not assignable to type 'IntrinsicAttributes & IntrinsicClassAttributes<Document> & Readonly<PropsWithChildren<DocumentProps>>'.
      Property 'size' does not exist on type 'IntrinsicAttributes & IntrinsicClassAttributes<Document> & Readonly<PropsWithChildren<DocumentProps>>'.
src/components/financial/TransactionModal.tsx(18,15): error TS2554: Expected 2-3 arguments, but got 0.
src/components/gamification/AchievementModal.tsx(5,10): error TS2459: Module '"@/hooks/useGamification"' declares 'Achievement' locally, but it is not exported.
src/components/gamification/DailyQuests.tsx(8,10): error TS2459: Module '"@/hooks/useGamification"' declares 'DailyQuestItem' locally, but it is not exported.
src/components/gamification/GamificationNotifications.tsx(190,18): error TS2304: Cannot find name 'Badge'.
src/components/gamification/GamificationNotifications.tsx(192,19): error TS2304: Cannot find name 'Badge'.
src/components/gamification/GamificationNotifications.tsx(214,32): error TS2339: Property 'id' does not exist on type 'NotificationData'.
src/components/gamification/GamificationNotifications.tsx(214,36): error TS2339: Property 'data' does not exist on type 'NotificationData'.
src/components/gamification/GamificationNotifications.tsx(224,16): error TS2552: Cannot find name 'GamificationNotifications'. Did you mean 'useGamificationNotifications'?
src/components/gamification/JourneyMap.tsx(20,45): error TS2339: Property '_currentLevel' does not exist on type 'JourneyMapProps'.
src/components/gamification/PatientGamification.tsx(18,32): error TS2459: Module '"@/hooks/useGamification"' declares 'Achievement' locally, but it is not exported.
src/components/gamification/PatientGamification.tsx(38,5): error TS2339: Property 'xpProgress' does not exist on type 'UseGamificationResult'.
src/components/gamification/PatientGamification.tsx(43,5): error TS2339: Property 'recentTransactions' does not exist on type 'UseGamificationResult'.
src/components/gamification/PatientGamification.tsx(46,5): error TS2339: Property 'totalSessions' does not exist on type 'UseGamificationResult'.
src/components/gamification/PatientGamification.tsx(63,9): error TS2322: Type '"manual_award"' is not assignable to type 'XpTransactionReason'.
src/components/gamification/PatientGamification.tsx(302,40): error TS7006: Parameter 'tx' implicitly has an 'any' type.
src/components/gamification/PatientGamification.tsx(347,8): error TS2304: Cannot find name 'LevelUpModal'.
src/components/gamification/PatientGamification.tsx(348,17): error TS2304: Cannot find name 'showLevelUp'.
src/components/gamification/PatientGamification.tsx(349,24): error TS2304: Cannot find name 'setShowLevelUp'.
src/components/goals/GoalPanel.tsx(18,55): error TS2304: Cannot find name 'useState'.
src/components/metrics/DeltaCards.tsx(79,57): error TS2345: Argument of type 'number | null | undefined' is not assignable to parameter of type 'number | null'.
  Type 'undefined' is not assignable to type 'number | null'.
src/components/modals/QuickPatientModal.tsx(72,21): error TS2538: Type 'undefined' cannot be used as an index type.
src/components/modals/QuickPatientModal.tsx(73,26): error TS2538: Type 'undefined' cannot be used as an index type.
src/components/modals/__tests__/NewPatientModal.test.tsx(174,46): error TS2345: Argument of type '{ currentOrganization: null; }' is not assignable to parameter of type '{ currentOrganization: { id: string; name: string; }; }'.
  Types of property 'currentOrganization' are incompatible.
    Type 'null' is not assignable to type '{ id: string; name: string; }'.
src/components/pain-map/BodyMap.tsx(164,27): error TS2448: Block-scoped variable 'regions' used before its declaration.
src/components/pain-map/BodyMap.tsx(164,27): error TS2454: Variable 'regions' is used before being assigned.
src/components/pain-map/BodyMapRealistic.tsx(403,37): error TS2322: Type '(_region: { code: string; name: string; }) => void' is not assignable to type '(region: BodyRegion) => void'.
  Types of parameters '_region' and 'region' are incompatible.
    Type 'string' is not assignable to type '{ code: string; name: string; }'.
      Type 'string' is not assignable to type '{ code: string; name: string; }'.
src/components/pain-map/BodyMapRealistic.tsx(425,33): error TS2322: Type '(_region: { code: string; name: string; }) => void' is not assignable to type '(region: BodyRegion) => void'.
  Types of parameters '_region' and 'region' are incompatible.
    Type 'string' is not assignable to type '{ code: string; name: string; }'.
      Type 'string' is not assignable to type '{ code: string; name: string; }'.
src/components/pain-map/PainEvolutionChart.tsx(213,21): error TS2741: Property 'payload' is missing in type '{}' but required in type '{ cx?: number | undefined; cy?: number | undefined; payload: { intensity: number; }; }'.
src/components/pain-map/PainMapComparisonModal.tsx(24,7): error TS2740: Type '{ cabeca: { path: string; centerX: number; centerY: number; }; pescoco: { path: string; centerX: number; centerY: number; }; ombro_direito: { path: string; centerX: number; centerY: number; }; ombro_esquerdo: { ...; }; ... 20 more ...; pe_esquerdo: { ...; }; }' is missing the following properties from type 'Record<BodyRegion, { path: string; centerX: number; centerY: number; }>': cabeca_frente, cabeca_frente_esquerda, cabeca_frente_direita, cabeca_nuca_esquerda, and 17 more.
src/components/pain-map/PainPointsBottomSheet.tsx(90,29): error TS2722: Cannot invoke an object which is possibly 'undefined'.
src/components/pain-map/PainPointsBottomSheet.tsx(223,32): error TS2722: Cannot invoke an object which is possibly 'undefined'.
src/components/pain-map/PainPointsManager.tsx(295,18): error TS2304: Cannot find name 'Filter'.
src/components/patient/ExercisePlayer.tsx(124,34): error TS2554: Expected 3-4 arguments, but got 1.
src/components/patient/dashboard/PatientDashboard360.tsx(83,36): error TS2339: Property 'mainCondition' does not exist on type '{ name?: string | undefined; age?: number | undefined; profession?: string | undefined; phone?: string | undefined; email?: string | undefined; address?: { city?: string | undefined; state?: string | undefined; } | undefined; photoUrl?: string | undefined; alerts?: string[] | undefined; isActive?: boolean | undefine...'.
src/components/patient/dashboard/PatientDashboard360.tsx(229,48): error TS2322: Type '{ children: string; className: string; }' is not assignable to type 'IntrinsicAttributes & Readonly<Options>'.
  Property 'className' does not exist on type 'IntrinsicAttributes & Readonly<Options>'.
src/components/patients/PatientCreateModal.tsx(55,15): error TS2322: Type '(data: PatientCreateInput) => Promise<void>' is not assignable to type '(data: PatientCreateInput | PatientUpdateInput) => void | Promise<void>'.
  Types of parameters 'data' and 'data' are incompatible.
    Type 'PatientCreateInput | PatientUpdateInput' is not assignable to type 'PatientCreateInput'.
      Property 'organization_id' is missing in type 'PatientUpdateInput' but required in type 'PatientCreateInput'.
src/components/patients/PatientDashboard360.tsx(97,29): error TS2345: Argument of type 'string | undefined' is not assignable to parameter of type 'string'.
  Type 'undefined' is not assignable to type 'string'.
src/components/patients/PatientDashboard360.tsx(99,28): error TS2339: Property 'gender' does not exist on type '{ id: string; full_name: string; email?: string | undefined; phone?: string | undefined; birth_date?: string | undefined; address?: string | undefined; city?: string | undefined; state?: string | undefined; }'.
src/components/patients/PatientDashboard360.tsx(100,36): error TS2339: Property 'gender' does not exist on type '{ id: string; full_name: string; email?: string | undefined; phone?: string | undefined; birth_date?: string | undefined; address?: string | undefined; city?: string | undefined; state?: string | undefined; }'.
src/components/patients/PatientDashboard360.tsx(102,20): error TS2304: Cannot find name 'Badge'.
src/components/patients/PatientDashboard360.tsx(102,43): error TS2339: Property 'status' does not exist on type '{ id: string; full_name: string; email?: string | undefined; phone?: string | undefined; birth_date?: string | undefined; address?: string | undefined; city?: string | undefined; state?: string | undefined; }'.
src/components/patients/PatientDashboard360.tsx(103,30): error TS2339: Property 'status' does not exist on type '{ id: string; full_name: string; email?: string | undefined; phone?: string | undefined; birth_date?: string | undefined; address?: string | undefined; city?: string | undefined; state?: string | undefined; }'.
src/components/patients/PatientDashboard360.tsx(103,70): error TS2339: Property 'status' does not exist on type '{ id: string; full_name: string; email?: string | undefined; phone?: string | undefined; birth_date?: string | undefined; address?: string | undefined; city?: string | undefined; state?: string | undefined; }'.
src/components/patients/PatientDashboard360.tsx(104,21): error TS2304: Cannot find name 'Badge'.
src/components/patients/PatientDashboard360.tsx(170,16): error TS2304: Cannot find name 'Target'.
src/components/patients/PatientDashboard360.tsx(244,44): error TS2339: Property 'appointment_date' does not exist on type '{ id: string; date: string | Date; time: string; type: string; status: string; }'.
src/components/patients/PatientDashboard360.tsx(247,28): error TS2339: Property 'appointment_time' does not exist on type '{ id: string; date: string | Date; time: string; type: string; status: string; }'.
src/components/patients/PatientDashboard360.tsx(295,24): error TS2304: Cannot find name 'Badge'.
src/components/patients/PatientDashboard360.tsx(297,25): error TS2304: Cannot find name 'Badge'.
src/components/patients/PatientErrorBoundary.tsx(45,90): error TS2554: Expected 1-3 arguments, but got 4.
src/components/patients/PatientEvolutionErrorBoundary.tsx(181,7): error TS2322: Type 'string | null | undefined' is not assignable to type 'string | undefined'.
  Type 'null' is not assignable to type 'string | undefined'.
src/components/patients/PatientForm.tsx(204,7): error TS18004: No value exists in scope for the shorthand property 'organization_id'. Either declare one or provide an initializer.
src/components/patients/PatientStatsCard.tsx(106,91): error TS2339: Property '_color' does not exist on type '{ color?: "blue" | "gray" | "orange" | "red" | "emerald" | "primary" | undefined; }'.
src/components/patients/analytics/AIAssistantPanel.tsx(85,14): error TS2339: Property 'append' does not exist on type '{ askAboutProgress: () => void; askAboutRisks: () => void; askAboutRecommendations: () => void; id: string; setMessages: (messages: UIMessage<unknown, UIDataTypes, UITools>[] | ((messages: UIMessage<...>[]) => UIMessage<...>[])) => void; ... 10 more ...; clearError: () => void; }'.
src/components/patients/analytics/AIAssistantPanel.tsx(98,14): error TS2339: Property 'append' does not exist on type '{ askAboutProgress: () => void; askAboutRisks: () => void; askAboutRecommendations: () => void; id: string; setMessages: (messages: UIMessage<unknown, UIDataTypes, UITools>[] | ((messages: UIMessage<...>[]) => UIMessage<...>[])) => void; ... 10 more ...; clearError: () => void; }'.
src/components/patients/analytics/AIAssistantPanel.tsx(111,14): error TS2339: Property 'append' does not exist on type '{ askAboutProgress: () => void; askAboutRisks: () => void; askAboutRecommendations: () => void; id: string; setMessages: (messages: UIMessage<unknown, UIDataTypes, UITools>[] | ((messages: UIMessage<...>[]) => UIMessage<...>[])) => void; ... 10 more ...; clearError: () => void; }'.
src/components/patients/analytics/AIAssistantPanel.tsx(124,14): error TS2339: Property 'append' does not exist on type '{ askAboutProgress: () => void; askAboutRisks: () => void; askAboutRecommendations: () => void; id: string; setMessages: (messages: UIMessage<unknown, UIDataTypes, UITools>[] | ((messages: UIMessage<...>[]) => UIMessage<...>[])) => void; ... 10 more ...; clearError: () => void; }'.
src/components/patients/analytics/AIAssistantPanel.tsx(134,31): error TS2339: Property 'isLoading' does not exist on type '{ askAboutProgress: () => void; askAboutRisks: () => void; askAboutRecommendations: () => void; id: string; setMessages: (messages: UIMessage<unknown, UIDataTypes, UITools>[] | ((messages: UIMessage<...>[]) => UIMessage<...>[])) => void; ... 10 more ...; clearError: () => void; }'.
src/components/patients/analytics/AIAssistantPanel.tsx(136,10): error TS2339: Property 'append' does not exist on type '{ askAboutProgress: () => void; askAboutRisks: () => void; askAboutRecommendations: () => void; id: string; setMessages: (messages: UIMessage<unknown, UIDataTypes, UITools>[] | ((messages: UIMessage<...>[]) => UIMessage<...>[])) => void; ... 10 more ...; clearError: () => void; }'.
src/components/patients/analytics/AIAssistantPanel.tsx(205,32): error TS2339: Property 'isLoading' does not exist on type '{ askAboutProgress: () => void; askAboutRisks: () => void; askAboutRecommendations: () => void; id: string; setMessages: (messages: UIMessage<unknown, UIDataTypes, UITools>[] | ((messages: UIMessage<...>[]) => UIMessage<...>[])) => void; ... 10 more ...; clearError: () => void; }'.
src/components/patients/analytics/AIAssistantPanel.tsx(250,38): error TS2339: Property 'content' does not exist on type 'UIMessage<unknown, UIDataTypes, UITools>'.
src/components/patients/analytics/AIAssistantPanel.tsx(253,79): error TS2339: Property 'content' does not exist on type 'UIMessage<unknown, UIDataTypes, UITools>'.
src/components/patients/analytics/AIAssistantPanel.tsx(259,25): error TS2339: Property 'isLoading' does not exist on type '{ askAboutProgress: () => void; askAboutRisks: () => void; askAboutRecommendations: () => void; id: string; setMessages: (messages: UIMessage<unknown, UIDataTypes, UITools>[] | ((messages: UIMessage<...>[]) => UIMessage<...>[])) => void; ... 10 more ...; clearError: () => void; }'.
src/components/patients/analytics/AIAssistantPanel.tsx(297,34): error TS2339: Property 'isLoading' does not exist on type '{ askAboutProgress: () => void; askAboutRisks: () => void; askAboutRecommendations: () => void; id: string; setMessages: (messages: UIMessage<unknown, UIDataTypes, UITools>[] | ((messages: UIMessage<...>[]) => UIMessage<...>[])) => void; ... 10 more ...; clearError: () => void; }'.
src/components/patients/analytics/AIAssistantPanel.tsx(303,51): error TS2339: Property 'isLoading' does not exist on type '{ askAboutProgress: () => void; askAboutRisks: () => void; askAboutRecommendations: () => void; id: string; setMessages: (messages: UIMessage<unknown, UIDataTypes, UITools>[] | ((messages: UIMessage<...>[]) => UIMessage<...>[])) => void; ... 10 more ...; clearError: () => void; }'.
src/components/patients/analytics/AIAssistantPanel.tsx(306,25): error TS2339: Property 'isLoading' does not exist on type '{ askAboutProgress: () => void; askAboutRisks: () => void; askAboutRecommendations: () => void; id: string; setMessages: (messages: UIMessage<unknown, UIDataTypes, UITools>[] | ((messages: UIMessage<...>[]) => UIMessage<...>[])) => void; ... 10 more ...; clearError: () => void; }'.
src/components/patients/analytics/AITreatmentRecommendations.tsx(68,5): error TS18004: No value exists in scope for the shorthand property 'patientId'. Either declare one or provide an initializer.
src/components/patients/analytics/AITreatmentRecommendations.tsx(69,5): error TS18004: No value exists in scope for the shorthand property 'patientName'. Either declare one or provide an initializer.
src/components/patients/analytics/PatientAnalyticsDashboard.tsx(385,18): error TS2363: The right-hand side of an arithmetic operation must be of type 'any', 'number', 'bigint' or an enum type.
src/components/patients/analytics/PatientAnalyticsDashboard.tsx(731,114): error TS2304: Cannot find name 'ptBR'.
src/components/patients/analytics/PatientAnalyticsDashboard.tsx(836,27): error TS2322: Type 'unknown' is not assignable to type 'ReactNode'.
src/components/patients/analytics/__tests__/AIAssistantPanel.test.tsx(39,11): error TS2353: Object literal may only specify known properties, and 'content' does not exist in type 'UIMessage<unknown, UIDataTypes, UITools>'.
src/components/patients/analytics/__tests__/AIAssistantPanel.test.tsx(43,7): error TS2322: Type 'null' is not assignable to type 'Error | undefined'.
src/components/patients/analytics/__tests__/AIAssistantPanel.test.tsx(110,11): error TS2353: Object literal may only specify known properties, and 'content' does not exist in type 'UIMessage<unknown, UIDataTypes, UITools>'.
src/components/patients/analytics/__tests__/AIAssistantPanel.test.tsx(115,11): error TS2353: Object literal may only specify known properties, and 'content' does not exist in type 'UIMessage<unknown, UIDataTypes, UITools>'.
src/components/patients/analytics/__tests__/AIAssistantPanel.test.tsx(119,7): error TS2322: Type 'null' is not assignable to type 'Error | undefined'.
src/components/patients/analytics/__tests__/AIAssistantPanel.test.tsx(134,7): error TS2322: Type 'null' is not assignable to type 'Error | undefined'.
src/components/patients/analytics/__tests__/AIAssistantPanel.test.tsx(156,7): error TS2322: Type 'null' is not assignable to type 'Error | undefined'.
src/components/patients/usePatientFilters.ts(105,5): error TS2322: Type '(string | null | undefined)[]' is not assignable to type 'string[]'.
  Type 'string | null | undefined' is not assignable to type 'string'.
    Type 'undefined' is not assignable to type 'string'.
src/components/prescriptions/PrescriptionCard.tsx(69,21): error TS2304: Cannot find name 'error'.
src/components/reports/ReportGeneratorDialog.tsx(81,11): error TS2322: Type '{ date: string; level: number | undefined; regions: number | undefined; }[]' is not assignable to type '{ date: string; level: number; regions: number; }[]'.
  Type '{ date: string; level: number | undefined; regions: number | undefined; }' is not assignable to type '{ date: string; level: number; regions: number; }'.
    Types of property 'level' are incompatible.
      Type 'number | undefined' is not assignable to type 'number'.
        Type 'undefined' is not assignable to type 'number'.
src/components/schedule/AppointmentListView.tsx(238,17): error TS2322: Type '(appointment: Appointment) => void' is not assignable to type '() => void'.
  Target signature provides too few arguments. Expected 1 or more, but got 0.
src/components/schedule/AppointmentListView.tsx(262,17): error TS2322: Type '(appointment: Appointment) => void' is not assignable to type '() => void'.
  Target signature provides too few arguments. Expected 1 or more, but got 0.
src/components/schedule/AppointmentListView.tsx(286,17): error TS2322: Type '(appointment: Appointment) => void' is not assignable to type '() => void'.
  Target signature provides too few arguments. Expected 1 or more, but got 0.
src/components/schedule/AppointmentModalRefactored.tsx(739,15): error TS2322: Type 'string | undefined' is not assignable to type 'string'.
  Type 'undefined' is not assignable to type 'string'.
src/components/schedule/AppointmentQuickView.tsx(67,42): error TS2339: Property 'split' does not exist on type 'never'.
src/components/schedule/CalendarDayView.tsx(275,37): error TS2322: Type 'boolean | null' is not assignable to type 'boolean | undefined'.
  Type 'null' is not assignable to type 'boolean | undefined'.
src/components/schedule/CalendarView.tsx(396,17): error TS2322: Type '{ currentDate: Date; currentTime: Date; currentTimePosition: number; getAppointmentsForDate: (date: Date) => AppointmentBase[]; appointments: AppointmentBase[]; ... 21 more ...; onToggleSelection: ((id: string) => void) | undefined; }' is not assignable to type 'IntrinsicAttributes & CalendarDayViewProps'.
  Property 'appointments' does not exist on type 'IntrinsicAttributes & CalendarDayViewProps'.
src/components/schedule/CalendarView.tsx(439,17): error TS2322: Type '{ currentDate: Date; appointments: AppointmentBase[]; onTimeSlotClick: (date: Date, time: string) => void; onEditAppointment: ((appointment: AppointmentBase) => void) | undefined; ... 17 more ...; onToggleSelection: ((id: string) => void) | undefined; }' is not assignable to type 'IntrinsicAttributes & CalendarWeekViewProps'.
  Property 'getStatusColor' does not exist on type 'IntrinsicAttributes & CalendarWeekViewProps'.
src/components/schedule/CalendarView.tsx(461,17): error TS2322: Type '{ currentDate: Date; appointments: AppointmentBase[]; onDateChange: (date: Date) => void; onEditAppointment: ((appointment: AppointmentBase) => void) | undefined; ... 8 more ...; onToggleSelection: ((id: string) => void) | undefined; }' is not assignable to type 'IntrinsicAttributes & CalendarMonthViewProps'.
  Property 'selectionMode' does not exist on type 'IntrinsicAttributes & CalendarMonthViewProps'.
src/components/schedule/CalendarWeekView.tsx(325,45): error TS2322: Type 'boolean | null' is not assignable to type 'boolean | undefined'.
  Type 'null' is not assignable to type 'boolean | undefined'.
src/components/schedule/CalendarWeekViewFinal.tsx(184,62): error TS2367: This comparison appears to be unintentional because the types '"concluido" | "falta" | "cancelado" | "aguardando_confirmacao" | "agendado" | "em_andamento" | "faltou" | "avaliacao" | "em_espera" | "atrasado" | "remarcado" | "reagendado" | "atendido"' and '"confirmed"' have no overlap.
src/components/schedule/CalendarWeekViewFinal.tsx(187,60): error TS2367: This comparison appears to be unintentional because the types '"concluido" | "falta" | "cancelado" | "confirmado" | "aguardando_confirmacao" | "em_andamento" | "faltou" | "avaliacao" | "em_espera" | "atrasado" | "remarcado" | "reagendado" | "atendido"' and '"scheduled"' have no overlap.
src/components/schedule/CalendarWeekViewFinal.tsx(396,53): error TS2304: Cannot find name 'onAppointmentClick'.
src/components/schedule/CalendarWeekViewFinal.tsx(397,53): error TS2304: Cannot find name 'onAppointmentClick'.
src/components/schedule/CalendarWeekViewFinal.tsx(413,94): error TS2345: Argument of type 'Date | undefined' is not assignable to parameter of type 'string | number | Date'.
  Type 'undefined' is not assignable to type 'string | number | Date'.
src/components/schedule/CalendarWeekViewRefactored.tsx(244,41): error TS2304: Cannot find name 'onAppointmentClick'.
src/components/schedule/CalendarWeekViewRefactored.tsx(245,41): error TS2304: Cannot find name 'onAppointmentClick'.
src/components/schedule/DuplicateAppointmentDialog.tsx(132,56): error TS2304: Cannot find name 'ptBR'.
src/components/schedule/QuickSettingsSheet.tsx(74,35): error TS2304: Cannot find name 'memo'.
src/components/schedule/RecurringAppointmentModal.tsx(491,59): error TS2345: Argument of type '(prev: RecurringAppointmentFormData) => { auto_confirm: CheckedState; id?: string | undefined; patient_id: string; therapist_id?: string | undefined; ... 7 more ...; notes?: string | undefined; }' is not assignable to parameter of type 'SetStateAction<RecurringAppointmentFormData>'.
  Type '(prev: RecurringAppointmentFormData) => { auto_confirm: CheckedState; id?: string | undefined; patient_id: string; therapist_id?: string | undefined; ... 7 more ...; notes?: string | undefined; }' is not assignable to type '(prevState: RecurringAppointmentFormData) => RecurringAppointmentFormData'.
    Call signature return types '{ auto_confirm: CheckedState; id?: string | undefined; patient_id: string; therapist_id?: string | undefined; service_id?: string | undefined; room_id?: string | undefined; ... 5 more ...; notes?: string | undefined; }' and 'RecurringAppointmentFormData' are incompatible.
      The types of 'auto_confirm' are incompatible between these types.
        Type 'CheckedState' is not assignable to type 'boolean | undefined'.
          Type '"indeterminate"' is not assignable to type 'boolean | undefined'.
src/components/schedule/ScheduleConfigButton.tsx(14,37): error TS2304: Cannot find name 'memo'.
src/components/schedule/ScheduleConfigButton.tsx(42,41): error TS2304: Cannot find name 'memo'.
src/components/schedule/ScheduleStatsCards.tsx(21,53): error TS2339: Property '_variant' does not exist on type 'StatCardProps'.
src/components/schedule/ScheduleStatsCards.tsx(50,50): error TS2339: Property '_currentDate' does not exist on type 'ScheduleStatsCardsProps'.
src/components/schedule/ScheduleStatsCards.tsx(55,36): error TS2339: Property 'appointmentDate' does not exist on type 'AppointmentBase'.
src/components/schedule/ScheduleStatsCards.tsx(56,26): error TS2339: Property 'appointmentDate' does not exist on type 'AppointmentBase'.
src/components/schedule/ScheduleStatsCards.tsx(57,17): error TS2339: Property 'appointmentDate' does not exist on type 'AppointmentBase'.
src/components/schedule/ScheduleStatsCards.tsx(65,14): error TS2367: This comparison appears to be unintentional because the types 'AppointmentStatus' and '"confirmed"' have no overlap.
src/components/schedule/ScheduleStatsCards.tsx(69,14): error TS2367: This comparison appears to be unintentional because the types 'AppointmentStatus' and '"completed"' have no overlap.
src/components/schedule/ScheduleStatsCards.tsx(80,38): error TS2339: Property 'appointmentDate' does not exist on type 'AppointmentBase'.
src/components/schedule/ScheduleStatsCards.tsx(81,28): error TS2339: Property 'appointmentDate' does not exist on type 'AppointmentBase'.
src/components/schedule/ScheduleStatsCards.tsx(82,19): error TS2339: Property 'appointmentDate' does not exist on type 'AppointmentBase'.
src/components/schedule/ScheduleStatsCards.tsx(83,40): error TS2339: Property 'appointmentTime' does not exist on type 'AppointmentBase'.
src/components/schedule/ScheduleStatsCards.tsx(91,25): error TS2339: Property 'appointmentTime' does not exist on type 'AppointmentBase'.
src/components/schedule/ScheduleStatsCards.tsx(91,57): error TS2339: Property 'appointmentTime' does not exist on type 'AppointmentBase'.
src/components/schedule/ScheduleStatsCards.tsx(127,45): error TS2339: Property 'appointmentTime' does not exist on type 'AppointmentBase'.
src/components/schedule/settings/BusinessHoursManager.tsx(106,79): error TS2345: Argument of type 'string | null' is not assignable to parameter of type 'string | boolean | Date'.
  Type 'null' is not assignable to type 'string | boolean | Date'.
src/components/schedule/settings/BusinessHoursManager.tsx(116,77): error TS2345: Argument of type 'string | null' is not assignable to parameter of type 'string | boolean | Date'.
  Type 'null' is not assignable to type 'string | boolean | Date'.
src/components/schedule/virtualization/VirtualWeekGrid.tsx(8,10): error TS2305: Module '"react-window"' has no exported member 'FixedSizeList'.
src/components/schedule/virtualization/VirtualWeekGrid.tsx(8,33): error TS2724: '"react-window"' has no exported member named 'ListChildComponentProps'. Did you mean 'CellComponentProps'?
src/components/schedule/virtualization/VirtualWeekGrid.tsx(110,22): error TS7006: Parameter 'day' implicitly has an 'any' type.
src/components/schedule/virtualization/VirtualWeekGrid.tsx(110,27): error TS7006: Parameter 'colIndex' implicitly has an 'any' type.
src/components/schedule/virtualization/VirtualWeekGrid.tsx(134,43): error TS7006: Parameter 'apt' implicitly has an 'any' type.
src/components/schedule/virtualization/VirtualWeekGrid.tsx(138,45): error TS7006: Parameter 'd' implicitly has an 'any' type.
src/components/schedule/virtualization/VirtualWeekGrid.tsx(146,57): error TS7006: Parameter 'a' implicitly has an 'any' type.
src/components/schedule/virtualization/VirtualWeekGrid.tsx(244,9): error TS2322: Type '{ weekDays: Date[]; timeSlots: string[]; appointments: AppointmentBase[]; appointmentsByTimeSlot: Record<string, AppointmentBase[]>; onTimeSlotClick: ((date: Date, time: string) => void) | undefined; ... 16 more ...; onToggleSelection: ((id: string) => void) | undefined; }' is not assignable to type 'ItemData'.
  Types of property 'selectedIds' are incompatible.
    Type 'Set<unknown>' is not assignable to type 'Set<string>'.
      Type 'unknown' is not assignable to type 'string'.
src/components/security/DataExportPanel.tsx(12,5): error TS2339: Property 'requests' does not exist on type '{ exportPatientData: (patientId: string) => Promise<void>; isExporting: boolean; }'.
src/components/security/DataExportPanel.tsx(13,5): error TS2339: Property 'isLoading' does not exist on type '{ exportPatientData: (patientId: string) => Promise<void>; isExporting: boolean; }'.
src/components/security/DataExportPanel.tsx(14,5): error TS2339: Property 'requestExport' does not exist on type '{ exportPatientData: (patientId: string) => Promise<void>; isExporting: boolean; }'.
src/components/security/DataExportPanel.tsx(15,5): error TS2339: Property 'isRequesting' does not exist on type '{ exportPatientData: (patientId: string) => Promise<void>; isExporting: boolean; }'.
src/components/security/DataExportPanel.tsx(16,5): error TS2339: Property 'hasPendingExport' does not exist on type '{ exportPatientData: (patientId: string) => Promise<void>; isExporting: boolean; }'.
src/components/security/DataExportPanel.tsx(17,5): error TS2339: Property 'hasPendingDeletion' does not exist on type '{ exportPatientData: (patientId: string) => Promise<void>; isExporting: boolean; }'.
src/components/security/DataExportPanel.tsx(124,32): error TS7006: Parameter 'request' implicitly has an 'any' type.
src/components/tarefas/KanbanBoard.tsx(85,30): error TS7053: Element implicitly has an 'any' type because expression of type '"CONCLUIDO" | "A_FAZER" | "EM_PROGRESSO" | "REVISAO"' can't be used to index type '{}'.
  Property 'CONCLUIDO' does not exist on type '{}'.
src/components/tarefas/KanbanBoard.tsx(88,14): error TS7053: Element implicitly has an 'any' type because expression of type '"CONCLUIDO" | "A_FAZER" | "EM_PROGRESSO" | "REVISAO"' can't be used to index type '{}'.
  Property 'CONCLUIDO' does not exist on type '{}'.
src/components/tarefas/KanbanBoard.tsx(237,24): error TS7053: Element implicitly has an 'any' type because expression of type '"CONCLUIDO" | "A_FAZER" | "EM_PROGRESSO" | "REVISAO"' can't be used to index type '{}'.
  Property 'CONCLUIDO' does not exist on type '{}'.
src/components/ui/GridWidget.tsx(8,11): error TS2430: Interface 'GridWidgetProps' incorrectly extends interface 'HTMLAttributes<HTMLDivElement>'.
  Types of property 'title' are incompatible.
    Type 'ReactNode' is not assignable to type 'string | undefined'.
      Type 'null' is not assignable to type 'string | undefined'.
src/components/ui/OfflineIndicator.tsx(66,29): error TS2304: Cannot find name 'OfflineIndicatorVariant'.
src/components/ui/OfflineIndicator.tsx(99,52): error TS2304: Cannot find name 'OfflineIndicatorVariant'.
src/components/ui/OfflineIndicator.tsx(108,27): error TS2304: Cannot find name 'OfflineIndicatorVariant'.
src/components/ui/OfflineIndicator.tsx(124,28): error TS2304: Cannot find name 'OfflineIndicatorVariant'.
src/components/ui/__tests__/responsive-table.test.tsx(34,38): error TS2339: Property 'id' does not exist on type 'never'.
src/components/ui/__tests__/virtual-list.test.tsx(34,9): error TS2322: Type '(item: { id: string; name: string; }) => JSX.Element' is not assignable to type '(item: unknown, index: number) => ReactNode'.
  Types of parameters 'item' and 'item' are incompatible.
    Type 'unknown' is not assignable to type '{ id: string; name: string; }'.
src/components/ui/__tests__/virtual-list.test.tsx(35,9): error TS2322: Type '(item: { id: string; }) => string' is not assignable to type '(item: unknown, index: number) => string'.
  Types of parameters 'item' and 'item' are incompatible.
    Type 'unknown' is not assignable to type '{ id: string; }'.
src/components/ui/__tests__/virtual-list.test.tsx(51,9): error TS2322: Type '(item: { id: string; name: string; }) => JSX.Element' is not assignable to type '(item: unknown, index: number) => ReactNode'.
  Types of parameters 'item' and 'item' are incompatible.
    Type 'unknown' is not assignable to type '{ id: string; name: string; }'.
src/components/ui/__tests__/virtual-list.test.tsx(52,9): error TS2322: Type '(item: { id: string; }) => string' is not assignable to type '(item: unknown, index: number) => string'.
  Types of parameters 'item' and 'item' are incompatible.
    Type 'unknown' is not assignable to type '{ id: string; }'.
src/components/ui/__tests__/virtual-list.test.tsx(66,9): error TS2322: Type '(item: { id: string; name: string; }) => JSX.Element' is not assignable to type '(item: unknown, index: number) => ReactNode'.
  Types of parameters 'item' and 'item' are incompatible.
    Type 'unknown' is not assignable to type '{ id: string; name: string; }'.
src/components/ui/__tests__/virtual-list.test.tsx(67,9): error TS2322: Type '(item: { id: string; }) => string' is not assignable to type '(item: unknown, index: number) => string'.
  Types of parameters 'item' and 'item' are incompatible.
    Type 'unknown' is not assignable to type '{ id: string; }'.
src/components/ui/__tests__/virtual-list.test.tsx(84,9): error TS2322: Type '(item: { id: string; name: string; }) => JSX.Element' is not assignable to type '(item: unknown, index: number) => ReactNode'.
  Types of parameters 'item' and 'item' are incompatible.
    Type 'unknown' is not assignable to type '{ id: string; name: string; }'.
src/components/ui/__tests__/virtual-list.test.tsx(85,9): error TS2322: Type '(item: { id: string; }) => string' is not assignable to type '(item: unknown, index: number) => string'.
  Types of parameters 'item' and 'item' are incompatible.
    Type 'unknown' is not assignable to type '{ id: string; }'.
src/components/ui/__tests__/virtual-list.test.tsx(114,9): error TS2322: Type '(item: { id: string; name: string; }) => JSX.Element' is not assignable to type '(item: unknown, index: number) => ReactNode'.
  Types of parameters 'item' and 'item' are incompatible.
    Type 'unknown' is not assignable to type '{ id: string; name: string; }'.
src/components/ui/__tests__/virtual-list.test.tsx(115,9): error TS2322: Type '(item: { id: string; }) => string' is not assignable to type '(item: unknown, index: number) => string'.
  Types of parameters 'item' and 'item' are incompatible.
    Type 'unknown' is not assignable to type '{ id: string; }'.
src/components/ui/__tests__/virtual-list.test.tsx(137,37): error TS18046: 'item' is of type 'unknown'.
src/components/ui/__tests__/virtual-list.test.tsx(137,68): error TS18046: 'item' is of type 'unknown'.
src/components/ui/__tests__/virtual-list.test.tsx(138,14): error TS18046: 'item' is of type 'unknown'.
src/components/ui/__tests__/virtual-list.test.tsx(141,33): error TS18046: 'item' is of type 'unknown'.
src/components/ui/__tests__/virtual-list.test.tsx(142,31): error TS18046: 'item' is of type 'unknown'.
src/components/ui/__tests__/virtual-list.test.tsx(143,9): error TS2322: Type '{ items: { height: number; id: string; name: string; }[]; renderItem: (item: unknown) => Element; keyExtractor: (item: unknown) => any; itemHeight: (item: unknown) => any; height: number; }' is not assignable to type 'IntrinsicAttributes & VirtualizedListProps<unknown>'.
  Property 'height' does not exist on type 'IntrinsicAttributes & VirtualizedListProps<unknown>'.
src/components/ui/__tests__/virtual-list.test.tsx(156,9): error TS2322: Type '(item: { id: string; name: string; }) => JSX.Element' is not assignable to type '(item: unknown, index: number) => ReactNode'.
  Types of parameters 'item' and 'item' are incompatible.
    Type 'unknown' is not assignable to type '{ id: string; name: string; }'.
src/components/ui/__tests__/virtual-list.test.tsx(157,9): error TS2322: Type '(item: { id: string; }) => string' is not assignable to type '(item: unknown, index: number) => string'.
  Types of parameters 'item' and 'item' are incompatible.
    Type 'unknown' is not assignable to type '{ id: string; }'.
src/components/ui/__tests__/virtual-list.test.tsx(175,9): error TS2322: Type '(item: { id: string; name: string; }) => JSX.Element' is not assignable to type '(item: unknown, index: number) => ReactNode'.
  Types of parameters 'item' and 'item' are incompatible.
    Type 'unknown' is not assignable to type '{ id: string; name: string; }'.
src/components/ui/__tests__/virtual-list.test.tsx(176,9): error TS2322: Type '(item: { id: string; }) => string' is not assignable to type '(item: unknown, index: number) => string'.
  Types of parameters 'item' and 'item' are incompatible.
    Type 'unknown' is not assignable to type '{ id: string; }'.
src/components/ui/calendar.tsx(38,11): error TS2552: Cannot find name 'props'. Did you mean '_props'?
src/components/ui/file-upload.tsx(261,27): error TS2339: Property 'id' does not exist on type 'never'.
src/components/ui/lazy-render-list.tsx(193,11): error TS2304: Cannot find name 'setVisibleCount'.
src/components/ui/lazy-render-list.tsx(193,27): error TS7006: Parameter 'prev' implicitly has an 'any' type.
src/components/ui/network-status.tsx(27,17): error TS2322: Type 'null' is not assignable to type 'number | undefined'.
src/components/ui/virtualized-list.tsx(197,13): error TS2774: This condition will always return true since this function is always defined. Did you mean to call it instead?
src/components/ui/virtualized-list.tsx(232,17): error TS2322: Type 'number | ((item: T, index: number) => number)' is not assignable to type 'Height<string | number> | undefined'.
  Type '(item: T, index: number) => number' is not assignable to type 'Height<string | number> | undefined'.
src/components/vouchers/VoucherModal.tsx(116,9): error TS2322: Type 'number | null | undefined' is not assignable to type 'number | null'.
  Type 'undefined' is not assignable to type 'number | null'.
src/components/whatsapp/WhatsAppDashboard.tsx(419,36): error TS2345: Argument of type '(msg: { id: string; created_at: string; phone_number: string; status: string; template_key?: string; patients?: { name: string; }; }) => JSX.Element' is not assignable to parameter of type '(value: { [x: string]: any; patients: SelectQueryError<"could not find the relation between whatsapp_metrics and patient_id">; }, index: number, array: { [x: string]: any; patients: SelectQueryError<...>; }[]) => Element'.
  Types of parameters 'msg' and 'value' are incompatible.
    Type '{ [x: string]: any; patients: SelectQueryError<"could not find the relation between whatsapp_metrics and patient_id">; }' is missing the following properties from type '{ id: string; created_at: string; phone_number: string; status: string; template_key?: string | undefined; patients?: { name: string; } | undefined; }': id, created_at, phone_number, status
src/components/whatsapp/WhatsAppDashboard.tsx(512,37): error TS2345: Argument of type '(log: { id: string; created_at: string; event_type: string; phone_number?: string; message_content?: string; processed: boolean; }) => JSX.Element' is not assignable to parameter of type '(value: { [x: string]: any; }, index: number, array: { [x: string]: any; }[]) => Element'.
  Types of parameters 'log' and 'value' are incompatible.
    Type '{ [x: string]: any; }' is missing the following properties from type '{ id: string; created_at: string; event_type: string; phone_number?: string | undefined; message_content?: string | undefined; processed: boolean; }': id, created_at, event_type, processed
src/contexts/CalendarContext.tsx(7,10): error TS2305: Module '"date-fns"' has no exported member 'Date'.
src/contexts/DataContext.tsx(7,55): error TS2345: Argument of type 'Patient[]' is not assignable to parameter of type 'Patient[] | (() => Patient[])'.
  Type 'import("/home/rafael/cursor/fisiolovable/fisioflow-51658291/src/types/index").Patient[]' is not assignable to type 'import("/home/rafael/cursor/fisiolovable/fisioflow-51658291/src/types/context").Patient[]'.
    Type 'import("/home/rafael/cursor/fisiolovable/fisioflow-51658291/src/types/index").Patient' is not assignable to type 'import("/home/rafael/cursor/fisiolovable/fisioflow-51658291/src/types/context").Patient'.
      Types of property 'email' are incompatible.
        Type 'string | undefined' is not assignable to type 'string'.
          Type 'undefined' is not assignable to type 'string'.
src/contexts/DataContext.tsx(9,5): error TS2345: Argument of type '{ id: string; patientId: string; date: Date; time: string; type: AppointmentType; status: AppointmentStatus; }[]' is not assignable to parameter of type 'Appointment[] | (() => Appointment[])'.
  Type '{ id: string; patientId: string; date: Date; time: string; type: AppointmentType; status: AppointmentStatus; }[]' is not assignable to type 'Appointment[]'.
    Type '{ id: string; patientId: string; date: Date; time: string; type: AppointmentType; status: AppointmentStatus; }' is not assignable to type 'Appointment'.
      Types of property 'date' are incompatible.
        Type 'Date' is not assignable to type 'string'.
src/contexts/RealtimeContext.tsx(173,35): error TS18048: 'payload.new' is possibly 'undefined'.
src/contexts/RealtimeContext.tsx(173,35): error TS2769: No overload matches this call.
  Overload 1 of 4, '(value: string | number | Date): Date', gave the following error.
    Argument of type 'unknown' is not assignable to parameter of type 'string | number | Date'.
  Overload 2 of 4, '(value: string | number): Date', gave the following error.
    Argument of type 'unknown' is not assignable to parameter of type 'string | number'.
src/contexts/RealtimeContext.tsx(173,61): error TS18048: 'payload.new' is possibly 'undefined'.
src/contexts/RealtimeContext.tsx(178,28): error TS2352: Conversion of type 'Record<string, unknown> | undefined' to type 'Appointment' may be a mistake because neither type sufficiently overlaps with the other. If this was intentional, convert the expression to 'unknown' first.
  Type 'Record<string, unknown>' is missing the following properties from type 'Appointment': id, patient_name, therapist_id, start_time, status
src/contexts/RealtimeContext.tsx(182,39): error TS18048: 'payload.new' is possibly 'undefined'.
src/contexts/RealtimeContext.tsx(182,56): error TS2352: Conversion of type 'Record<string, unknown> | undefined' to type 'Appointment' may be a mistake because neither type sufficiently overlaps with the other. If this was intentional, convert the expression to 'unknown' first.
  Type 'Record<string, unknown>' is missing the following properties from type 'Appointment': id, patient_name, therapist_id, start_time, status
src/contexts/RealtimeContext.tsx(184,42): error TS18048: 'payload.old' is possibly 'undefined'.
src/hooks/__tests__/useAnalyticsExport.test.tsx(13,5): error TS2683: 'this' implicitly has type 'any' because it does not have a type annotation.
src/hooks/__tests__/useAnalyticsExport.test.tsx(14,5): error TS2683: 'this' implicitly has type 'any' because it does not have a type annotation.
src/hooks/__tests__/useAnalyticsExport.test.tsx(15,5): error TS2683: 'this' implicitly has type 'any' because it does not have a type annotation.
src/hooks/__tests__/useAnalyticsExport.test.tsx(16,5): error TS2683: 'this' implicitly has type 'any' because it does not have a type annotation.
src/hooks/__tests__/useAnalyticsExport.test.tsx(17,5): error TS2683: 'this' implicitly has type 'any' because it does not have a type annotation.
src/hooks/__tests__/useAnalyticsExport.test.tsx(18,5): error TS2683: 'this' implicitly has type 'any' because it does not have a type annotation.
src/hooks/__tests__/useAnalyticsExport.test.tsx(19,5): error TS2683: 'this' implicitly has type 'any' because it does not have a type annotation.
src/hooks/__tests__/useAnalyticsExport.test.tsx(20,5): error TS2683: 'this' implicitly has type 'any' because it does not have a type annotation.
src/hooks/__tests__/useAnalyticsExport.test.tsx(21,5): error TS2683: 'this' implicitly has type 'any' because it does not have a type annotation.
src/hooks/__tests__/useAppointmentActions.test.tsx(33,5): error TS2353: Object literal may only specify known properties, and 'logger' does not exist in type 'QueryClientConfig'.
src/hooks/__tests__/useAuth.test.tsx(57,5): error TS2353: Object literal may only specify known properties, and 'logger' does not exist in type 'QueryClientConfig'.
src/hooks/__tests__/useChecklist.test.tsx(38,5): error TS2353: Object literal may only specify known properties, and 'logger' does not exist in type 'QueryClientConfig'.
src/hooks/__tests__/useDashboardStats.test.tsx(31,5): error TS2353: Object literal may only specify known properties, and 'logger' does not exist in type 'QueryClientConfig'.
src/hooks/__tests__/useEventos.test.tsx(36,7): error TS2353: Object literal may only specify known properties, and 'logger' does not exist in type 'QueryClientConfig'.
src/hooks/__tests__/usePagamentos.test.tsx(38,5): error TS2353: Object literal may only specify known properties, and 'logger' does not exist in type 'QueryClientConfig'.
src/hooks/__tests__/useParticipantes.test.tsx(38,5): error TS2353: Object literal may only specify known properties, and 'logger' does not exist in type 'QueryClientConfig'.
src/hooks/__tests__/useParticipantes.test.tsx(70,61): error TS2339: Property 'segue_perfil' does not exist on type '{ id: any; evento_id: any; nome: any; email: any; telefone: any; status: any; confirmado: any; created_at: any; updated_at: any; }'.
src/hooks/__tests__/usePatientAnalytics.test.tsx(69,45): error TS2345: Argument of type '{ data: null; error: null; }' is not assignable to parameter of type 'PostgrestSingleResponse<any>'.
  Type '{ data: null; error: null; }' is missing the following properties from type 'PostgrestResponseSuccess<any>': count, status, statusText
src/hooks/__tests__/usePatientsPaginated.test.tsx(73,46): error TS2345: Argument of type '{ select: Mock<Procedure>; }' is not assignable to parameter of type 'PostgrestQueryBuilder<{ PostgrestVersion: "12"; }, { Tables: { [key: string]: { Row: Record<string, any>; Insert: Record<string, any>; Update: Record<string, any>; Relationships: any[]; }; }; Views: { ...; }; Functions: { ...; }; Enums: { ...; }; CompositeTypes: { ...; }; }, { ...; }, string, any[]>'.
  Type '{ select: Mock<Procedure>; }' is missing the following properties from type 'PostgrestQueryBuilder<{ PostgrestVersion: "12"; }, { Tables: { [key: string]: { Row: Record<string, any>; Insert: Record<string, any>; Update: Record<string, any>; Relationships: any[]; }; }; Views: { ...; }; Functions: { ...; }; Enums: { ...; }; CompositeTypes: { ...; }; }, { ...; }, string, any[]>': url, headers, insert, upsert, and 2 more.
src/hooks/__tests__/usePatientsPaginated.test.tsx(111,46): error TS2345: Argument of type '{ select: Mock<Procedure>; }' is not assignable to parameter of type 'PostgrestQueryBuilder<{ PostgrestVersion: "12"; }, { Tables: { [key: string]: { Row: Record<string, any>; Insert: Record<string, any>; Update: Record<string, any>; Relationships: any[]; }; }; Views: { ...; }; Functions: { ...; }; Enums: { ...; }; CompositeTypes: { ...; }; }, { ...; }, string, any[]>'.
  Type '{ select: Mock<Procedure>; }' is missing the following properties from type 'PostgrestQueryBuilder<{ PostgrestVersion: "12"; }, { Tables: { [key: string]: { Row: Record<string, any>; Insert: Record<string, any>; Update: Record<string, any>; Relationships: any[]; }; }; Views: { ...; }; Functions: { ...; }; Enums: { ...; }; CompositeTypes: { ...; }; }, { ...; }, string, any[]>': url, headers, insert, upsert, and 2 more.
src/hooks/__tests__/usePatientsPaginated.test.tsx(154,46): error TS2345: Argument of type '{ select: Mock<Procedure>; }' is not assignable to parameter of type 'PostgrestQueryBuilder<{ PostgrestVersion: "12"; }, { Tables: { [key: string]: { Row: Record<string, any>; Insert: Record<string, any>; Update: Record<string, any>; Relationships: any[]; }; }; Views: { ...; }; Functions: { ...; }; Enums: { ...; }; CompositeTypes: { ...; }; }, { ...; }, string, any[]>'.
  Type '{ select: Mock<Procedure>; }' is missing the following properties from type 'PostgrestQueryBuilder<{ PostgrestVersion: "12"; }, { Tables: { [key: string]: { Row: Record<string, any>; Insert: Record<string, any>; Update: Record<string, any>; Relationships: any[]; }; }; Views: { ...; }; Functions: { ...; }; Enums: { ...; }; CompositeTypes: { ...; }; }, { ...; }, string, any[]>': url, headers, insert, upsert, and 2 more.
src/hooks/__tests__/usePatientsPaginated.test.tsx(212,46): error TS2345: Argument of type '{ select: Mock<Procedure>; }' is not assignable to parameter of type 'PostgrestQueryBuilder<{ PostgrestVersion: "12"; }, { Tables: { [key: string]: { Row: Record<string, any>; Insert: Record<string, any>; Update: Record<string, any>; Relationships: any[]; }; }; Views: { ...; }; Functions: { ...; }; Enums: { ...; }; CompositeTypes: { ...; }; }, { ...; }, string, any[]>'.
  Type '{ select: Mock<Procedure>; }' is missing the following properties from type 'PostgrestQueryBuilder<{ PostgrestVersion: "12"; }, { Tables: { [key: string]: { Row: Record<string, any>; Insert: Record<string, any>; Update: Record<string, any>; Relationships: any[]; }; }; Views: { ...; }; Functions: { ...; }; Enums: { ...; }; CompositeTypes: { ...; }; }, { ...; }, string, any[]>': url, headers, insert, upsert, and 2 more.
src/hooks/__tests__/usePatientsPaginated.test.tsx(250,46): error TS2345: Argument of type '{ select: Mock<Procedure>; }' is not assignable to parameter of type 'PostgrestQueryBuilder<{ PostgrestVersion: "12"; }, { Tables: { [key: string]: { Row: Record<string, any>; Insert: Record<string, any>; Update: Record<string, any>; Relationships: any[]; }; }; Views: { ...; }; Functions: { ...; }; Enums: { ...; }; CompositeTypes: { ...; }; }, { ...; }, string, any[]>'.
  Type '{ select: Mock<Procedure>; }' is missing the following properties from type 'PostgrestQueryBuilder<{ PostgrestVersion: "12"; }, { Tables: { [key: string]: { Row: Record<string, any>; Insert: Record<string, any>; Update: Record<string, any>; Relationships: any[]; }; }; Views: { ...; }; Functions: { ...; }; Enums: { ...; }; CompositeTypes: { ...; }; }, { ...; }, string, any[]>': url, headers, insert, upsert, and 2 more.
src/hooks/__tests__/usePatientsPaginated.test.tsx(296,46): error TS2345: Argument of type 'Mock<Procedure>' is not assignable to parameter of type 'PostgrestQueryBuilder<{ PostgrestVersion: "12"; }, { Tables: { [key: string]: { Row: Record<string, any>; Insert: Record<string, any>; Update: Record<string, any>; Relationships: any[]; }; }; Views: { ...; }; Functions: { ...; }; Enums: { ...; }; CompositeTypes: { ...; }; }, { ...; }, string, any[]>'.
  Type 'Mock<Procedure>' is missing the following properties from type 'PostgrestQueryBuilder<{ PostgrestVersion: "12"; }, { Tables: { [key: string]: { Row: Record<string, any>; Insert: Record<string, any>; Update: Record<string, any>; Relationships: any[]; }; }; Views: { ...; }; Functions: { ...; }; Enums: { ...; }; CompositeTypes: { ...; }; }, { ...; }, string, any[]>': url, headers, select, insert, and 3 more.
src/hooks/__tests__/usePatientsPaginated.test.tsx(333,46): error TS2345: Argument of type 'Mock<Procedure>' is not assignable to parameter of type 'PostgrestQueryBuilder<{ PostgrestVersion: "12"; }, { Tables: { [key: string]: { Row: Record<string, any>; Insert: Record<string, any>; Update: Record<string, any>; Relationships: any[]; }; }; Views: { ...; }; Functions: { ...; }; Enums: { ...; }; CompositeTypes: { ...; }; }, { ...; }, string, any[]>'.
  Type 'Mock<Procedure>' is missing the following properties from type 'PostgrestQueryBuilder<{ PostgrestVersion: "12"; }, { Tables: { [key: string]: { Row: Record<string, any>; Insert: Record<string, any>; Update: Record<string, any>; Relationships: any[]; }; }; Views: { ...; }; Functions: { ...; }; Enums: { ...; }; CompositeTypes: { ...; }; }, { ...; }, string, any[]>': url, headers, select, insert, and 3 more.
src/hooks/__tests__/usePatientsPaginated.test.tsx(348,46): error TS2345: Argument of type '{ select: Mock<Procedure>; }' is not assignable to parameter of type 'PostgrestQueryBuilder<{ PostgrestVersion: "12"; }, { Tables: { [key: string]: { Row: Record<string, any>; Insert: Record<string, any>; Update: Record<string, any>; Relationships: any[]; }; }; Views: { ...; }; Functions: { ...; }; Enums: { ...; }; CompositeTypes: { ...; }; }, { ...; }, string, any[]>'.
  Type '{ select: Mock<Procedure>; }' is missing the following properties from type 'PostgrestQueryBuilder<{ PostgrestVersion: "12"; }, { Tables: { [key: string]: { Row: Record<string, any>; Insert: Record<string, any>; Update: Record<string, any>; Relationships: any[]; }; }; Views: { ...; }; Functions: { ...; }; Enums: { ...; }; CompositeTypes: { ...; }; }, { ...; }, string, any[]>': url, headers, insert, upsert, and 2 more.
src/hooks/__tests__/usePatientsPaginated.test.tsx(374,46): error TS2345: Argument of type '{ select: Mock<Procedure>; }' is not assignable to parameter of type 'PostgrestQueryBuilder<{ PostgrestVersion: "12"; }, { Tables: { [key: string]: { Row: Record<string, any>; Insert: Record<string, any>; Update: Record<string, any>; Relationships: any[]; }; }; Views: { ...; }; Functions: { ...; }; Enums: { ...; }; CompositeTypes: { ...; }; }, { ...; }, string, any[]>'.
  Type '{ select: Mock<Procedure>; }' is missing the following properties from type 'PostgrestQueryBuilder<{ PostgrestVersion: "12"; }, { Tables: { [key: string]: { Row: Record<string, any>; Insert: Record<string, any>; Update: Record<string, any>; Relationships: any[]; }; }; Views: { ...; }; Functions: { ...; }; Enums: { ...; }; CompositeTypes: { ...; }; }, { ...; }, string, any[]>': url, headers, insert, upsert, and 2 more.
src/hooks/__tests__/usePermissions.test.tsx(22,5): error TS2353: Object literal may only specify known properties, and 'logger' does not exist in type 'QueryClientConfig'.
src/hooks/__tests__/usePrestadores.test.tsx(38,5): error TS2353: Object literal may only specify known properties, and 'logger' does not exist in type 'QueryClientConfig'.
src/hooks/__tests__/useStandardForms.test.tsx(117,13): error TS2304: Cannot find name 'act'.
src/hooks/__tests__/useStandardForms.test.tsx(155,13): error TS2304: Cannot find name 'act'.
src/hooks/__tests__/useStandardForms.test.tsx(190,13): error TS2304: Cannot find name 'act'.
src/hooks/__tests__/useStandardForms.test.tsx(219,13): error TS2304: Cannot find name 'act'.
src/hooks/__tests__/useStandardForms.test.tsx(247,13): error TS2304: Cannot find name 'act'.
src/hooks/calendar/useAppointmentGroups.ts(157,22): error TS2304: Cannot find name 'addMinutes'.
src/hooks/calendar/useAppointmentGroups.ts(169,24): error TS2304: Cannot find name 'addMinutes'.
src/hooks/performance/useMemoAdvanced.ts(51,11): error TS2322: Type 'T | undefined' is not assignable to type 'T'.
  'T' could be instantiated with an arbitrary type which could be unrelated to 'T | undefined'.
src/hooks/performance/useReactQueryOptimized.ts(71,38): error TS2554: Expected 1-2 arguments, but got 3.
src/hooks/performance/useReactQueryOptimized.ts(86,38): error TS2554: Expected 1-2 arguments, but got 3.
src/hooks/performance/useReactQueryOptimized.ts(101,38): error TS2554: Expected 1-2 arguments, but got 3.
src/hooks/performance/useReactQueryOptimized.ts(116,38): error TS2554: Expected 1-2 arguments, but got 3.
src/hooks/performance/useReactQueryOptimized.ts(130,56): error TS2304: Cannot find name 'Query'.
src/hooks/performance/useReactQueryOptimized.ts(133,59): error TS2304: Cannot find name 'Query'.
src/hooks/performance/useReactQueryOptimized.ts(212,43): error TS2554: Expected 1 arguments, but got 3.
src/hooks/performance/useReactQueryOptimized.ts(221,51): error TS2554: Expected 1 arguments, but got 3.
src/hooks/performance/useReactQueryOptimized.ts(276,5): error TS2769: No overload matches this call.
  Overload 1 of 3, '(options: DefinedInitialDataOptions<unknown, Error, unknown, readonly unknown[]>, queryClient?: QueryClient | undefined): DefinedUseQueryResult<unknown, Error>', gave the following error.
    Type '({ pageParam }: { pageParam: number; }) => Promise<{ data: T[]; nextPage?: number | undefined; hasMore: boolean; }>' is not assignable to type 'QueryFunction<unknown, readonly unknown[]>'.
      Types of parameters '__0' and 'context' are incompatible.
        Type '{ client: QueryClient; queryKey: readonly unknown[]; signal: AbortSignal; meta: Record<string, unknown> | undefined; pageParam?: unknown; direction?: unknown; }' is not assignable to type '{ pageParam: number; }'.
          Types of property 'pageParam' are incompatible.
            Type 'unknown' is not assignable to type 'number'.
  Overload 2 of 3, '(options: UndefinedInitialDataOptions<{ data: T[]; nextPage?: number | undefined; hasMore: boolean; }, Error, { data: T[]; nextPage?: number | undefined; hasMore: boolean; }, readonly unknown[]>, queryClient?: QueryClient | undefined): UseQueryResult<...>', gave the following error.
    Type '({ pageParam }: { pageParam: number; }) => Promise<{ data: T[]; nextPage?: number | undefined; hasMore: boolean; }>' is not assignable to type 'unique symbol | QueryFunction<{ data: T[]; nextPage?: number | undefined; hasMore: boolean; }, readonly unknown[], never> | undefined'.
      Type '({ pageParam }: { pageParam: number; }) => Promise<{ data: T[]; nextPage?: number | undefined; hasMore: boolean; }>' is not assignable to type 'QueryFunction<{ data: T[]; nextPage?: number | undefined; hasMore: boolean; }, readonly unknown[], never>'.
        Types of parameters '__0' and 'context' are incompatible.
          Type '{ client: QueryClient; queryKey: readonly unknown[]; signal: AbortSignal; meta: Record<string, unknown> | undefined; pageParam?: unknown; direction?: unknown; }' is not assignable to type '{ pageParam: number; }'.
            Types of property 'pageParam' are incompatible.
              Type 'unknown' is not assignable to type 'number'.
  Overload 3 of 3, '(options: UseQueryOptions<{ data: T[]; nextPage?: number | undefined; hasMore: boolean; }, Error, { data: T[]; nextPage?: number | undefined; hasMore: boolean; }, readonly unknown[]>, queryClient?: QueryClient | undefined): UseQueryResult<...>', gave the following error.
    Type '({ pageParam }: { pageParam: number; }) => Promise<{ data: T[]; nextPage?: number | undefined; hasMore: boolean; }>' is not assignable to type 'unique symbol | QueryFunction<{ data: T[]; nextPage?: number | undefined; hasMore: boolean; }, readonly unknown[], never> | undefined'.
      Type '({ pageParam }: { pageParam: number; }) => Promise<{ data: T[]; nextPage?: number | undefined; hasMore: boolean; }>' is not assignable to type 'QueryFunction<{ data: T[]; nextPage?: number | undefined; hasMore: boolean; }, readonly unknown[], never>'.
        Types of parameters '__0' and 'context' are incompatible.
          Type '{ client: QueryClient; queryKey: readonly unknown[]; signal: AbortSignal; meta: Record<string, unknown> | undefined; pageParam?: unknown; direction?: unknown; }' is not assignable to type '{ pageParam: number; }'.
            Types of property 'pageParam' are incompatible.
              Type 'unknown' is not assignable to type 'number'.
src/hooks/performance/useReactQueryOptimized.ts(277,24): error TS7006: Parameter 'lastPage' implicitly has an 'any' type.
src/hooks/performance/useThrottle.ts(82,50): error TS2345: Argument of type '(scrollY: number) => void' is not assignable to parameter of type '(...args: unknown[]) => unknown'.
  Types of parameters 'scrollY' and 'args' are incompatible.
    Type 'unknown' is not assignable to type 'number'.
src/hooks/performance/useThrottle.ts(105,50): error TS2345: Argument of type '(width: number, height: number) => void' is not assignable to parameter of type '(...args: unknown[]) => unknown'.
  Types of parameters 'width' and 'args' are incompatible.
    Type 'unknown' is not assignable to type 'number'.
src/hooks/useAIInsights.ts(249,5): error TS2353: Object literal may only specify known properties, and 'api' does not exist in type 'UseChatOptions<UIMessage<unknown, UIDataTypes, UITools>>'.
src/hooks/useAIInsights.ts(275,12): error TS2339: Property 'append' does not exist on type 'UseChatHelpers<UIMessage<unknown, UIDataTypes, UITools>>'.
src/hooks/useAIInsights.ts(281,12): error TS2339: Property 'append' does not exist on type 'UseChatHelpers<UIMessage<unknown, UIDataTypes, UITools>>'.
src/hooks/useAIInsights.ts(287,12): error TS2339: Property 'append' does not exist on type 'UseChatHelpers<UIMessage<unknown, UIDataTypes, UITools>>'.
src/hooks/useAIRecommendations.ts(103,11): error TS2339: Property 'status' does not exist on type '{ status?: "all" | "active" | undefined; limit?: number | undefined; } | undefined'.
src/hooks/useAIRecommendations.ts(103,30): error TS2339: Property 'limit' does not exist on type '{ status?: "all" | "active" | undefined; limit?: number | undefined; } | undefined'.
src/hooks/useAIRecommendations.ts(292,37): error TS2345: Argument of type '{ date: any; time: any; therapist_id: any; duration: any; type: any; }[]' is not assignable to parameter of type 'AppointmentHistory[]'.
  Property 'therapistId' is missing in type '{ date: any; time: any; therapist_id: any; duration: any; type: any; }' but required in type 'AppointmentHistory'.
src/hooks/useAdvancedAnalytics.ts(323,64): error TS2304: Cannot find name '_err'.
src/hooks/useAnalyticsExport.ts(840,25): error TS2349: This expression is not callable.
  No constituent of type 'ExportFormat' is callable.
src/hooks/useAnalyticsExport.ts(862,25): error TS2349: This expression is not callable.
  No constituent of type 'ExportFormat' is callable.
src/hooks/useAnalyticsExport.ts(870,34): error TS2349: This expression is not callable.
  Type 'String' has no call signatures.
src/hooks/useAppointmentActions.ts(66,10): error TS2345: Argument of type 'string | null' is not assignable to parameter of type 'string'.
  Type 'null' is not assignable to type 'string'.
src/hooks/useAppointments.tsx(30,32): error TS2345: Argument of type 'Error' is not assignable to parameter of type 'T | PromiseLike<T>'.
  Type 'Error' is not assignable to type 'T'.
    'T' could be instantiated with an arbitrary type which could be unrelated to 'Error'.
src/hooks/useAppointments.tsx(298,10): error TS7006: Parameter 'payload' implicitly has an 'any' type.
src/hooks/useAuditLogs.ts(36,5): error TS2769: No overload matches this call.
  Overload 1 of 3, '(options: DefinedInitialDataOptions<AuditLog[], Error, AuditLog[], readonly unknown[]>, queryClient?: QueryClient | undefined): DefinedUseQueryResult<...>', gave the following error.
    Type '() => Promise<AuditLog[] | { user_email: string | null; user_name: string | null; }[]>' is not assignable to type 'QueryFunction<AuditLog[], readonly unknown[]>'.
      Type 'Promise<AuditLog[] | { user_email: string | null; user_name: string | null; }[]>' is not assignable to type 'AuditLog[] | Promise<AuditLog[]>'.
        Type 'Promise<AuditLog[] | { user_email: string | null; user_name: string | null; }[]>' is not assignable to type 'Promise<AuditLog[]>'.
          Type 'AuditLog[] | { user_email: string | null; user_name: string | null; }[]' is not assignable to type 'AuditLog[]'.
            Type '{ user_email: string | null; user_name: string | null; }[]' is not assignable to type 'AuditLog[]'.
              Type '{ user_email: string | null; user_name: string | null; }' is missing the following properties from type 'AuditLog': id, timestamp, user_id, action, and 8 more.
  Overload 2 of 3, '(options: UndefinedInitialDataOptions<AuditLog[], Error, AuditLog[], readonly unknown[]>, queryClient?: QueryClient | undefined): UseQueryResult<...>', gave the following error.
    Type '() => Promise<AuditLog[] | { user_email: string | null; user_name: string | null; }[]>' is not assignable to type 'unique symbol | QueryFunction<AuditLog[], readonly unknown[], never> | undefined'.
      Type '() => Promise<AuditLog[] | { user_email: string | null; user_name: string | null; }[]>' is not assignable to type 'QueryFunction<AuditLog[], readonly unknown[], never>'.
        Type 'Promise<AuditLog[] | { user_email: string | null; user_name: string | null; }[]>' is not assignable to type 'AuditLog[] | Promise<AuditLog[]>'.
          Type 'Promise<AuditLog[] | { user_email: string | null; user_name: string | null; }[]>' is not assignable to type 'Promise<AuditLog[]>'.
            Type 'AuditLog[] | { user_email: string | null; user_name: string | null; }[]' is not assignable to type 'AuditLog[]'.
              Type '{ user_email: string | null; user_name: string | null; }[]' is not assignable to type 'AuditLog[]'.
                Type '{ user_email: string | null; user_name: string | null; }' is missing the following properties from type 'AuditLog': id, timestamp, user_id, action, and 8 more.
  Overload 3 of 3, '(options: UseQueryOptions<AuditLog[], Error, AuditLog[], readonly unknown[]>, queryClient?: QueryClient | undefined): UseQueryResult<AuditLog[], Error>', gave the following error.
    Type '() => Promise<AuditLog[] | { user_email: string | null; user_name: string | null; }[]>' is not assignable to type 'unique symbol | QueryFunction<AuditLog[], readonly unknown[], never> | undefined'.
      Type '() => Promise<AuditLog[] | { user_email: string | null; user_name: string | null; }[]>' is not assignable to type 'QueryFunction<AuditLog[], readonly unknown[], never>'.
        Type 'Promise<AuditLog[] | { user_email: string | null; user_name: string | null; }[]>' is not assignable to type 'AuditLog[] | Promise<AuditLog[]>'.
          Type 'Promise<AuditLog[] | { user_email: string | null; user_name: string | null; }[]>' is not assignable to type 'Promise<AuditLog[]>'.
            Type 'AuditLog[] | { user_email: string | null; user_name: string | null; }[]' is not assignable to type 'AuditLog[]'.
              Type '{ user_email: string | null; user_name: string | null; }[]' is not assignable to type 'AuditLog[]'.
                Type '{ user_email: string | null; user_name: string | null; }' is missing the following properties from type 'AuditLog': id, timestamp, user_id, action, and 8 more.
src/hooks/useAuditLogs.ts(96,15): error TS2339: Property 'table_name' does not exist on type '{ user_email: string | null; user_name: string | null; }'.
src/hooks/useAuditLogs.ts(97,15): error TS2339: Property 'action' does not exist on type '{ user_email: string | null; user_name: string | null; }'.
src/hooks/useAuditLogs.ts(98,15): error TS2339: Property 'record_id' does not exist on type '{ user_email: string | null; user_name: string | null; }'.
src/hooks/useAuditLogs.ts(101,30): error TS2339: Property 'new_data' does not exist on type '{ user_email: string | null; user_name: string | null; }'.
src/hooks/useAuditLogs.ts(102,30): error TS2339: Property 'old_data' does not exist on type '{ user_email: string | null; user_name: string | null; }'.
src/hooks/useAuditLogs.ts(112,41): error TS2339: Property 'map' does not exist on type 'AuditLog[] | NoInfer<TQueryFnData>'.
  Property 'map' does not exist on type 'NoInfer<TQueryFnData>'.
src/hooks/useAuditLogs.ts(112,45): error TS7006: Parameter 'log' implicitly has an 'any' type.
src/hooks/useAuditLogs.ts(113,42): error TS2339: Property 'map' does not exist on type 'AuditLog[] | NoInfer<TQueryFnData>'.
  Property 'map' does not exist on type 'NoInfer<TQueryFnData>'.
src/hooks/useAuditLogs.ts(113,46): error TS7006: Parameter 'log' implicitly has an 'any' type.
src/hooks/useAuditLogs.ts(117,17): error TS2339: Property 'length' does not exist on type 'AuditLog[] | NoInfer<TQueryFnData>'.
  Property 'length' does not exist on type 'NoInfer<TQueryFnData>'.
src/hooks/useAuditLogs.ts(118,19): error TS2339: Property 'filter' does not exist on type 'AuditLog[] | NoInfer<TQueryFnData>'.
  Property 'filter' does not exist on type 'NoInfer<TQueryFnData>'.
src/hooks/useAuditLogs.ts(118,26): error TS7006: Parameter 'l' implicitly has an 'any' type.
src/hooks/useAuditLogs.ts(119,19): error TS2339: Property 'filter' does not exist on type 'AuditLog[] | NoInfer<TQueryFnData>'.
  Property 'filter' does not exist on type 'NoInfer<TQueryFnData>'.
src/hooks/useAuditLogs.ts(119,26): error TS7006: Parameter 'l' implicitly has an 'any' type.
src/hooks/useAuditLogs.ts(120,19): error TS2339: Property 'filter' does not exist on type 'AuditLog[] | NoInfer<TQueryFnData>'.
  Property 'filter' does not exist on type 'NoInfer<TQueryFnData>'.
src/hooks/useAuditLogs.ts(120,26): error TS7006: Parameter 'l' implicitly has an 'any' type.
src/hooks/useAuditLogs.ts(122,7): error TS18046: 'acc' is of type 'unknown'.
src/hooks/useAuditLogs.ts(122,25): error TS2339: Property 'filter' does not exist on type 'AuditLog[] | NoInfer<TQueryFnData>'.
  Property 'filter' does not exist on type 'NoInfer<TQueryFnData>'.
src/hooks/useAuditLogs.ts(122,32): error TS7006: Parameter 'l' implicitly has an 'any' type.
src/hooks/useClinicAnalytics.ts(446,40): error TS2339: Property 'name' does not exist on type 'SelectQueryError<"could not find the relation between appointments and therapists">'.
src/hooks/useClinicAnalytics.ts(473,53): error TS2339: Property 'therapist_id' does not exist on type 'SelectQueryError<"could not find the relation between payments and appointments">'.
src/hooks/useClinicAnalytics.ts(474,46): error TS2339: Property 'therapists' does not exist on type 'SelectQueryError<"could not find the relation between payments and appointments">'.
src/hooks/useCommunications.ts(55,14): error TS2352: Conversion of type '{ [x: string]: any; patient: SelectQueryError<"could not find the relation between communication_logs and patients">; }[]' to type 'Communication[]' may be a mistake because neither type sufficiently overlaps with the other. If this was intentional, convert the expression to 'unknown' first.
  Type '{ [x: string]: any; patient: SelectQueryError<"could not find the relation between communication_logs and patients">; }' is missing the following properties from type 'Communication': id, type, recipient, patient_id, and 10 more.
src/hooks/useErrorHandler.ts(100,13): error TS2353: Object literal may only specify known properties, and 'label' does not exist in type 'ReactElement<ForwardRefExoticComponent<Omit<ToastActionProps & RefAttributes<HTMLButtonElement>, "ref"> & RefAttributes<HTMLButtonElement>>, string | JSXElementConstructor<...>>'.
src/hooks/useErrorHandler.ts(191,18): error TS2322: Type 'Awaited<T>' is not assignable to type 'T | null'.
  Type 'T | (T extends object & { then(onfulfilled: infer F, ...args: infer _): any; } ? F extends (value: infer V, ...args: infer _) => any ? Awaited<V> : never : T)' is not assignable to type 'T | null'.
    Type '(null | undefined) & T' is not assignable to type 'T | null'.
      Type 'undefined & T' is not assignable to type 'T | null'.
src/hooks/useErrorHandler.ts(200,18): error TS18048: 'options' is possibly 'undefined'.
src/hooks/useErrorHandler.ts(208,11): error TS18048: 'options' is possibly 'undefined'.
src/hooks/useErrorHandler.ts(209,33): error TS18048: 'options' is possibly 'undefined'.
src/hooks/useErrorHandler.ts(260,20): error TS2550: Property 'cause' does not exist on type 'Error'. Do you need to change your target library? Try changing the 'lib' compiler option to 'es2022' or later.
src/hooks/useEvaluationForms.ts(246,30): error TS2339: Property '_formId' does not exist on type 'Partial<EvaluationFormField> & { id: string; formId: string; }'.
src/hooks/useEvaluationForms.ts(276,30): error TS2339: Property '_formId' does not exist on type '{ id: string; formId: string; }'.
src/hooks/useEventoTemplates.ts(51,53): error TS2339: Property 'map' does not exist on type 'SelectQueryError<"could not find the relation between eventos and checklist_items">'.
src/hooks/useExerciseProtocols.ts(52,32): error TS2345: Argument of type 'Error' is not assignable to parameter of type 'T | PromiseLike<T>'.
  Type 'Error' is not assignable to type 'T'.
    'T' could be instantiated with an arbitrary type which could be unrelated to 'Error'.
src/hooks/useExerciseTemplates.ts(162,14): error TS2352: Conversion of type '{ [x: string]: any; exercise: SelectQueryError<"could not find the relation between exercise_template_items and exercises">; }[]' to type 'ExerciseTemplateItem[]' may be a mistake because neither type sufficiently overlaps with the other. If this was intentional, convert the expression to 'unknown' first.
  Type '{ [x: string]: any; exercise: SelectQueryError<"could not find the relation between exercise_template_items and exercises">; }' is missing the following properties from type 'ExerciseTemplateItem': id, template_id, exercise_id, order_index
src/hooks/useExportPrestadores.ts(53,22): error TS18046: 'error' is of type 'unknown'.
src/hooks/useFileUpload.ts(2,15): error TS2305: Module '"./index"' has no exported member 'UseFileUploadOptions'.
src/hooks/useGoogleCalendarSync.ts(112,17): error TS2339: Property 'email' does not exist on type 'GoogleOAuthToken'.
src/hooks/useGoogleCalendarSync.ts(123,26): error TS2339: Property 'email' does not exist on type 'GoogleOAuthToken'.
src/hooks/useGoogleCalendarSync.ts(137,46): error TS2339: Property 'email' does not exist on type 'GoogleOAuthToken'.
src/hooks/useGoogleCalendarSync.ts(291,5): error TS2322: Type 'void' is not assignable to type 'string'.
src/hooks/useIncompletePatients.ts(38,18): error TS18046: 'err' is of type 'unknown'.
src/hooks/useInnovations.ts(86,14): error TS2352: Conversion of type '{ [x: string]: any; reward: SelectQueryError<"could not find the relation between patient_achievements and gamification_rewards">; }[]' to type 'PatientAchievement[]' may be a mistake because neither type sufficiently overlaps with the other. If this was intentional, convert the expression to 'unknown' first.
  Type '{ [x: string]: any; reward: SelectQueryError<"could not find the relation between patient_achievements and gamification_rewards">; }' is missing the following properties from type 'PatientAchievement': id, patient_id, reward_id, unlocked_at, notified
src/hooks/useLivePoseAnalysis.ts(8,10): error TS2305: Module '"@/utils/geometry"' has no exported member 'UnifiedLandmark'.
src/hooks/useLivePoseAnalysis.ts(63,21): error TS2322: Type 'unknown' is not assignable to type '{ detectForVideo: (video: HTMLVideoElement, timestamp: number) => { landmarks: unknown[][]; }; close?: (() => void) | undefined; } | null'.
src/hooks/useLivePoseAnalysis.ts(75,39): error TS2741: Property 'close' is missing in type 'typeof PoseLandmarker' but required in type '{ createFromOptions: (vision: unknown, options: Record<string, unknown>) => Promise<unknown>; close: () => void; }'.
src/hooks/useLivePoseAnalysis.ts(75,80): error TS2322: Type 'typeof DrawingUtils' is not assignable to type 'new (ctx: CanvasRenderingContext2D) => { drawLandmarks: (landmarks: unknown, options: Record<string, unknown>) => void; drawConnectors: (landmarks: unknown, connections: unknown) => void; lerp: (x: number, min: number, max: number, newMin: number, newMax: number) => number; }'.
  Types of parameters 'gpuContext' and 'ctx' are incompatible.
    Type 'CanvasRenderingContext2D' is missing the following properties from type 'WebGL2RenderingContext': beginQuery, beginTransformFeedback, bindBufferBase, bindBufferRange, and 781 more.
src/hooks/useLivePoseAnalysis.ts(83,13): error TS2722: Cannot invoke an object which is possibly 'undefined'.
src/hooks/useLivePoseAnalysis.ts(151,78): error TS2339: Property 'lerp' does not exist on type 'new (ctx: CanvasRenderingContext2D) => { drawLandmarks: (landmarks: unknown, options: Record<string, unknown>) => void; drawConnectors: (landmarks: unknown, connections: unknown) => void; lerp: (x: number, min: number, max: number, newMin: number, newMax: number) => number; }'.
src/hooks/useLivePoseAnalysis.ts(153,71): error TS2339: Property 'POSE_CONNECTIONS' does not exist on type '{ createFromOptions: (vision: unknown, options: Record<string, unknown>) => Promise<unknown>; close: () => void; }'.
src/hooks/useLivePoseAnalysis.ts(156,47): error TS2345: Argument of type '(l: { x: number; y: number; z: number; visibility?: number; }) => { x: number; y: number; z: number; visibility: number; }' is not assignable to parameter of type '(value: unknown, index: number, array: unknown[]) => { x: number; y: number; z: number; visibility: number; }'.
  Types of parameters 'l' and 'value' are incompatible.
    Type 'unknown' is not assignable to type '{ x: number; y: number; z: number; visibility?: number | undefined; }'.
src/hooks/useLivePoseAnalysis.ts(185,34): error TS2571: Object is of type 'unknown'.
src/hooks/useMLDataCollection.ts(146,34): error TS2304: Cannot find name 'collectPatientMLData'.
src/hooks/useMLDataCollection.ts(212,38): error TS2304: Cannot find name 'collectPatientMLData'.
src/hooks/useMLDataCollection.ts(268,66): error TS2345: Argument of type '(acc: Record<string, number>, record: MLTrainingData) => Record<string, number>' is not assignable to parameter of type '(previousValue: Record<string, number>, currentValue: { [x: string]: any; }, currentIndex: number, array: { [x: string]: any; }[]) => Record<string, number>'.
  Types of parameters 'record' and 'currentValue' are incompatible.
    Type '{ [x: string]: any; }' is missing the following properties from type 'MLTrainingData': id, patient_hash, age_group, gender, and 18 more.
src/hooks/useMLDataCollection.ts(273,68): error TS2345: Argument of type '(acc: Record<string, number>, record: MLTrainingData) => Record<string, number>' is not assignable to parameter of type '(previousValue: Record<string, number>, currentValue: { [x: string]: any; }, currentIndex: number, array: { [x: string]: any; }[]) => Record<string, number>'.
  Types of parameters 'record' and 'currentValue' are incompatible.
    Type '{ [x: string]: any; }' is missing the following properties from type 'MLTrainingData': id, patient_hash, age_group, gender, and 18 more.
src/hooks/useMLDataCollection.ts(278,45): error TS2769: No overload matches this call.
  Overload 1 of 3, '(callbackfn: (previousValue: { [x: string]: any; }, currentValue: { [x: string]: any; }, currentIndex: number, array: { [x: string]: any; }[]) => { [x: string]: any; }, initialValue: { [x: string]: any; }): { ...; }', gave the following error.
    Argument of type '(sum: number, record: MLTrainingData) => number' is not assignable to parameter of type '(previousValue: { [x: string]: any; }, currentValue: { [x: string]: any; }, currentIndex: number, array: { [x: string]: any; }[]) => { [x: string]: any; }'.
      Types of parameters 'sum' and 'previousValue' are incompatible.
        Type '{ [x: string]: any; }' is not assignable to type 'number'.
  Overload 2 of 3, '(callbackfn: (previousValue: number, currentValue: { [x: string]: any; }, currentIndex: number, array: { [x: string]: any; }[]) => number, initialValue: number): number', gave the following error.
    Argument of type '(sum: number, record: MLTrainingData) => number' is not assignable to parameter of type '(previousValue: number, currentValue: { [x: string]: any; }, currentIndex: number, array: { [x: string]: any; }[]) => number'.
      Types of parameters 'record' and 'currentValue' are incompatible.
        Type '{ [x: string]: any; }' is missing the following properties from type 'MLTrainingData': id, patient_hash, age_group, gender, and 18 more.
src/hooks/useMLDataCollection.ts(279,53): error TS2769: No overload matches this call.
  Overload 1 of 3, '(callbackfn: (previousValue: { [x: string]: any; }, currentValue: { [x: string]: any; }, currentIndex: number, array: { [x: string]: any; }[]) => { [x: string]: any; }, initialValue: { [x: string]: any; }): { ...; }', gave the following error.
    Argument of type '(sum: number, record: MLTrainingData) => number' is not assignable to parameter of type '(previousValue: { [x: string]: any; }, currentValue: { [x: string]: any; }, currentIndex: number, array: { [x: string]: any; }[]) => { [x: string]: any; }'.
      Types of parameters 'sum' and 'previousValue' are incompatible.
        Type '{ [x: string]: any; }' is not assignable to type 'number'.
  Overload 2 of 3, '(callbackfn: (previousValue: number, currentValue: { [x: string]: any; }, currentIndex: number, array: { [x: string]: any; }[]) => number, initialValue: number): number', gave the following error.
    Argument of type '(sum: number, record: MLTrainingData) => number' is not assignable to parameter of type '(previousValue: number, currentValue: { [x: string]: any; }, currentIndex: number, array: { [x: string]: any; }[]) => number'.
      Types of parameters 'record' and 'currentValue' are incompatible.
        Type '{ [x: string]: any; }' is missing the following properties from type 'MLTrainingData': id, patient_hash, age_group, gender, and 18 more.
src/hooks/useMLDataCollection.ts(285,39): error TS2362: The left-hand side of an arithmetic operation must be of type 'any', 'number', 'bigint' or an enum type.
src/hooks/useMLDataCollection.ts(286,47): error TS2362: The left-hand side of an arithmetic operation must be of type 'any', 'number', 'bigint' or an enum type.
src/hooks/useMLDataCollection.ts(303,34): error TS2304: Cannot find name 'collectPatientMLData'.
src/hooks/useMedicalRequests.ts(49,25): error TS2345: Argument of type '{ [x: string]: any; files: SelectQueryError<"could not find the relation between medical_requests and medical_request_files">; }[]' is not assignable to parameter of type 'SetStateAction<MedicalRequest[]>'.
  Type '{ [x: string]: any; files: SelectQueryError<"could not find the relation between medical_requests and medical_request_files">; }[]' is not assignable to type 'MedicalRequest[]'.
    Type '{ [x: string]: any; files: SelectQueryError<"could not find the relation between medical_requests and medical_request_files">; }' is missing the following properties from type 'MedicalRequest': id, patient_id, doctor_name, request_date, and 2 more.
src/hooks/useNotificationPreferences.ts(60,11): error TS2740: Type '{ [x: string]: any; }' is missing the following properties from type 'NotificationPreferences': id, user_id, appointment_reminders, exercise_reminders, and 9 more.
src/hooks/useNotificationPreferences.ts(65,7): error TS2740: Type '{ [x: string]: any; }' is missing the following properties from type 'NotificationPreferences': id, user_id, appointment_reminders, exercise_reminders, and 9 more.
src/hooks/useNotifications.ts(97,10): error TS7006: Parameter 'payload' implicitly has an 'any' type.
src/hooks/useOfflineMutation.ts(4,30): error TS2307: Cannot find module 'uuid' or its corresponding type declarations.
src/hooks/useOfflineMutation.ts(29,21): error TS4104: The type 'readonly unknown[]' is 'readonly' and cannot be assigned to the mutable type 'unknown[]'.
src/hooks/useOfflineMutation.ts(43,49): error TS2554: Expected 2 arguments, but got 1.
src/hooks/useOfflineMutation.ts(59,25): error TS2554: Expected 4 arguments, but got 3.
src/hooks/useOfflineStorage.ts(42,3): error TS2411: Property 'offline_actions' of type '{ key: string; value: { id: string; action: string; payload: unknown; timestamp: number; synced: boolean; retryCount: number; }; indexes: { 'by-synced': boolean; 'by-timestamp': number; }; }' is not assignable to 'string' index type 'DBSchemaValue'.
src/hooks/useOfflineStorage.ts(191,17): error TS2323: Cannot redeclare exported variable 'resetDBInstance'.
src/hooks/useOfflineStorage.ts(853,17): error TS2323: Cannot redeclare exported variable 'resetDBInstance'.
src/hooks/useOfflineStorage.ts(853,17): error TS2484: Export declaration conflicts with exported declaration of 'resetDBInstance'.
src/hooks/useOfflineStorage.ts(854,28): error TS2484: Export declaration conflicts with exported declaration of 'OfflineStorageOptions'.
src/hooks/useOfflineStorage.ts(854,51): error TS2484: Export declaration conflicts with exported declaration of 'SyncResult'.
src/hooks/useOfflineStorage.ts(854,63): error TS2484: Export declaration conflicts with exported declaration of 'StorageQuota'.
src/hooks/useOfflineStorage.ts(854,77): error TS2484: Export declaration conflicts with exported declaration of 'ConnectionStatus'.
src/hooks/useOptimisticMutation.ts(116,23): error TS2769: No overload matches this call.
  Overload 1 of 4, '(target: {}, source: Awaited<TContext>): {} & Awaited<TContext>', gave the following error.
    Argument of type 'TContext' is not assignable to parameter of type '{}'.
  Overload 2 of 4, '(target: object, ...sources: any[]): any', gave the following error.
    Argument of type 'TContext' is not assignable to parameter of type 'object'.
src/hooks/useOptimisticMutation.ts(124,20): error TS2339: Property 'previousData' does not exist on type 'NonNullable<TContext>'.
src/hooks/useOptimisticMutation.ts(126,54): error TS2339: Property 'previousData' does not exist on type 'NonNullable<TContext>'.
src/hooks/useOptimisticMutation.ts(195,17): error TS2339: Property 'updateQueries' does not exist on type '{ mutationFn: (variables: TVariables) => Promise<TData>; invalidateQueries?: string[][] | undefined; successMessage?: string | undefined; errorMessage?: string | undefined; getOptimisticData?: ((variables: TVariables) => (old: TData | undefined) => TData) | undefined; }'.
src/hooks/useOptimisticMutation.ts(195,41): error TS7006: Parameter 'queryKey' implicitly has an 'any' type.
src/hooks/useOptimisticMutation.ts(233,15): error TS2339: Property 'updateQueries' does not exist on type '{ mutationFn: (variables: TVariables) => Promise<TData>; invalidateQueries?: string[][] | undefined; successMessage?: string | undefined; errorMessage?: string | undefined; getOptimisticUpdate?: ((variables: TVariables) => (old: TData) => TData) | undefined; findItem?: ((data: TData[], variables: TVariables) => TDat...'.
src/hooks/useOptimisticMutation.ts(233,39): error TS7006: Parameter 'queryKey' implicitly has an 'any' type.
src/hooks/useOptimisticMutation.ts(235,9): error TS2322: Type 'unknown' is not assignable to type 'TData | undefined'.
src/hooks/useOptimisticMutation.ts(274,15): error TS2339: Property 'updateQueries' does not exist on type '{ mutationFn: (variables: TVariables) => Promise<TData>; invalidateQueries?: string[][] | undefined; successMessage?: string | undefined; errorMessage?: string | undefined; findItem?: ((data: TData[], variables: TVariables) => TData) | undefined; }'.
src/hooks/useOptimisticMutation.ts(274,39): error TS7006: Parameter 'queryKey' implicitly has an 'any' type.
src/hooks/useOptimisticMutation.ts(276,9): error TS2322: Type 'unknown' is not assignable to type 'TData | undefined'.
src/hooks/usePainMaps.ts(234,44): error TS2345: Argument of type 'SelectQueryError<"could not find the relation between pain_maps and pain_map_points">' is not assignable to parameter of type 'PainMapPoint[]'.
  Type '{ error: true; } & String' is missing the following properties from type 'PainMapPoint[]': pop, push, join, reverse, and 21 more.
src/hooks/usePatientAnalytics.ts(578,37): error TS2339: Property '_patientId' does not exist on type '{ insightId: string; patientId: string; }'.
src/hooks/usePatientAnalytics.ts(669,9): error TS2322: Type '{ patient_id: string; progress_summary: PatientProgressSummary; pain_trend: OutcomeMeasureTrend | null; function_trend: OutcomeMeasureTrend | null; ... 7 more ...; recent_sessions: { ...; }[]; } | undefined' is not assignable to type 'PatientAnalyticsData | undefined'.
  Type '{ patient_id: string; progress_summary: PatientProgressSummary; pain_trend: OutcomeMeasureTrend | null; function_trend: OutcomeMeasureTrend | null; ... 7 more ...; recent_sessions: { ...; }[]; }' is not assignable to type 'PatientAnalyticsData'.
    Types of property 'lifecycle' are incompatible.
      Type 'PatientLifecycleSummaryData | null' is not assignable to type 'PatientLifecycleSummary | null'.
        Property 'upcoming_milestones' is missing in type 'PatientLifecycleSummaryData' but required in type 'PatientLifecycleSummary'.
src/hooks/usePatientCrud.ts(135,17): error TS2344: Type 'PatientDBStandard' does not satisfy the constraint 'string'.
src/hooks/usePatientCrud.ts(160,17): error TS2344: Type 'PatientDBStandard' does not satisfy the constraint 'string'.
src/hooks/usePatientCrud.ts(221,17): error TS2344: Type 'PatientDBStandard' does not satisfy the constraint 'string'.
src/hooks/usePatientCrud.ts(302,17): error TS2344: Type 'PatientDBStandard' does not satisfy the constraint 'string'.
src/hooks/usePatientCrud.ts(379,17): error TS2344: Type 'PatientDBStandard' does not satisfy the constraint 'string'.
src/hooks/usePatientCrud.ts(427,17): error TS2344: Type 'PatientDBStandard' does not satisfy the constraint 'string'.
src/hooks/usePatientEvolution.ts(449,9): error TS18048: 'saveResult' is possibly 'undefined'.
src/hooks/usePatientEvolutionReport.ts(73,11): error TS2353: Object literal may only specify known properties, and 'currentPainLevel' does not exist in type 'PatientEvolutionData'.
src/hooks/usePatientEvolutionReport.ts(123,9): error TS2322: Type '{ session_id: any; global_pain_level: any; }[] | null' is not assignable to type '{ id: string; pain_points?: unknown; }[] | null'.
  Type '{ session_id: any; global_pain_level: any; }[]' is not assignable to type '{ id: string; pain_points?: unknown; }[]'.
    Property 'id' is missing in type '{ session_id: any; global_pain_level: any; }' but required in type '{ id: string; pain_points?: unknown; }'.
src/hooks/usePatientEvolutionReport.ts(127,33): error TS2339: Property 'session_id' does not exist on type '{ id: string; pain_points?: unknown; }'.
src/hooks/usePatientEvolutionReport.ts(127,48): error TS2339: Property 'global_pain_level' does not exist on type '{ id: string; pain_points?: unknown; }'.
src/hooks/usePatientEvolutionReport.ts(143,31): error TS2339: Property 'id' does not exist on type '{ full_name?: string | undefined; }'.
src/hooks/usePatientEvolutionReport.ts(184,9): error TS2353: Object literal may only specify known properties, and 'currentPainLevel' does not exist in type 'PatientEvolutionData'.
src/hooks/usePatientExams.ts(50,22): error TS2352: Conversion of type '{ [x: string]: any; files: SelectQueryError<"could not find the relation between patient_exams and patient_exam_files">; }[]' to type 'PatientExam[]' may be a mistake because neither type sufficiently overlaps with the other. If this was intentional, convert the expression to 'unknown' first.
  Type '{ [x: string]: any; files: SelectQueryError<"could not find the relation between patient_exams and patient_exam_files">; }' is missing the following properties from type 'PatientExam': id, patient_id, title, exam_date, and 3 more.
src/hooks/usePatientObjectives.ts(60,14): error TS2352: Conversion of type '{ [x: string]: any; objective: SelectQueryError<"could not find the relation between patient_objective_assignments and patient_objectives">; }[]' to type 'PatientObjectiveAssignment[]' may be a mistake because neither type sufficiently overlaps with the other. If this was intentional, convert the expression to 'unknown' first.
  Type '{ [x: string]: any; objective: SelectQueryError<"could not find the relation between patient_objective_assignments and patient_objectives">; }' is missing the following properties from type 'PatientObjectiveAssignment': id, patient_id, objective_id, prioridade, and 2 more.
src/hooks/usePatientStats.ts(357,9): error TS2322: Type '{ [x: string]: any; }[]' is not assignable to type 'Appointment[]'.
  Type '{ [x: string]: any; }' is missing the following properties from type 'Appointment': id, patient_id, appointment_date, status
src/hooks/usePatientStats.ts(358,9): error TS2322: Type '{ [x: string]: any; }[]' is not assignable to type 'SOAPRecord[]'.
  Type '{ [x: string]: any; }' is missing the following properties from type 'SOAPRecord': id, patient_id, created_at, status
src/hooks/usePatientStats.ts(415,11): error TS2322: Type '{ [x: string]: any; }[]' is not assignable to type 'Appointment[]'.
  Type '{ [x: string]: any; }' is missing the following properties from type 'Appointment': id, patient_id, appointment_date, status
src/hooks/usePatientStats.ts(416,11): error TS2322: Type '{ [x: string]: any; }[]' is not assignable to type 'SOAPRecord[]'.
  Type '{ [x: string]: any; }' is missing the following properties from type 'SOAPRecord': id, patient_id, created_at, status
src/hooks/usePatients.ts(100,11): error TS2552: Cannot find name 'isOffline'. Did you mean 'isOnline'?
src/hooks/usePatients.ts(112,19): error TS2304: Cannot find name 'PATIENT_SELECT'.
src/hooks/usePatients.ts(116,62): error TS2345: Argument of type 'string | undefined' is not assignable to parameter of type 'string'.
  Type 'undefined' is not assignable to type 'string'.
src/hooks/usePatients.ts(118,17): error TS2339: Property 'data' does not exist on type 'unknown'.
src/hooks/usePatients.ts(118,23): error TS2339: Property 'error' does not exist on type 'unknown'.
src/hooks/usePatients.ts(120,13): error TS2345: Argument of type 'PostgrestSingleResponse<PatientDBStandard[]>' is not assignable to parameter of type 'PromiseLike<unknown>'.
  Property 'then' is missing in type 'PostgrestResponseFailure' but required in type 'PromiseLike<unknown>'.
src/hooks/usePatients.ts(212,19): error TS2304: Cannot find name 'PATIENT_SELECT'.
src/hooks/usePatients.ts(214,21): error TS2339: Property 'error' does not exist on type '{ data: PatientDBStandard | null; }'.
src/hooks/usePatients.ts(235,21): error TS2339: Property 'error' does not exist on type '{ data: { [x: string]: any; }; }'.
src/hooks/usePatients.ts(242,7): error TS2304: Cannot find name 'toast'.
src/hooks/usePatients.ts(261,21): error TS2339: Property 'error' does not exist on type '{ data: { [x: string]: any; }; }'.
src/hooks/usePatients.ts(269,7): error TS2304: Cannot find name 'toast'.
src/hooks/usePatients.ts(294,7): error TS2304: Cannot find name 'toast'.
src/hooks/usePrescribedExercises.ts(35,20): error TS2352: Conversion of type '{ [x: string]: any; exercise: SelectQueryError<"could not find the relation between prescribed_exercises and exercises">; }[]' to type 'PrescribedExercise[]' may be a mistake because neither type sufficiently overlaps with the other. If this was intentional, convert the expression to 'unknown' first.
  Type '{ [x: string]: any; exercise: SelectQueryError<"could not find the relation between prescribed_exercises and exercises">; }' is missing the following properties from type 'PrescribedExercise': id, patient_id, exercise_id, sets, and 2 more.
src/hooks/usePrestadores.ts(48,22): error TS18046: 'error' is of type 'unknown'.
src/hooks/usePrestadores.ts(81,22): error TS18046: 'error' is of type 'unknown'.
src/hooks/usePrestadores.ts(112,22): error TS18046: 'error' is of type 'unknown'.
src/hooks/usePrestadores.ts(149,53): error TS2339: Property 'status_pagamento' does not exist on type '{ eventoId: string; }'.
src/hooks/usePrestadores.ts(155,22): error TS18046: 'error' is of type 'unknown'.
src/hooks/usePurchaseVoucher.ts(52,7): error TS2304: Cannot find name 'queryClient'.
src/hooks/useRealtimeEventos.ts(28,10): error TS7006: Parameter 'payload' implicitly has an 'any' type.
src/hooks/useRealtimeEventos.ts(46,10): error TS7006: Parameter 'payload' implicitly has an 'any' type.
src/hooks/useRealtimeEventos.ts(60,10): error TS7006: Parameter 'payload' implicitly has an 'any' type.
src/hooks/useRealtimeSubscription.ts(82,25): error TS7006: Parameter 'status' implicitly has an 'any' type.
src/hooks/useRecurringAppointments.ts(67,3): error TS2322: Type '{ [x: string]: any; patient: SelectQueryError<"could not find the relation between recurring_appointment_series and patients">; therapist: SelectQueryError<"could not find the relation between recurring_appointment_series and profiles">; }[]' is not assignable to type 'RecurringAppointmentSeries[]'.
  Type '{ [x: string]: any; patient: SelectQueryError<"could not find the relation between recurring_appointment_series and patients">; therapist: SelectQueryError<"could not find the relation between recurring_appointment_series and profiles">; }' is missing the following properties from type 'RecurringAppointmentSeries': id, organization_id, patient_id, recurrence_type, and 9 more.
src/hooks/useRecurringAppointments.ts(91,3): error TS2740: Type '{ [x: string]: any; patient: SelectQueryError<"could not find the relation between recurring_appointment_series and patients">; therapist: SelectQueryError<"could not find the relation between recurring_appointment_series and profiles">; }' is missing the following properties from type 'RecurringAppointmentSeries': id, organization_id, patient_id, recurrence_type, and 9 more.
src/hooks/useRecurringAppointments.ts(107,3): error TS2322: Type '{ [x: string]: any; }[]' is not assignable to type 'RecurringAppointmentOccurrence[]'.
  Type '{ [x: string]: any; }' is missing the following properties from type 'RecurringAppointmentOccurrence': id, series_id, occurrence_date, occurrence_time, and 3 more.
src/hooks/useRecurringAppointments.ts(196,17): error TS2323: Cannot redeclare exported variable 'useRecurringSeries'.
src/hooks/useRecurringAppointments.ts(196,17): error TS2393: Duplicate function implementation.
src/hooks/useRecurringAppointments.ts(210,17): error TS2323: Cannot redeclare exported variable 'useRecurringSeries'.
src/hooks/useRecurringAppointments.ts(210,17): error TS2393: Duplicate function implementation.
src/hooks/useRecurringAppointments.ts(295,9): error TS2740: Type '{ [x: string]: any; }' is missing the following properties from type 'RecurringAppointmentSeries': id, organization_id, patient_id, recurrence_type, and 9 more.
src/hooks/useRecurringAppointments.ts(296,9): error TS2322: Type '{ [x: string]: any; }[]' is not assignable to type 'RecurringAppointmentOccurrence[]'.
  Type '{ [x: string]: any; }' is missing the following properties from type 'RecurringAppointmentOccurrence': id, series_id, occurrence_date, occurrence_time, and 3 more.
src/hooks/useRecurringAppointments.ts(448,70): error TS2554: Expected 1 arguments, but got 0.
src/hooks/useRecurringAppointments.ts(508,70): error TS2554: Expected 1 arguments, but got 0.
src/hooks/useRecurringAppointments.ts(531,3): error TS1117: An object literal cannot have multiple properties with the same name.
src/hooks/useReports.ts(199,32): error TS2345: Argument of type '(s: { therapist_id?: string; therapist?: { name?: string; }; }) => void' is not assignable to parameter of type '(value: { therapist_id: any; therapist: SelectQueryError<"could not find the relation between sessions and profiles">; }, index: number, array: { therapist_id: any; therapist: SelectQueryError<...>; }[]) => void'.
  Types of parameters 's' and 'value' are incompatible.
    Type '{ therapist_id: any; therapist: SelectQueryError<"could not find the relation between sessions and profiles">; }' is not assignable to type '{ therapist_id?: string | undefined; therapist?: { name?: string | undefined; } | undefined; }'.
      Types of property 'therapist' are incompatible.
        Type 'SelectQueryError<"could not find the relation between sessions and profiles">' is not assignable to type '{ name?: string | undefined; } | undefined'.
src/hooks/useReports.ts(209,29): error TS18048: 'sessions.length' is possibly 'undefined'.
src/hooks/useReports.ts(209,67): error TS18047: 'sessions' is possibly 'null'.
src/hooks/useSatisfactionSurveys.ts(103,31): error TS2345: Argument of type '(item: SatisfactionSurvey & { therapist_id?: string; }) => { therapist: { id: string; name: string; } | null; id: string; organization_id: string; patient_id: string; appointment_id: string | null; ... 15 more ...; appointment?: { id: string; start_time: string; }; }' is not assignable to parameter of type '(value: { [x: string]: any; patient: SelectQueryError<"could not find the relation between satisfaction_surveys and patients">; appointment: SelectQueryError<"could not find the relation between satisfaction_surveys and appointments">; }, index: number, array: { ...; }[]) => { ...; }'.
  Types of parameters 'item' and 'value' are incompatible.
    Type '{ [x: string]: any; patient: SelectQueryError<"could not find the relation between satisfaction_surveys and patients">; appointment: SelectQueryError<"could not find the relation between satisfaction_surveys and appointments">; }' is not assignable to type 'SatisfactionSurvey & { therapist_id?: string | undefined; }'.
      Type '{ [x: string]: any; patient: SelectQueryError<"could not find the relation between satisfaction_surveys and patients">; appointment: SelectQueryError<"could not find the relation between satisfaction_surveys and appointments">; }' is missing the following properties from type 'SatisfactionSurvey': id, organization_id, patient_id, appointment_id, and 14 more.
src/hooks/useSatisfactionSurveys.ts(188,14): error TS2352: Conversion of type '{ [x: string]: any; patient: SelectQueryError<"could not find the relation between satisfaction_surveys and patients">; }' to type 'SatisfactionSurvey' may be a mistake because neither type sufficiently overlaps with the other. If this was intentional, convert the expression to 'unknown' first.
  Type '{ [x: string]: any; patient: SelectQueryError<"could not find the relation between satisfaction_surveys and patients">; }' is missing the following properties from type 'SatisfactionSurvey': id, organization_id, patient_id, appointment_id, and 14 more.
src/hooks/useServiceWorkerUpdate.ts(78,22): error TS2554: Expected 2 arguments, but got 3.
src/hooks/useStandardizedTests.ts(35,7): error TS2322: Type '{ test_type: "oswestry" | "lysholm" | "dash"; answers: Record<string, number>; }[]' is not assignable to type 'StandardizedTestResult[]'.
  Type '{ test_type: "oswestry" | "lysholm" | "dash"; answers: Record<string, number>; }' is missing the following properties from type 'StandardizedTestResult': id, patient_id, test_name, score, and 5 more.
src/hooks/useTeamPerformance.ts(138,51): error TS18046: 'apt' is of type 'unknown'.
src/hooks/useTeamPerformance.ts(140,36): error TS18046: 'apt' is of type 'unknown'.
src/hooks/useTeamPerformance.ts(140,77): error TS18046: 'apt' is of type 'unknown'.
src/hooks/useTeamPerformance.ts(154,74): error TS2339: Property 'therapist_id' does not exist on type '{ id?: string | undefined; patient_id?: string | undefined; appointment_date?: string | undefined; }'.
src/hooks/useTeamPerformance.ts(155,71): error TS2339: Property 'status' does not exist on type '{ id?: string | undefined; patient_id?: string | undefined; appointment_date?: string | undefined; }'.
src/hooks/useTeamPerformance.ts(159,26): error TS2339: Property 'payment_status' does not exist on type '{ id?: string | undefined; patient_id?: string | undefined; appointment_date?: string | undefined; }'.
src/hooks/useTeamPerformance.ts(159,57): error TS2339: Property 'payment_status' does not exist on type '{ id?: string | undefined; patient_id?: string | undefined; appointment_date?: string | undefined; }'.
src/hooks/useTeamPerformance.ts(160,47): error TS2339: Property 'payment_amount' does not exist on type '{ id?: string | undefined; patient_id?: string | undefined; appointment_date?: string | undefined; }'.
src/hooks/useTeamPerformance.ts(168,50): error TS2345: Argument of type 'string | undefined' is not assignable to parameter of type 'string'.
  Type 'undefined' is not assignable to type 'string'.
src/hooks/useTeamPerformance.ts(230,38): error TS2769: No overload matches this call.
  Overload 1 of 4, '(value: string | number | Date): Date', gave the following error.
    Argument of type 'string | undefined' is not assignable to parameter of type 'string | number | Date'.
      Type 'undefined' is not assignable to type 'string | number | Date'.
  Overload 2 of 4, '(value: string | number): Date', gave the following error.
    Argument of type 'string | undefined' is not assignable to parameter of type 'string | number'.
      Type 'undefined' is not assignable to type 'string | number'.
src/hooks/useTeamPerformance.ts(231,24): error TS2339: Property 'therapist_id' does not exist on type '{ id?: string | undefined; patient_id?: string | undefined; appointment_date?: string | undefined; }'.
src/hooks/useTeamPerformance.ts(234,25): error TS2339: Property 'payment_status' does not exist on type '{ id?: string | undefined; patient_id?: string | undefined; appointment_date?: string | undefined; }'.
src/hooks/useTeamPerformance.ts(234,58): error TS2339: Property 'payment_status' does not exist on type '{ id?: string | undefined; patient_id?: string | undefined; appointment_date?: string | undefined; }'.
src/hooks/useTeamPerformance.ts(236,92): error TS2339: Property 'payment_amount' does not exist on type '{ id?: string | undefined; patient_id?: string | undefined; appointment_date?: string | undefined; }'.
src/hooks/useTherapistOccupancy.ts(126,74): error TS2339: Property 'therapist_id' does not exist on type '{ id?: string | undefined; patient_id?: string | undefined; appointment_date?: string | undefined; }'.
src/hooks/useTherapistOccupancy.ts(130,84): error TS2339: Property 'duration' does not exist on type '{ id?: string | undefined; patient_id?: string | undefined; appointment_date?: string | undefined; }'.
src/hooks/useTherapistOccupancy.ts(167,21): error TS2339: Property 'therapist_id' does not exist on type '{ id?: string | undefined; }'.
src/hooks/useTherapistOccupancy.ts(168,42): error TS2339: Property 'appointment_time' does not exist on type '{ id?: string | undefined; }'.
src/hooks/useVouchers.ts(65,14): error TS2352: Conversion of type '{ [x: string]: any; voucher: SelectQueryError<"could not find the relation between user_vouchers and vouchers">; }[]' to type 'UserVoucher[]' may be a mistake because neither type sufficiently overlaps with the other. If this was intentional, convert the expression to 'unknown' first.
  Type '{ [x: string]: any; voucher: SelectQueryError<"could not find the relation between user_vouchers and vouchers">; }' is missing the following properties from type 'UserVoucher': id, user_id, voucher_id, sessoes_restantes, and 5 more.
src/hooks/useWaitlist.ts(103,40): error TS2345: Argument of type '(a: WaitlistEntry & { created_at: string; }, b: WaitlistEntry & { created_at: string; }) => number' is not assignable to parameter of type '(a: { [x: string]: any; patient: SelectQueryError<"could not find the relation between waitlist and patients">; }, b: { [x: string]: any; patient: SelectQueryError<"could not find the relation between waitlist and patients">; }) => number'.
  Types of parameters 'a' and 'a' are incompatible.
    Type '{ [x: string]: any; patient: SelectQueryError<"could not find the relation between waitlist and patients">; }' is not assignable to type 'WaitlistEntry & { created_at: string; }'.
      Type '{ [x: string]: any; patient: SelectQueryError<"could not find the relation between waitlist and patients">; }' is missing the following properties from type 'WaitlistEntry': id, patient_id, preferred_days, preferred_periods, and 4 more.
src/hooks/useWaitlist.ts(111,25): error TS2345: Argument of type '(item: WaitlistEntry & { preferred_time_slots?: string[]; preferred_periods?: string[]; refusal_count?: number; preferred_therapist_ids?: string[]; }) => { preferred_periods: string[]; ... 15 more ...; preferred_therapist_ids?: string[]; }' is not assignable to parameter of type '(value: { [x: string]: any; patient: SelectQueryError<"could not find the relation between waitlist and patients">; }, index: number, array: { [x: string]: any; patient: SelectQueryError<...>; }[]) => { ...; }'.
  Types of parameters 'item' and 'value' are incompatible.
    Type '{ [x: string]: any; patient: SelectQueryError<"could not find the relation between waitlist and patients">; }' is not assignable to type 'WaitlistEntry & { preferred_time_slots?: string[] | undefined; preferred_periods?: string[] | undefined; refusal_count?: number | undefined; preferred_therapist_ids?: string[] | undefined; }'.
      Type '{ [x: string]: any; patient: SelectQueryError<"could not find the relation between waitlist and patients">; }' is missing the following properties from type 'WaitlistEntry': id, patient_id, preferred_days, preferred_periods, and 4 more.
src/hooks/useWaitlist.ts(200,38): error TS2339: Property 'name' does not exist on type 'SelectQueryError<"could not find the relation between waitlist and patients">'.
src/hooks/useWaitlist.ts(238,5): error TS2322: Type '(input: OfferSlotInput) => Promise<{ patient: unknown; }>' is not assignable to type 'MutationFunction<WaitlistEntry & { patient?: { name?: string | undefined; } | undefined; }, OfferSlotInput>'.
  Type 'Promise<{ patient: unknown; }>' is not assignable to type 'Promise<WaitlistEntry & { patient?: { name?: string | undefined; } | undefined; }>'.
    Type '{ patient: unknown; }' is not assignable to type 'WaitlistEntry & { patient?: { name?: string | undefined; } | undefined; }'.
      Type '{ patient: unknown; }' is missing the following properties from type 'WaitlistEntry': id, patient_id, preferred_days, preferred_periods, and 4 more.
src/hooks/useWaitlist.ts(334,5): error TS2322: Type '(waitlistId: string) => Promise<{ wasRemoved: boolean; }>' is not assignable to type 'MutationFunction<WaitlistEntry & { wasRemoved?: boolean | undefined; }, string>'.
  Type 'Promise<{ wasRemoved: boolean; }>' is not assignable to type 'Promise<WaitlistEntry & { wasRemoved?: boolean | undefined; }>'.
    Type '{ wasRemoved: boolean; }' is not assignable to type 'WaitlistEntry & { wasRemoved?: boolean | undefined; }'.
      Type '{ wasRemoved: boolean; }' is missing the following properties from type 'WaitlistEntry': id, patient_id, preferred_days, preferred_periods, and 4 more.
src/inngest/workflows/birthdays.ts(23,3): error TS2345: Argument of type '{ event: "cron/daily.birthdays"; cron: string; }' is not assignable to parameter of type 'SingleOrArray<Trigger<string>>'.
  Types of property 'cron' are incompatible.
    Type 'string' is not assignable to type 'undefined'.
src/inngest/workflows/cleanup.ts(53,28): error TS2554: Expected 0-1 arguments, but got 2.
src/inngest/workflows/cleanup.ts(75,28): error TS2554: Expected 0-1 arguments, but got 2.
src/inngest/workflows/cleanup.ts(98,28): error TS2554: Expected 0-1 arguments, but got 2.
src/inngest/workflows/cleanup.ts(120,26): error TS2554: Expected 0-1 arguments, but got 2.
src/inngest/workflows/daily-reports.ts(24,3): error TS2345: Argument of type '{ event: "cron/daily.reports"; cron: string; }' is not assignable to parameter of type 'SingleOrArray<Trigger<string>>'.
  Types of property 'cron' are incompatible.
    Type 'string' is not assignable to type 'undefined'.
src/inngest/workflows/data-integrity.ts(19,3): error TS2345: Argument of type '{ event: "cron/data-integrity"; cron: string; }' is not assignable to parameter of type 'SingleOrArray<Trigger<string>>'.
  Types of property 'cron' are incompatible.
    Type 'string' is not assignable to type 'undefined'.
src/inngest/workflows/email.ts(63,9): error TS2345: Argument of type 'unknown' is not assignable to parameter of type 'string'.
src/inngest/workflows/email.ts(104,9): error TS2345: Argument of type 'unknown' is not assignable to parameter of type 'string'.
src/inngest/workflows/email.ts(144,9): error TS2345: Argument of type 'unknown' is not assignable to parameter of type 'string'.
src/inngest/workflows/email.ts(190,9): error TS2345: Argument of type 'unknown' is not assignable to parameter of type 'string'.
src/inngest/workflows/expiring-vouchers.ts(34,3): error TS2345: Argument of type '{ event: "cron/daily.expiring-vouchers"; cron: string; }' is not assignable to parameter of type 'SingleOrArray<Trigger<string>>'.
  Types of property 'cron' are incompatible.
    Type 'string' is not assignable to type 'undefined'.
src/inngest/workflows/weekly-summary.ts(23,3): error TS2345: Argument of type '{ event: "cron/weekly.summary"; cron: string; }' is not assignable to parameter of type 'SingleOrArray<Trigger<string>>'.
  Types of property 'cron' are incompatible.
    Type 'string' is not assignable to type 'undefined'.
src/inngest/workflows/whatsapp.ts(73,64): error TS2345: Argument of type 'unknown' is not assignable to parameter of type 'string'.
src/inngest/workflows/whatsapp.ts(109,60): error TS2345: Argument of type 'unknown' is not assignable to parameter of type 'string'.
src/inngest/workflows/whatsapp.ts(145,57): error TS2345: Argument of type 'unknown' is not assignable to parameter of type 'string'.
src/lib/ai/gateway.ts(220,7): error TS2353: Object literal may only specify known properties, and 'maxTokens' does not exist in type 'CallSettings & { system?: string | SystemModelMessage | SystemModelMessage[] | undefined; } & { prompt: string | ModelMessage[]; messages?: undefined; } & { ...; }'.
src/lib/ai/gateway.ts(229,28): error TS2339: Property 'promptTokens' does not exist on type 'LanguageModelUsage'.
src/lib/ai/gateway.ts(231,36): error TS2339: Property 'promptTokens' does not exist on type 'LanguageModelUsage'.
src/lib/ai/gateway.ts(232,40): error TS2339: Property 'completionTokens' does not exist on type 'LanguageModelUsage'.
src/lib/ai/gateway.ts(233,9): error TS2322: Type 'number | undefined' is not assignable to type 'number'.
  Type 'undefined' is not assignable to type 'number'.
src/lib/ai/gateway.ts(252,11): error TS2353: Object literal may only specify known properties, and 'maxTokens' does not exist in type 'CallSettings & { system?: string | SystemModelMessage | SystemModelMessage[] | undefined; } & { prompt: string | ModelMessage[]; messages?: undefined; } & { ...; }'.
src/lib/ai/gateway.ts(263,40): error TS2339: Property 'promptTokens' does not exist on type 'LanguageModelUsage'.
src/lib/ai/gateway.ts(264,44): error TS2339: Property 'completionTokens' does not exist on type 'LanguageModelUsage'.
src/lib/ai/gateway.ts(265,13): error TS2322: Type 'number | undefined' is not assignable to type 'number'.
  Type 'undefined' is not assignable to type 'number'.
src/lib/ai/gateway.ts(310,5): error TS2353: Object literal may only specify known properties, and 'maxTokens' does not exist in type 'CallSettings & { system?: string | SystemModelMessage | SystemModelMessage[] | undefined; } & { prompt: string | ModelMessage[]; messages?: undefined; } & { ...; }'.
src/lib/ai/gateway.ts(358,36): error TS2339: Property 'promptTokens' does not exist on type 'LanguageModelUsage'.
src/lib/ai/gateway.ts(359,40): error TS2339: Property 'completionTokens' does not exist on type 'LanguageModelUsage'.
src/lib/ai/gateway.ts(360,9): error TS2322: Type 'number | undefined' is not assignable to type 'number'.
  Type 'undefined' is not assignable to type 'number'.
src/lib/ai/gateway.ts(570,15): error TS2484: Export declaration conflicts with exported declaration of 'AIRequestOptions'.
src/lib/ai/gateway.ts(570,33): error TS2484: Export declaration conflicts with exported declaration of 'AIResponse'.
src/lib/ai/gateway.ts(570,45): error TS2484: Export declaration conflicts with exported declaration of 'AIStreamOptions'.
src/lib/analytics/clinic-metrics.ts(429,38): error TS2345: Argument of type '{ date: string; amount: number; status: string; appointment_id?: string | undefined; }[]' is not assignable to parameter of type '{ date: string; amount: number; status: "pending" | "paid" | "overdue"; appointment_id?: string | undefined; }[]'.
  Type '{ date: string; amount: number; status: string; appointment_id?: string | undefined; }' is not assignable to type '{ date: string; amount: number; status: "pending" | "paid" | "overdue"; appointment_id?: string | undefined; }'.
    Types of property 'status' are incompatible.
      Type 'string' is not assignable to type '"pending" | "paid" | "overdue"'.
src/lib/analytics/clinic-metrics.ts(430,39): error TS2345: Argument of type '{ id: string; created_at: string; last_appointment?: string | undefined; status?: string | undefined; }[]' is not assignable to parameter of type '{ id: string; created_at: string; last_appointment?: string | undefined; status?: "active" | "inactive" | undefined; }[]'.
  Type '{ id: string; created_at: string; last_appointment?: string | undefined; status?: string | undefined; }' is not assignable to type '{ id: string; created_at: string; last_appointment?: string | undefined; status?: "active" | "inactive" | undefined; }'.
    Types of property 'status' are incompatible.
      Type 'string | undefined' is not assignable to type '"active" | "inactive" | undefined'.
        Type 'string' is not assignable to type '"active" | "inactive" | undefined'.
src/lib/analytics/clinic-metrics.ts(431,55): error TS2345: Argument of type '{ date: string; time: string; status: string; duration?: number | undefined; therapist_id?: string | undefined; }[]' is not assignable to parameter of type '{ therapist_id: string; date: string; status: string; amount?: number | undefined; }[]'.
  Type '{ date: string; time: string; status: string; duration?: number | undefined; therapist_id?: string | undefined; }' is not assignable to type '{ therapist_id: string; date: string; status: string; amount?: number | undefined; }'.
    Types of property 'therapist_id' are incompatible.
      Type 'string | undefined' is not assignable to type 'string'.
        Type 'undefined' is not assignable to type 'string'.
src/lib/analytics/clinic-metrics.ts(434,7): error TS18004: No value exists in scope for the shorthand property 'start'. Either declare one or provide an initializer.
src/lib/auth/mfa.ts(78,67): error TS2769: No overload matches this call.
  The last overload gave the following error.
    Argument of type '{ factorId: string; code: string; }' is not assignable to parameter of type 'MFAVerifyParams'.
      Property 'challengeId' is missing in type '{ factorId: string; code: string; }' but required in type '{ factorId: string; challengeId: string; code: string; }'.
src/lib/auth/mfa.ts(105,7): error TS2322: Type '{ id: string; friendly_name?: string | undefined; factor_type: "webauthn" | "phone" | "totp"; status: "verified" | "unverified"; created_at: string; updated_at: string; }[]' is not assignable to type 'MFAEnrollment[]'.
  Type '{ id: string; friendly_name?: string | undefined; factor_type: "webauthn" | "phone" | "totp"; status: "verified" | "unverified"; created_at: string; updated_at: string; }' is missing the following properties from type 'MFAEnrollment': type, factors
src/lib/auth/mfa.ts(127,9): error TS2322: Type 'number' is not assignable to type 'string'.
src/lib/auth/mfa.ts(140,67): error TS2769: No overload matches this call.
  The last overload gave the following error.
    Argument of type '{ challengeId: string; code: string; }' is not assignable to parameter of type 'MFAVerifyParams'.
      Property 'factorId' is missing in type '{ challengeId: string; code: string; }' but required in type '{ factorId: string; challengeId: string; code: string; }'.
src/lib/cache/EXAMPLES.ts(8,26): error TS2307: Cannot find module '../supabase/client' or its corresponding type declarations.
src/lib/calendar/google-sync.ts(131,7): error TS2322: Type 'string | undefined' is not assignable to type 'number | null | undefined'.
  Type 'string' is not assignable to type 'number'.
src/lib/calendar/google-sync.ts(164,53): error TS2769: No overload matches this call.
  Overload 1 of 6, '(params?: Params$Resource$Events$Insert | undefined, options?: MethodOptions | undefined): Promise<GaxiosResponseWithHTTP2<Schema$Event>>', gave the following error.
    Type 'boolean' is not assignable to type 'string'.
  Overload 2 of 6, '(callback: BodyResponseCallback<Schema$Event>): void', gave the following error.
    Object literal may only specify known properties, and 'calendarId' does not exist in type 'BodyResponseCallback<Schema$Event>'.
src/lib/calendar/google-sync.ts(171,51): error TS2339: Property 'data' does not exist on type 'Promise<GaxiosResponseWithHTTP2<Readable>> & Promise<GaxiosResponseWithHTTP2<Schema$Event>> & void'.
src/lib/calendar/google-sync.ts(198,7): error TS2322: Type 'Schema$Event[]' is not assignable to type 'GoogleCalendarEvent[]'.
  Type 'Schema$Event' is not assignable to type 'GoogleCalendarEvent'.
    Types of property 'id' are incompatible.
      Type 'string | null | undefined' is not assignable to type 'string | undefined'.
        Type 'null' is not assignable to type 'string | undefined'.
src/lib/calendar/google-sync.ts(243,7): error TS2322: Type 'string | null | undefined' is not assignable to type 'string | null'.
  Type 'undefined' is not assignable to type 'string | null'.
src/lib/calendar/google-sync.ts(277,51): error TS2769: No overload matches this call.
  Overload 1 of 6, '(params?: Params$Resource$Events$List | undefined, options?: MethodOptions | undefined): Promise<GaxiosResponseWithHTTP2<Schema$Events>>', gave the following error.
    Object literal may only specify known properties, and 'privatePropertyExtension' does not exist in type 'Params$Resource$Events$List'.
  Overload 2 of 6, '(callback: BodyResponseCallback<Schema$Events>): void', gave the following error.
    Object literal may only specify known properties, and 'calendarId' does not exist in type 'BodyResponseCallback<Schema$Events>'.
src/lib/calendar/google-sync.ts(283,23): error TS2339: Property 'data' does not exist on type 'Promise<GaxiosResponseWithHTTP2<Readable>> & Promise<GaxiosResponseWithHTTP2<Schema$Events>> & void'.
src/lib/calendar/google-sync.ts(318,29): error TS2339: Property 'room_id' does not exist on type 'AppointmentBase'.
src/lib/calendar/google-sync.ts(318,51): error TS2339: Property 'room_id' does not exist on type 'AppointmentBase'.
src/lib/calendar/google-sync.ts(372,7): error TS2322: Type 'string' is not assignable to type 'AppointmentType | undefined'.
src/lib/calendar/google-sync.ts(373,7): error TS2322: Type 'string' is not assignable to type 'AppointmentStatus | undefined'.
src/lib/calendar/google-sync.ts(374,7): error TS2322: Type 'string | undefined' is not assignable to type 'Date | undefined'.
  Type 'string' is not assignable to type 'Date'.
src/lib/calendar/google-sync.ts(476,7): error TS18004: No value exists in scope for the shorthand property 'refresh_token'. Either declare one or provide an initializer.
src/lib/calendar/types.ts(338,3): error TS2484: Export declaration conflicts with exported declaration of 'CalendarViewType'.
src/lib/calendar/types.ts(339,3): error TS2484: Export declaration conflicts with exported declaration of 'AppointmentStatus'.
src/lib/calendar/types.ts(340,3): error TS2484: Export declaration conflicts with exported declaration of 'AppointmentType'.
src/lib/calendar/types.ts(341,3): error TS2484: Export declaration conflicts with exported declaration of 'CalendarFilters'.
src/lib/calendar/types.ts(342,3): error TS2484: Export declaration conflicts with exported declaration of 'FilterState'.
src/lib/calendar/types.ts(343,3): error TS2484: Export declaration conflicts with exported declaration of 'DragState'.
src/lib/calendar/types.ts(344,3): error TS2484: Export declaration conflicts with exported declaration of 'DraggedAppointment'.
src/lib/calendar/types.ts(345,3): error TS2484: Export declaration conflicts with exported declaration of 'DropTarget'.
src/lib/calendar/types.ts(346,3): error TS2484: Export declaration conflicts with exported declaration of 'DragResult'.
src/lib/calendar/types.ts(347,3): error TS2484: Export declaration conflicts with exported declaration of 'SelectionState'.
src/lib/calendar/types.ts(348,3): error TS2484: Export declaration conflicts with exported declaration of 'SelectionAction'.
src/lib/calendar/types.ts(349,3): error TS2484: Export declaration conflicts with exported declaration of 'TimeSlot'.
src/lib/calendar/types.ts(350,3): error TS2484: Export declaration conflicts with exported declaration of 'TimeWindow'.
src/lib/calendar/types.ts(351,3): error TS2484: Export declaration conflicts with exported declaration of 'AppointmentPosition'.
src/lib/calendar/types.ts(352,3): error TS2484: Export declaration conflicts with exported declaration of 'GridDimensions'.
src/lib/calendar/types.ts(353,3): error TS2484: Export declaration conflicts with exported declaration of 'CalendarViewSettings'.
src/lib/calendar/types.ts(354,3): error TS2484: Export declaration conflicts with exported declaration of 'VirtualGridItem'.
src/lib/calendar/types.ts(355,3): error TS2484: Export declaration conflicts with exported declaration of 'VirtualGridProps'.
src/lib/calendar/types.ts(356,3): error TS2484: Export declaration conflicts with exported declaration of 'KeyboardNavigationState'.
src/lib/calendar/types.ts(357,3): error TS2484: Export declaration conflicts with exported declaration of 'KeyboardAction'.
src/lib/calendar/types.ts(358,3): error TS2484: Export declaration conflicts with exported declaration of 'FilterPreset'.
src/lib/calendar/types.ts(359,3): error TS2484: Export declaration conflicts with exported declaration of 'ViewPreset'.
src/lib/calendar/utils.ts(286,51): error TS2304: Cannot find name 'MIN_LIST_HEIGHT'.
src/lib/config/agenda.ts(12,3): error TS2353: Object literal may only specify known properties, and 'realizado' does not exist in type 'Record<AppointmentStatus, StatusConfig>'.
src/lib/constants/patient-queries.ts(207,61): error TS2769: No overload matches this call.
  Overload 1 of 2, '(iterable?: Iterable<PatientColumn> | null | undefined): Set<PatientColumn>', gave the following error.
    Argument of type 'readonly ["id", "full_name", "phone", "email", "cpf", "birth_date", "observations", "status", "incomplete_registration", "created_at", "updated_at", "organization_id", "gender", ... 31 more ..., "updated_at"]' is not assignable to parameter of type 'Iterable<PatientColumn>'.
      The types returned by '[Symbol.iterator]().next(...)' are incompatible between these types.
        Type 'IteratorResult<"address" | "id" | "status" | "email" | "state" | "user_id" | "created_at" | "full_name" | "organization_id" | "cpf" | "phone" | "birth_date" | "updated_at" | "rg" | "gender" | ... 27 more ... | "insurance_info", undefined>' is not assignable to type 'IteratorResult<PatientColumn, any>'.
          Type 'IteratorYieldResult<"address" | "id" | "status" | "email" | "state" | "user_id" | "created_at" | "full_name" | "organization_id" | "cpf" | "phone" | "birth_date" | "updated_at" | "rg" | "gender" | ... 27 more ... | "insurance_info">' is not assignable to type 'IteratorResult<PatientColumn, any>'.
            Type 'IteratorYieldResult<"address" | "id" | "status" | "email" | "state" | "user_id" | "created_at" | "full_name" | "organization_id" | "cpf" | "phone" | "birth_date" | "updated_at" | "rg" | "gender" | ... 27 more ... | "insurance_info">' is not assignable to type 'IteratorYieldResult<PatientColumn>'.
              Type '"address" | "id" | "status" | "email" | "state" | "user_id" | "created_at" | "full_name" | "organization_id" | "cpf" | "phone" | "birth_date" | "updated_at" | "rg" | "gender" | ... 27 more ... | "insurance_info"' is not assignable to type 'PatientColumn'.
                Type '"clinical_history_embedding"' is not assignable to type 'PatientColumn'.
  Overload 2 of 2, '(values?: readonly PatientColumn[] | null | undefined): Set<PatientColumn>', gave the following error.
    Argument of type 'readonly ["id", "full_name", "phone", "email", "cpf", "birth_date", "observations", "status", "incomplete_registration", "created_at", "updated_at", "organization_id", "gender", ... 31 more ..., "updated_at"]' is not assignable to parameter of type 'readonly PatientColumn[]'.
      Type '"address" | "id" | "status" | "email" | "state" | "user_id" | "created_at" | "full_name" | "organization_id" | "cpf" | "phone" | "birth_date" | "updated_at" | "rg" | "gender" | ... 27 more ... | "insurance_info"' is not assignable to type 'PatientColumn'.
        Type '"clinical_history_embedding"' is not assignable to type 'PatientColumn'.
src/lib/cornerstone/initCornerstone.ts(11,5): error TS2305: Module '"@cornerstonejs/tools"' has no exported member 'StackScrollMouseWheelTool'.
src/lib/database/performanceMonitor.ts(250,38): error TS2551: Property 'tablename' does not exist on type '{ table_name: string; }'. Did you mean 'table_name'?
src/lib/export/excelExport.ts(40,7): error TS2322: Type '{}' is not assignable to type 'string | number'.
src/lib/export/excelExport.ts(52,7): error TS2322: Type '{}' is not assignable to type 'string | number'.
src/lib/export/excelExport.ts(62,7): error TS2322: Type '{}' is not assignable to type 'string | number'.
src/lib/export/excelExport.ts(64,7): error TS2322: Type '{}' is not assignable to type 'string | number'.
src/lib/featureFlags/edgeConfig.ts(199,5): error TS2322: Type 'boolean' is not assignable to type 'undefined'.
src/lib/featureFlags/envFlags.ts(27,3): error TS2578: Unused '@ts-expect-error' directive.
src/lib/featureFlags/envFlags.ts(29,5): error TS2578: Unused '@ts-expect-error' directive.
src/lib/i18n.ts(282,9): error TS2322: Type 'string' is not assignable to type '"Agenda" | "Pacientes" | "Financeiro" | "Relatórios" | "Editar" | "Email" | "Não autorizado" | "Sucesso" | "Carregando..." | "Novo Paciente" | "Invalid email" | "Password" | ... 120 more ... | "No encontrado"'.
src/lib/inngest/index.ts(18,21): error TS2305: Module '"./serve"' has no exported member 'OPTIONS'.
src/lib/metrics/metricRegistry.ts(267,58): error TS2304: Cannot find name 'e'.
src/lib/monitoring/web-vitals.tsx(21,5): error TS2717: Subsequent property declarations must have the same type.  Property 'va' must be of type '((event: "event" | "beforeSend" | "pageview", properties?: unknown) => void) | undefined', but here has type '((event: string, payload: Record<string, unknown>) => void) | undefined'.
src/lib/monitoring/web-vitals.tsx(92,42): error TS2554: Expected 1-2 arguments, but got 3.
src/lib/monitoring/web-vitals.tsx(174,9): error TS2322: Type 'WebVitalsMetrics' is not assignable to type 'Record<string, unknown>'.
  Index signature for type 'string' is missing in type 'WebVitalsMetrics'.
src/lib/monitoring/web-vitals.tsx(200,20): error TS2339: Property 'onFID' does not exist on type 'typeof import("/home/rafael/cursor/fisiolovable/fisioflow-51658291/node_modules/.pnpm/web-vitals@5.1.0/node_modules/web-vitals/dist/modules/index")'.
src/lib/monitoring/web-vitals.tsx(210,10): error TS2352: Conversion of type 'WebVitalsMetrics' to type 'Record<string, Metric>' may be a mistake because neither type sufficiently overlaps with the other. If this was intentional, convert the expression to 'unknown' first.
  Index signature for type 'string' is missing in type 'WebVitalsMetrics'.
src/lib/offline/AppointmentsCacheService.ts(154,19): error TS2322: Type '{ date: Date; createdAt: Date; updatedAt: Date; }[]' is not assignable to type 'AppointmentBase[]'.
  Type '{ date: Date; createdAt: Date; updatedAt: Date; }' is missing the following properties from type 'AppointmentBase': id, patientId, patientName, time, and 3 more.
src/lib/offline/AppointmentsCacheService.ts(156,43): error TS2769: No overload matches this call.
  Overload 1 of 4, '(value: string | number | Date): Date', gave the following error.
    Argument of type '{}' is not assignable to parameter of type 'string | number | Date'.
  Overload 2 of 4, '(value: string | number): Date', gave the following error.
    Argument of type '{}' is not assignable to parameter of type 'string | number'.
src/lib/offline/AppointmentsCacheService.ts(157,53): error TS2769: No overload matches this call.
  Overload 1 of 4, '(value: string | number | Date): Date', gave the following error.
    Argument of type '{}' is not assignable to parameter of type 'string | number | Date'.
  Overload 2 of 4, '(value: string | number): Date', gave the following error.
    Argument of type '{}' is not assignable to parameter of type 'string | number'.
src/lib/offline/AppointmentsCacheService.ts(158,53): error TS2769: No overload matches this call.
  Overload 1 of 4, '(value: string | number | Date): Date', gave the following error.
    Argument of type '{}' is not assignable to parameter of type 'string | number | Date'.
  Overload 2 of 4, '(value: string | number): Date', gave the following error.
    Argument of type '{}' is not assignable to parameter of type 'string | number'.
src/lib/offline/PatientsCacheService.ts(14,30): error TS2307: Cannot find module '@/types/patient' or its corresponding type declarations.
src/lib/offline/PatientsCacheService.ts(158,51): error TS2769: No overload matches this call.
  Overload 1 of 4, '(value: string | number | Date): Date', gave the following error.
    Argument of type '{}' is not assignable to parameter of type 'string | number | Date'.
  Overload 2 of 4, '(value: string | number): Date', gave the following error.
    Argument of type '{}' is not assignable to parameter of type 'string | number'.
src/lib/offline/PatientsCacheService.ts(159,51): error TS2769: No overload matches this call.
  Overload 1 of 4, '(value: string | number | Date): Date', gave the following error.
    Argument of type '{}' is not assignable to parameter of type 'string | number | Date'.
  Overload 2 of 4, '(value: string | number): Date', gave the following error.
    Argument of type '{}' is not assignable to parameter of type 'string | number'.
src/lib/offline/PatientsCacheService.ts(160,51): error TS2769: No overload matches this call.
  Overload 1 of 4, '(value: string | number | Date): Date', gave the following error.
    Argument of type '{}' is not assignable to parameter of type 'string | number | Date'.
  Overload 2 of 4, '(value: string | number): Date', gave the following error.
    Argument of type '{}' is not assignable to parameter of type 'string | number'.
src/lib/offline/PatientsCacheService.ts(240,54): error TS2769: No overload matches this call.
  Overload 1 of 4, '(value: string | number | Date): Date', gave the following error.
    Argument of type '{}' is not assignable to parameter of type 'string | number | Date'.
  Overload 2 of 4, '(value: string | number): Date', gave the following error.
    Argument of type '{}' is not assignable to parameter of type 'string | number'.
src/lib/offline/PatientsCacheService.ts(241,54): error TS2769: No overload matches this call.
  Overload 1 of 4, '(value: string | number | Date): Date', gave the following error.
    Argument of type '{}' is not assignable to parameter of type 'string | number | Date'.
  Overload 2 of 4, '(value: string | number): Date', gave the following error.
    Argument of type '{}' is not assignable to parameter of type 'string | number'.
src/lib/offline/PatientsCacheService.ts(242,54): error TS2769: No overload matches this call.
  Overload 1 of 4, '(value: string | number | Date): Date', gave the following error.
    Argument of type '{}' is not assignable to parameter of type 'string | number | Date'.
  Overload 2 of 4, '(value: string | number): Date', gave the following error.
    Argument of type '{}' is not assignable to parameter of type 'string | number'.
src/lib/offline/SyncManager.ts(177,27): error TS2352: Conversion of type '{ [x: string]: any; patients: SelectQueryError<"could not find the relation between appointments and patients">; }[]' to type 'AppointmentWithPatient[]' may be a mistake because neither type sufficiently overlaps with the other. If this was intentional, convert the expression to 'unknown' first.
  Type '{ [x: string]: any; patients: SelectQueryError<"could not find the relation between appointments and patients">; }' is not comparable to type 'AppointmentWithPatient'.
    Types of property 'patients' are incompatible.
      Type 'SelectQueryError<"could not find the relation between appointments and patients">' is not comparable to type '{ [key: string]: unknown; id: string; } | undefined'.
        Property 'id' is missing in type '{ error: true; } & String' but required in type '{ [key: string]: unknown; id: string; }'.
src/lib/offline/offline-sync.ts(180,14): error TS2323: Cannot redeclare exported variable 'OfflineCacheManager'.
src/lib/offline/offline-sync.ts(191,24): error TS2339: Property 'init' does not exist on type 'OfflineStorage'.
src/lib/offline/offline-sync.ts(394,10): error TS2323: Cannot redeclare exported variable 'OfflineCacheManager'.
src/lib/offline/offline-sync.ts(394,10): error TS2484: Export declaration conflicts with exported declaration of 'OfflineCacheManager'.
src/lib/query/queryConfig.ts(87,25): error TS2551: Property 'LEDIUM' does not exist on type '{ readonly SHORT: number; readonly MEDIUM: number; readonly LONG: number; readonly VERY_LONG: number; readonly INFINITE: number; }'. Did you mean 'MEDIUM'?
src/lib/services/PatientService.ts(24,15): error TS2344: Type 'PatientDBStandard' does not satisfy the constraint 'string'.
src/lib/services/PatientService.ts(30,13): error TS2339: Property 'id' does not exist on type 'ParseQuery<Query> extends infer ParsedQuery ? ParsedQuery extends Node[] ? ProcessNodes<{ PostgrestVersion: "12"; }, { Tables: { [key: string]: { Row: Record<...>; Insert: Record<...>; Update: Record<...>; Relationships: any[]; }; }; Views: { ...; }; Functions: { ...; }; Enums: { ...; }; CompositeTypes: { ...; }; },...'.
src/lib/services/PatientService.ts(31,28): error TS2345: Argument of type 'ParseQuery<Query> extends infer ParsedQuery ? ParsedQuery extends Node[] ? ProcessNodes<{ PostgrestVersion: "12"; }, { Tables: { [key: string]: { Row: Record<...>; Insert: Record<...>; Update: Record<...>; Relationships: any[]; }; }; Views: { ...; }; Functions: { ...; }; Enums: { ...; }; CompositeTypes: { ...; }; },...' is not assignable to parameter of type '{ full_name?: string | null | undefined; phone?: string | null | undefined; } | null | undefined'.
  Type 'unknown' is not assignable to type '{ full_name?: string | null | undefined; phone?: string | null | undefined; } | null | undefined'.
    Type 'ParseQuery<Query> extends infer ParsedQuery ? ParsedQuery extends Node[] ? ProcessNodes<{ PostgrestVersion: "12"; }, { Tables: { [key: string]: { Row: Record<...>; Insert: Record<...>; Update: Record<...>; Relationships: any[]; }; }; Views: { ...; }; Functions: { ...; }; Enums: { ...; }; CompositeTypes: { ...; }; },...' is not assignable to type '{ full_name?: string | null | undefined; phone?: string | null | undefined; }'.
      Type 'unknown' is not assignable to type '{ full_name?: string | null | undefined; phone?: string | null | undefined; }'.
src/lib/services/PatientService.ts(32,16): error TS2339: Property 'email' does not exist on type 'ParseQuery<Query> extends infer ParsedQuery ? ParsedQuery extends Node[] ? ProcessNodes<{ PostgrestVersion: "12"; }, { Tables: { [key: string]: { Row: Record<...>; Insert: Record<...>; Update: Record<...>; Relationships: any[]; }; }; Views: { ...; }; Functions: { ...; }; Enums: { ...; }; CompositeTypes: { ...; }; },...'.
src/lib/services/PatientService.ts(33,16): error TS2339: Property 'phone' does not exist on type 'ParseQuery<Query> extends infer ParsedQuery ? ParsedQuery extends Node[] ? ProcessNodes<{ PostgrestVersion: "12"; }, { Tables: { [key: string]: { Row: Record<...>; Insert: Record<...>; Update: Record<...>; Relationships: any[]; }; }; Views: { ...; }; Functions: { ...; }; Enums: { ...; }; CompositeTypes: { ...; }; },...'.
src/lib/services/PatientService.ts(34,14): error TS2339: Property 'cpf' does not exist on type 'ParseQuery<Query> extends infer ParsedQuery ? ParsedQuery extends Node[] ? ProcessNodes<{ PostgrestVersion: "12"; }, { Tables: { [key: string]: { Row: Record<...>; Insert: Record<...>; Update: Record<...>; Relationships: any[]; }; }; Views: { ...; }; Functions: { ...; }; Enums: { ...; }; CompositeTypes: { ...; }; },...'.
src/lib/services/PatientService.ts(35,20): error TS2339: Property 'birth_date' does not exist on type 'ParseQuery<Query> extends infer ParsedQuery ? ParsedQuery extends Node[] ? ProcessNodes<{ PostgrestVersion: "12"; }, { Tables: { [key: string]: { Row: Record<...>; Insert: Record<...>; Update: Record<...>; Relationships: any[]; }; }; Views: { ...; }; Functions: { ...; }; Enums: { ...; }; CompositeTypes: { ...; }; },...'.
src/lib/services/PatientService.ts(37,24): error TS2339: Property 'observations' does not exist on type 'ParseQuery<Query> extends infer ParsedQuery ? ParsedQuery extends Node[] ? ProcessNodes<{ PostgrestVersion: "12"; }, { Tables: { [key: string]: { Row: Record<...>; Insert: Record<...>; Update: Record<...>; Relationships: any[]; }; }; Views: { ...; }; Functions: { ...; }; Enums: { ...; }; CompositeTypes: { ...; }; },...'.
src/lib/services/PatientService.ts(38,18): error TS2339: Property 'status' does not exist on type 'ParseQuery<Query> extends infer ParsedQuery ? ParsedQuery extends Node[] ? ProcessNodes<{ PostgrestVersion: "12"; }, { Tables: { [key: string]: { Row: Record<...>; Insert: Record<...>; Update: Record<...>; Relationships: any[]; }; }; Views: { ...; }; Functions: { ...; }; Enums: { ...; }; CompositeTypes: { ...; }; },...'.
src/lib/services/PatientService.ts(40,34): error TS2339: Property 'incomplete_registration' does not exist on type 'ParseQuery<Query> extends infer ParsedQuery ? ParsedQuery extends Node[] ? ProcessNodes<{ PostgrestVersion: "12"; }, { Tables: { [key: string]: { Row: Record<...>; Insert: Record<...>; Update: Record<...>; Relationships: any[]; }; }; Views: { ...; }; Functions: { ...; }; Enums: { ...; }; CompositeTypes: { ...; }; },...'.
src/lib/services/PatientService.ts(41,20): error TS2339: Property 'created_at' does not exist on type 'ParseQuery<Query> extends infer ParsedQuery ? ParsedQuery extends Node[] ? ProcessNodes<{ PostgrestVersion: "12"; }, { Tables: { [key: string]: { Row: Record<...>; Insert: Record<...>; Update: Record<...>; Relationships: any[]; }; }; Views: { ...; }; Functions: { ...; }; Enums: { ...; }; CompositeTypes: { ...; }; },...'.
src/lib/services/PatientService.ts(42,20): error TS2339: Property 'updated_at' does not exist on type 'ParseQuery<Query> extends infer ParsedQuery ? ParsedQuery extends Node[] ? ProcessNodes<{ PostgrestVersion: "12"; }, { Tables: { [key: string]: { Row: Record<...>; Insert: Record<...>; Update: Record<...>; Relationships: any[]; }; }; Views: { ...; }; Functions: { ...; }; Enums: { ...; }; CompositeTypes: { ...; }; },...'.
src/lib/services/PatientService.ts(54,15): error TS2344: Type 'PatientDBStandard' does not satisfy the constraint 'string'.
src/lib/services/PatientService.ts(64,11): error TS18047: 'data' is possibly 'null'.
src/lib/services/PatientService.ts(64,16): error TS2339: Property 'id' does not exist on type 'NonNullable<ParseQuery<Query> extends infer ParsedQuery ? ParsedQuery extends Node[] ? ProcessNodes<{ PostgrestVersion: "12"; }, { Tables: { [key: string]: { Row: Record<...>; Insert: Record<...>; Update: Record<...>; Relationships: any[]; }; }; Views: { ...; }; Functions: { ...; }; Enums: { ...; }; CompositeTypes: ...'.
src/lib/services/PatientService.ts(65,28): error TS2345: Argument of type '(ParseQuery<Query> extends infer ParsedQuery ? ParsedQuery extends Node[] ? ProcessNodes<{ PostgrestVersion: "12"; }, { Tables: { [key: string]: { Row: Record<...>; Insert: Record<...>; Update: Record<...>; Relationships: any[]; }; }; Views: { ...; }; Functions: { ...; }; Enums: { ...; }; CompositeTypes: { ...; }; }...' is not assignable to parameter of type '{ full_name?: string | null | undefined; phone?: string | null | undefined; } | null | undefined'.
  Type 'ParseQuery<Query> extends infer ParsedQuery ? ParsedQuery extends Node[] ? ProcessNodes<{ PostgrestVersion: "12"; }, { Tables: { [key: string]: { Row: Record<...>; Insert: Record<...>; Update: Record<...>; Relationships: any[]; }; }; Views: { ...; }; Functions: { ...; }; Enums: { ...; }; CompositeTypes: { ...; }; },...' is not assignable to type '{ full_name?: string | null | undefined; phone?: string | null | undefined; } | null | undefined'.
    Type 'unknown' is not assignable to type '{ full_name?: string | null | undefined; phone?: string | null | undefined; } | null | undefined'.
      Type 'ParseQuery<Query> extends infer ParsedQuery ? ParsedQuery extends Node[] ? ProcessNodes<{ PostgrestVersion: "12"; }, { Tables: { [key: string]: { Row: Record<...>; Insert: Record<...>; Update: Record<...>; Relationships: any[]; }; }; Views: { ...; }; Functions: { ...; }; Enums: { ...; }; CompositeTypes: { ...; }; },...' is not assignable to type '{ full_name?: string | null | undefined; phone?: string | null | undefined; }'.
        Type 'unknown' is not assignable to type '{ full_name?: string | null | undefined; phone?: string | null | undefined; }'.
src/lib/services/PatientService.ts(66,14): error TS18047: 'data' is possibly 'null'.
src/lib/services/PatientService.ts(66,19): error TS2339: Property 'email' does not exist on type 'NonNullable<ParseQuery<Query> extends infer ParsedQuery ? ParsedQuery extends Node[] ? ProcessNodes<{ PostgrestVersion: "12"; }, { Tables: { [key: string]: { Row: Record<...>; Insert: Record<...>; Update: Record<...>; Relationships: any[]; }; }; Views: { ...; }; Functions: { ...; }; Enums: { ...; }; CompositeTypes: ...'.
src/lib/services/PatientService.ts(67,14): error TS18047: 'data' is possibly 'null'.
src/lib/services/PatientService.ts(67,19): error TS2339: Property 'phone' does not exist on type 'NonNullable<ParseQuery<Query> extends infer ParsedQuery ? ParsedQuery extends Node[] ? ProcessNodes<{ PostgrestVersion: "12"; }, { Tables: { [key: string]: { Row: Record<...>; Insert: Record<...>; Update: Record<...>; Relationships: any[]; }; }; Views: { ...; }; Functions: { ...; }; Enums: { ...; }; CompositeTypes: ...'.
src/lib/services/PatientService.ts(68,12): error TS18047: 'data' is possibly 'null'.
src/lib/services/PatientService.ts(68,17): error TS2339: Property 'cpf' does not exist on type 'NonNullable<ParseQuery<Query> extends infer ParsedQuery ? ParsedQuery extends Node[] ? ProcessNodes<{ PostgrestVersion: "12"; }, { Tables: { [key: string]: { Row: Record<...>; Insert: Record<...>; Update: Record<...>; Relationships: any[]; }; }; Views: { ...; }; Functions: { ...; }; Enums: { ...; }; CompositeTypes: ...'.
src/lib/services/PatientService.ts(69,18): error TS18047: 'data' is possibly 'null'.
src/lib/services/PatientService.ts(69,23): error TS2339: Property 'birth_date' does not exist on type 'NonNullable<ParseQuery<Query> extends infer ParsedQuery ? ParsedQuery extends Node[] ? ProcessNodes<{ PostgrestVersion: "12"; }, { Tables: { [key: string]: { Row: Record<...>; Insert: Record<...>; Update: Record<...>; Relationships: any[]; }; }; Views: { ...; }; Functions: { ...; }; Enums: { ...; }; CompositeTypes: ...'.
src/lib/services/PatientService.ts(71,22): error TS18047: 'data' is possibly 'null'.
src/lib/services/PatientService.ts(71,27): error TS2339: Property 'observations' does not exist on type 'NonNullable<ParseQuery<Query> extends infer ParsedQuery ? ParsedQuery extends Node[] ? ProcessNodes<{ PostgrestVersion: "12"; }, { Tables: { [key: string]: { Row: Record<...>; Insert: Record<...>; Update: Record<...>; Relationships: any[]; }; }; Views: { ...; }; Functions: { ...; }; Enums: { ...; }; CompositeTypes: ...'.
src/lib/services/PatientService.ts(72,16): error TS18047: 'data' is possibly 'null'.
src/lib/services/PatientService.ts(72,21): error TS2339: Property 'status' does not exist on type 'NonNullable<ParseQuery<Query> extends infer ParsedQuery ? ParsedQuery extends Node[] ? ProcessNodes<{ PostgrestVersion: "12"; }, { Tables: { [key: string]: { Row: Record<...>; Insert: Record<...>; Update: Record<...>; Relationships: any[]; }; }; Views: { ...; }; Functions: { ...; }; Enums: { ...; }; CompositeTypes: ...'.
src/lib/services/PatientService.ts(74,32): error TS18047: 'data' is possibly 'null'.
src/lib/services/PatientService.ts(74,37): error TS2339: Property 'incomplete_registration' does not exist on type 'NonNullable<ParseQuery<Query> extends infer ParsedQuery ? ParsedQuery extends Node[] ? ProcessNodes<{ PostgrestVersion: "12"; }, { Tables: { [key: string]: { Row: Record<...>; Insert: Record<...>; Update: Record<...>; Relationships: any[]; }; }; Views: { ...; }; Functions: { ...; }; Enums: { ...; }; CompositeTypes: ...'.
src/lib/services/PatientService.ts(75,18): error TS18047: 'data' is possibly 'null'.
src/lib/services/PatientService.ts(75,23): error TS2339: Property 'created_at' does not exist on type 'NonNullable<ParseQuery<Query> extends infer ParsedQuery ? ParsedQuery extends Node[] ? ProcessNodes<{ PostgrestVersion: "12"; }, { Tables: { [key: string]: { Row: Record<...>; Insert: Record<...>; Update: Record<...>; Relationships: any[]; }; }; Views: { ...; }; Functions: { ...; }; Enums: { ...; }; CompositeTypes: ...'.
src/lib/services/PatientService.ts(76,18): error TS18047: 'data' is possibly 'null'.
src/lib/services/PatientService.ts(76,23): error TS2339: Property 'updated_at' does not exist on type 'NonNullable<ParseQuery<Query> extends infer ParsedQuery ? ParsedQuery extends Node[] ? ProcessNodes<{ PostgrestVersion: "12"; }, { Tables: { [key: string]: { Row: Record<...>; Insert: Record<...>; Update: Record<...>; Relationships: any[]; }; }; Views: { ...; }; Functions: { ...; }; Enums: { ...; }; CompositeTypes: ...'.
src/lib/services/PatientService.ts(96,15): error TS2344: Type 'PatientDBStandard' does not satisfy the constraint 'string'.
src/lib/services/PatientService.ts(102,16): error TS2339: Property 'id' does not exist on type 'ParseQuery<Query> extends infer ParsedQuery ? ParsedQuery extends Node[] ? ProcessNodes<{ PostgrestVersion: "12"; }, { Tables: { [key: string]: { Row: Record<...>; Insert: Record<...>; Update: Record<...>; Relationships: any[]; }; }; Views: { ...; }; Functions: { ...; }; Enums: { ...; }; CompositeTypes: { ...; }; },...'.
src/lib/services/PatientService.ts(103,28): error TS2345: Argument of type 'ParseQuery<Query> extends infer ParsedQuery ? ParsedQuery extends Node[] ? ProcessNodes<{ PostgrestVersion: "12"; }, { Tables: { [key: string]: { Row: Record<...>; Insert: Record<...>; Update: Record<...>; Relationships: any[]; }; }; Views: { ...; }; Functions: { ...; }; Enums: { ...; }; CompositeTypes: { ...; }; },...' is not assignable to parameter of type '{ full_name?: string | null | undefined; phone?: string | null | undefined; } | null | undefined'.
  Type 'unknown' is not assignable to type '{ full_name?: string | null | undefined; phone?: string | null | undefined; } | null | undefined'.
    Type 'ParseQuery<Query> extends infer ParsedQuery ? ParsedQuery extends Node[] ? ProcessNodes<{ PostgrestVersion: "12"; }, { Tables: { [key: string]: { Row: Record<...>; Insert: Record<...>; Update: Record<...>; Relationships: any[]; }; }; Views: { ...; }; Functions: { ...; }; Enums: { ...; }; CompositeTypes: { ...; }; },...' is not assignable to type '{ full_name?: string | null | undefined; phone?: string | null | undefined; }'.
      Type 'unknown' is not assignable to type '{ full_name?: string | null | undefined; phone?: string | null | undefined; }'.
src/lib/services/PatientService.ts(104,19): error TS2339: Property 'email' does not exist on type 'ParseQuery<Query> extends infer ParsedQuery ? ParsedQuery extends Node[] ? ProcessNodes<{ PostgrestVersion: "12"; }, { Tables: { [key: string]: { Row: Record<...>; Insert: Record<...>; Update: Record<...>; Relationships: any[]; }; }; Views: { ...; }; Functions: { ...; }; Enums: { ...; }; CompositeTypes: { ...; }; },...'.
src/lib/services/PatientService.ts(105,19): error TS2339: Property 'phone' does not exist on type 'ParseQuery<Query> extends infer ParsedQuery ? ParsedQuery extends Node[] ? ProcessNodes<{ PostgrestVersion: "12"; }, { Tables: { [key: string]: { Row: Record<...>; Insert: Record<...>; Update: Record<...>; Relationships: any[]; }; }; Views: { ...; }; Functions: { ...; }; Enums: { ...; }; CompositeTypes: { ...; }; },...'.
src/lib/services/PatientService.ts(106,17): error TS2339: Property 'cpf' does not exist on type 'ParseQuery<Query> extends infer ParsedQuery ? ParsedQuery extends Node[] ? ProcessNodes<{ PostgrestVersion: "12"; }, { Tables: { [key: string]: { Row: Record<...>; Insert: Record<...>; Update: Record<...>; Relationships: any[]; }; }; Views: { ...; }; Functions: { ...; }; Enums: { ...; }; CompositeTypes: { ...; }; },...'.
src/lib/services/PatientService.ts(107,23): error TS2339: Property 'birth_date' does not exist on type 'ParseQuery<Query> extends infer ParsedQuery ? ParsedQuery extends Node[] ? ProcessNodes<{ PostgrestVersion: "12"; }, { Tables: { [key: string]: { Row: Record<...>; Insert: Record<...>; Update: Record<...>; Relationships: any[]; }; }; Views: { ...; }; Functions: { ...; }; Enums: { ...; }; CompositeTypes: { ...; }; },...'.
src/lib/services/PatientService.ts(109,27): error TS2339: Property 'observations' does not exist on type 'ParseQuery<Query> extends infer ParsedQuery ? ParsedQuery extends Node[] ? ProcessNodes<{ PostgrestVersion: "12"; }, { Tables: { [key: string]: { Row: Record<...>; Insert: Record<...>; Update: Record<...>; Relationships: any[]; }; }; Views: { ...; }; Functions: { ...; }; Enums: { ...; }; CompositeTypes: { ...; }; },...'.
src/lib/services/PatientService.ts(110,21): error TS2339: Property 'status' does not exist on type 'ParseQuery<Query> extends infer ParsedQuery ? ParsedQuery extends Node[] ? ProcessNodes<{ PostgrestVersion: "12"; }, { Tables: { [key: string]: { Row: Record<...>; Insert: Record<...>; Update: Record<...>; Relationships: any[]; }; }; Views: { ...; }; Functions: { ...; }; Enums: { ...; }; CompositeTypes: { ...; }; },...'.
src/lib/services/PatientService.ts(112,37): error TS2339: Property 'incomplete_registration' does not exist on type 'ParseQuery<Query> extends infer ParsedQuery ? ParsedQuery extends Node[] ? ProcessNodes<{ PostgrestVersion: "12"; }, { Tables: { [key: string]: { Row: Record<...>; Insert: Record<...>; Update: Record<...>; Relationships: any[]; }; }; Views: { ...; }; Functions: { ...; }; Enums: { ...; }; CompositeTypes: { ...; }; },...'.
src/lib/services/PatientService.ts(113,23): error TS2339: Property 'created_at' does not exist on type 'ParseQuery<Query> extends infer ParsedQuery ? ParsedQuery extends Node[] ? ProcessNodes<{ PostgrestVersion: "12"; }, { Tables: { [key: string]: { Row: Record<...>; Insert: Record<...>; Update: Record<...>; Relationships: any[]; }; }; Views: { ...; }; Functions: { ...; }; Enums: { ...; }; CompositeTypes: { ...; }; },...'.
src/lib/services/PatientService.ts(114,23): error TS2339: Property 'updated_at' does not exist on type 'ParseQuery<Query> extends infer ParsedQuery ? ParsedQuery extends Node[] ? ProcessNodes<{ PostgrestVersion: "12"; }, { Tables: { [key: string]: { Row: Record<...>; Insert: Record<...>; Update: Record<...>; Relationships: any[]; }; }; Views: { ...; }; Functions: { ...; }; Enums: { ...; }; CompositeTypes: { ...; }; },...'.
src/lib/services/PatientService.ts(139,15): error TS2344: Type 'PatientDBStandard' does not satisfy the constraint 'string'.
src/lib/services/PatientService.ts(145,16): error TS2339: Property 'id' does not exist on type 'ParseQuery<Query> extends infer ParsedQuery ? ParsedQuery extends Node[] ? ProcessNodes<{ PostgrestVersion: "12"; }, { Tables: { [key: string]: { Row: Record<...>; Insert: Record<...>; Update: Record<...>; Relationships: any[]; }; }; Views: { ...; }; Functions: { ...; }; Enums: { ...; }; CompositeTypes: { ...; }; },...'.
src/lib/services/PatientService.ts(146,28): error TS2345: Argument of type 'ParseQuery<Query> extends infer ParsedQuery ? ParsedQuery extends Node[] ? ProcessNodes<{ PostgrestVersion: "12"; }, { Tables: { [key: string]: { Row: Record<...>; Insert: Record<...>; Update: Record<...>; Relationships: any[]; }; }; Views: { ...; }; Functions: { ...; }; Enums: { ...; }; CompositeTypes: { ...; }; },...' is not assignable to parameter of type '{ full_name?: string | null | undefined; phone?: string | null | undefined; } | null | undefined'.
  Type 'unknown' is not assignable to type '{ full_name?: string | null | undefined; phone?: string | null | undefined; } | null | undefined'.
    Type 'ParseQuery<Query> extends infer ParsedQuery ? ParsedQuery extends Node[] ? ProcessNodes<{ PostgrestVersion: "12"; }, { Tables: { [key: string]: { Row: Record<...>; Insert: Record<...>; Update: Record<...>; Relationships: any[]; }; }; Views: { ...; }; Functions: { ...; }; Enums: { ...; }; CompositeTypes: { ...; }; },...' is not assignable to type '{ full_name?: string | null | undefined; phone?: string | null | undefined; }'.
      Type 'unknown' is not assignable to type '{ full_name?: string | null | undefined; phone?: string | null | undefined; }'.
src/lib/services/PatientService.ts(147,19): error TS2339: Property 'email' does not exist on type 'ParseQuery<Query> extends infer ParsedQuery ? ParsedQuery extends Node[] ? ProcessNodes<{ PostgrestVersion: "12"; }, { Tables: { [key: string]: { Row: Record<...>; Insert: Record<...>; Update: Record<...>; Relationships: any[]; }; }; Views: { ...; }; Functions: { ...; }; Enums: { ...; }; CompositeTypes: { ...; }; },...'.
src/lib/services/PatientService.ts(148,19): error TS2339: Property 'phone' does not exist on type 'ParseQuery<Query> extends infer ParsedQuery ? ParsedQuery extends Node[] ? ProcessNodes<{ PostgrestVersion: "12"; }, { Tables: { [key: string]: { Row: Record<...>; Insert: Record<...>; Update: Record<...>; Relationships: any[]; }; }; Views: { ...; }; Functions: { ...; }; Enums: { ...; }; CompositeTypes: { ...; }; },...'.
src/lib/services/PatientService.ts(149,17): error TS2339: Property 'cpf' does not exist on type 'ParseQuery<Query> extends infer ParsedQuery ? ParsedQuery extends Node[] ? ProcessNodes<{ PostgrestVersion: "12"; }, { Tables: { [key: string]: { Row: Record<...>; Insert: Record<...>; Update: Record<...>; Relationships: any[]; }; }; Views: { ...; }; Functions: { ...; }; Enums: { ...; }; CompositeTypes: { ...; }; },...'.
src/lib/services/PatientService.ts(150,23): error TS2339: Property 'birth_date' does not exist on type 'ParseQuery<Query> extends infer ParsedQuery ? ParsedQuery extends Node[] ? ProcessNodes<{ PostgrestVersion: "12"; }, { Tables: { [key: string]: { Row: Record<...>; Insert: Record<...>; Update: Record<...>; Relationships: any[]; }; }; Views: { ...; }; Functions: { ...; }; Enums: { ...; }; CompositeTypes: { ...; }; },...'.
src/lib/services/PatientService.ts(152,27): error TS2339: Property 'observations' does not exist on type 'ParseQuery<Query> extends infer ParsedQuery ? ParsedQuery extends Node[] ? ProcessNodes<{ PostgrestVersion: "12"; }, { Tables: { [key: string]: { Row: Record<...>; Insert: Record<...>; Update: Record<...>; Relationships: any[]; }; }; Views: { ...; }; Functions: { ...; }; Enums: { ...; }; CompositeTypes: { ...; }; },...'.
src/lib/services/PatientService.ts(153,21): error TS2339: Property 'status' does not exist on type 'ParseQuery<Query> extends infer ParsedQuery ? ParsedQuery extends Node[] ? ProcessNodes<{ PostgrestVersion: "12"; }, { Tables: { [key: string]: { Row: Record<...>; Insert: Record<...>; Update: Record<...>; Relationships: any[]; }; }; Views: { ...; }; Functions: { ...; }; Enums: { ...; }; CompositeTypes: { ...; }; },...'.
src/lib/services/PatientService.ts(155,37): error TS2339: Property 'incomplete_registration' does not exist on type 'ParseQuery<Query> extends infer ParsedQuery ? ParsedQuery extends Node[] ? ProcessNodes<{ PostgrestVersion: "12"; }, { Tables: { [key: string]: { Row: Record<...>; Insert: Record<...>; Update: Record<...>; Relationships: any[]; }; }; Views: { ...; }; Functions: { ...; }; Enums: { ...; }; CompositeTypes: { ...; }; },...'.
src/lib/services/PatientService.ts(156,23): error TS2339: Property 'created_at' does not exist on type 'ParseQuery<Query> extends infer ParsedQuery ? ParsedQuery extends Node[] ? ProcessNodes<{ PostgrestVersion: "12"; }, { Tables: { [key: string]: { Row: Record<...>; Insert: Record<...>; Update: Record<...>; Relationships: any[]; }; }; Views: { ...; }; Functions: { ...; }; Enums: { ...; }; CompositeTypes: { ...; }; },...'.
src/lib/services/PatientService.ts(157,23): error TS2339: Property 'updated_at' does not exist on type 'ParseQuery<Query> extends infer ParsedQuery ? ParsedQuery extends Node[] ? ProcessNodes<{ PostgrestVersion: "12"; }, { Tables: { [key: string]: { Row: Record<...>; Insert: Record<...>; Update: Record<...>; Relationships: any[]; }; }; Views: { ...; }; Functions: { ...; }; Enums: { ...; }; CompositeTypes: { ...; }; },...'.
src/lib/services/PatientService.ts(181,15): error TS2344: Type 'PatientDBStandard' does not satisfy the constraint 'string'.
src/lib/services/PatientService.ts(189,16): error TS2339: Property 'id' does not exist on type 'NonNullable<ParseQuery<Query> extends infer ParsedQuery ? ParsedQuery extends Node[] ? ProcessNodes<{ PostgrestVersion: "12"; }, { Tables: { [key: string]: { Row: Record<...>; Insert: Record<...>; Update: Record<...>; Relationships: any[]; }; }; Views: { ...; }; Functions: { ...; }; Enums: { ...; }; CompositeTypes: ...'.
src/lib/services/PatientService.ts(191,19): error TS2339: Property 'email' does not exist on type 'NonNullable<ParseQuery<Query> extends infer ParsedQuery ? ParsedQuery extends Node[] ? ProcessNodes<{ PostgrestVersion: "12"; }, { Tables: { [key: string]: { Row: Record<...>; Insert: Record<...>; Update: Record<...>; Relationships: any[]; }; }; Views: { ...; }; Functions: { ...; }; Enums: { ...; }; CompositeTypes: ...'.
src/lib/services/PatientService.ts(192,19): error TS2339: Property 'phone' does not exist on type 'NonNullable<ParseQuery<Query> extends infer ParsedQuery ? ParsedQuery extends Node[] ? ProcessNodes<{ PostgrestVersion: "12"; }, { Tables: { [key: string]: { Row: Record<...>; Insert: Record<...>; Update: Record<...>; Relationships: any[]; }; }; Views: { ...; }; Functions: { ...; }; Enums: { ...; }; CompositeTypes: ...'.
src/lib/services/PatientService.ts(193,17): error TS2339: Property 'cpf' does not exist on type 'NonNullable<ParseQuery<Query> extends infer ParsedQuery ? ParsedQuery extends Node[] ? ProcessNodes<{ PostgrestVersion: "12"; }, { Tables: { [key: string]: { Row: Record<...>; Insert: Record<...>; Update: Record<...>; Relationships: any[]; }; }; Views: { ...; }; Functions: { ...; }; Enums: { ...; }; CompositeTypes: ...'.
src/lib/services/PatientService.ts(194,23): error TS2339: Property 'birth_date' does not exist on type 'NonNullable<ParseQuery<Query> extends infer ParsedQuery ? ParsedQuery extends Node[] ? ProcessNodes<{ PostgrestVersion: "12"; }, { Tables: { [key: string]: { Row: Record<...>; Insert: Record<...>; Update: Record<...>; Relationships: any[]; }; }; Views: { ...; }; Functions: { ...; }; Enums: { ...; }; CompositeTypes: ...'.
src/lib/services/PatientService.ts(196,27): error TS2339: Property 'observations' does not exist on type 'NonNullable<ParseQuery<Query> extends infer ParsedQuery ? ParsedQuery extends Node[] ? ProcessNodes<{ PostgrestVersion: "12"; }, { Tables: { [key: string]: { Row: Record<...>; Insert: Record<...>; Update: Record<...>; Relationships: any[]; }; }; Views: { ...; }; Functions: { ...; }; Enums: { ...; }; CompositeTypes: ...'.
src/lib/services/PatientService.ts(197,21): error TS2339: Property 'status' does not exist on type 'NonNullable<ParseQuery<Query> extends infer ParsedQuery ? ParsedQuery extends Node[] ? ProcessNodes<{ PostgrestVersion: "12"; }, { Tables: { [key: string]: { Row: Record<...>; Insert: Record<...>; Update: Record<...>; Relationships: any[]; }; }; Views: { ...; }; Functions: { ...; }; Enums: { ...; }; CompositeTypes: ...'.
src/lib/services/PatientService.ts(199,37): error TS2339: Property 'incomplete_registration' does not exist on type 'NonNullable<ParseQuery<Query> extends infer ParsedQuery ? ParsedQuery extends Node[] ? ProcessNodes<{ PostgrestVersion: "12"; }, { Tables: { [key: string]: { Row: Record<...>; Insert: Record<...>; Update: Record<...>; Relationships: any[]; }; }; Views: { ...; }; Functions: { ...; }; Enums: { ...; }; CompositeTypes: ...'.
src/lib/services/PatientService.ts(200,23): error TS2339: Property 'created_at' does not exist on type 'NonNullable<ParseQuery<Query> extends infer ParsedQuery ? ParsedQuery extends Node[] ? ProcessNodes<{ PostgrestVersion: "12"; }, { Tables: { [key: string]: { Row: Record<...>; Insert: Record<...>; Update: Record<...>; Relationships: any[]; }; }; Views: { ...; }; Functions: { ...; }; Enums: { ...; }; CompositeTypes: ...'.
src/lib/services/PatientService.ts(201,23): error TS2339: Property 'updated_at' does not exist on type 'NonNullable<ParseQuery<Query> extends infer ParsedQuery ? ParsedQuery extends Node[] ? ProcessNodes<{ PostgrestVersion: "12"; }, { Tables: { [key: string]: { Row: Record<...>; Insert: Record<...>; Update: Record<...>; Relationships: any[]; }; }; Views: { ...; }; Functions: { ...; }; Enums: { ...; }; CompositeTypes: ...'.
src/lib/services/conductReplicationService.ts(52,7): error TS2322: Type 'ConductData' is not assignable to type '{ plan: string; techniques?: string[] | undefined; exercises?: string[] | undefined; recommendations?: string | undefined; }'.
  Types of property 'plan' are incompatible.
    Type 'string | undefined' is not assignable to type 'string'.
      Type 'undefined' is not assignable to type 'string'.
src/lib/services/offlineStorage.ts(173,7): error TS2698: Spread types may only be created from object types.
src/lib/services/painMapService.ts(81,38): error TS2339: Property 'map' does not exist on type '{}'.
src/lib/services/painMapService.ts(82,13): error TS18046: 'record' is of type 'unknown'.
src/lib/services/painMapService.ts(83,24): error TS18046: 'record' is of type 'unknown'.
src/lib/services/painMapService.ts(84,20): error TS18046: 'record' is of type 'unknown'.
src/lib/services/painMapService.ts(85,54): error TS18046: 'record' is of type 'unknown'.
src/lib/services/painMapService.ts(86,19): error TS18046: 'record' is of type 'unknown'.
src/lib/services/painMapService.ts(104,58): error TS2769: No overload matches this call.
  Overload 1 of 3, '(callbackfn: (previousValue: PainIntensity, currentValue: PainIntensity, currentIndex: number, array: PainIntensity[]) => PainIntensity, initialValue: PainIntensity): PainIntensity', gave the following error.
    Type 'number' is not assignable to type 'PainIntensity'.
  Overload 2 of 3, '(callbackfn: (previousValue: PainIntensity, currentValue: PainIntensity, currentIndex: number, array: PainIntensity[]) => PainIntensity, initialValue: PainIntensity): PainIntensity', gave the following error.
    Type 'number' is not assignable to type 'PainIntensity'.
src/lib/services/painMapService.ts(127,43): error TS2769: No overload matches this call.
  Overload 1 of 3, '(callbackfn: (previousValue: PainIntensity, currentValue: PainIntensity, currentIndex: number, array: PainIntensity[]) => PainIntensity, initialValue: PainIntensity): PainIntensity', gave the following error.
    Type 'number' is not assignable to type 'PainIntensity'.
  Overload 2 of 3, '(callbackfn: (previousValue: PainIntensity, currentValue: PainIntensity, currentIndex: number, array: PainIntensity[]) => PainIntensity, initialValue: PainIntensity): PainIntensity', gave the following error.
    Type 'number' is not assignable to type 'PainIntensity'.
src/lib/services/pathologyService.ts(14,12): error TS2352: Conversion of type '{ id: any; patient_id: any; diagnosis: any; status: any; notes: any; created_at: any; updated_at: any; }[]' to type 'Pathology[]' may be a mistake because neither type sufficiently overlaps with the other. If this was intentional, convert the expression to 'unknown' first.
  Property 'pathology_name' is missing in type '{ id: any; patient_id: any; diagnosis: any; status: any; notes: any; created_at: any; updated_at: any; }' but required in type 'Pathology'.
src/lib/services/pathologyService.ts(27,12): error TS2352: Conversion of type '{ id: any; patient_id: any; diagnosis: any; status: any; notes: any; created_at: any; updated_at: any; }[]' to type 'Pathology[]' may be a mistake because neither type sufficiently overlaps with the other. If this was intentional, convert the expression to 'unknown' first.
  Property 'pathology_name' is missing in type '{ id: any; patient_id: any; diagnosis: any; status: any; notes: any; created_at: any; updated_at: any; }' but required in type 'Pathology'.
src/lib/services/pathologyService.ts(40,12): error TS2352: Conversion of type '{ id: any; patient_id: any; diagnosis: any; status: any; notes: any; created_at: any; updated_at: any; }[]' to type 'Pathology[]' may be a mistake because neither type sufficiently overlaps with the other. If this was intentional, convert the expression to 'unknown' first.
  Property 'pathology_name' is missing in type '{ id: any; patient_id: any; diagnosis: any; status: any; notes: any; created_at: any; updated_at: any; }' but required in type 'Pathology'.
src/lib/services/pathologyService.ts(52,12): error TS2352: Conversion of type '{ id: any; patient_id: any; diagnosis: any; status: any; notes: any; created_at: any; updated_at: any; }' to type 'Pathology' may be a mistake because neither type sufficiently overlaps with the other. If this was intentional, convert the expression to 'unknown' first.
  Property 'pathology_name' is missing in type '{ id: any; patient_id: any; diagnosis: any; status: any; notes: any; created_at: any; updated_at: any; }' but required in type 'Pathology'.
src/lib/services/pathologyService.ts(65,12): error TS2352: Conversion of type '{ id: any; patient_id: any; diagnosis: any; status: any; notes: any; created_at: any; updated_at: any; }' to type 'Pathology' may be a mistake because neither type sufficiently overlaps with the other. If this was intentional, convert the expression to 'unknown' first.
  Property 'pathology_name' is missing in type '{ id: any; patient_id: any; diagnosis: any; status: any; notes: any; created_at: any; updated_at: any; }' but required in type 'Pathology'.
src/lib/services/pathologyService.ts(78,12): error TS2352: Conversion of type '{ id: any; patient_id: any; diagnosis: any; status: any; notes: any; created_at: any; updated_at: any; }' to type 'Pathology' may be a mistake because neither type sufficiently overlaps with the other. If this was intentional, convert the expression to 'unknown' first.
  Property 'pathology_name' is missing in type '{ id: any; patient_id: any; diagnosis: any; status: any; notes: any; created_at: any; updated_at: any; }' but required in type 'Pathology'.
src/lib/services/pathologyService.ts(91,12): error TS2352: Conversion of type '{ id: any; patient_id: any; diagnosis: any; status: any; notes: any; created_at: any; updated_at: any; }' to type 'Pathology' may be a mistake because neither type sufficiently overlaps with the other. If this was intentional, convert the expression to 'unknown' first.
  Property 'pathology_name' is missing in type '{ id: any; patient_id: any; diagnosis: any; status: any; notes: any; created_at: any; updated_at: any; }' but required in type 'Pathology'.
src/lib/services/sessionEvolutionService.ts(119,50): error TS2339: Property 'record_date' does not exist on type 'Partial<SessionEvolution>'.
src/lib/utils/async.ts(118,3): error TS2322: Type '() => T | PromiseLike<T>' is not assignable to type 'T'.
  'T' could be instantiated with an arbitrary type which could be unrelated to '() => T | PromiseLike<T>'.
src/lib/utils/async.ts(190,7): error TS2322: Type 'unknown' is not assignable to type 'ReturnType<T>'.
src/lib/utils/painMapValidation.ts(58,29): error TS2693: 'PainType' only refers to a type, but is being used as a value here.
src/lib/utils/painMapValidation.ts(108,46): error TS2339: Property 'date' does not exist on type 'Partial<PainPoint>'.
src/lib/utils/painMapValidation.ts(200,5): error TS2353: Object literal may only specify known properties, and 'date' does not exist in type 'Partial<PainPoint>'.
src/lib/utils/painMapValidation.ts(200,17): error TS2339: Property 'date' does not exist on type 'Partial<PainPoint>'.
src/lib/utils/query-helpers.ts(8,15): error TS2459: Module '"@supabase/supabase-js"' declares 'PostgrestQueryBuilder' locally, but it is not exported.
src/lib/validation/ajv.ts(11,1): error TS2578: Unused '@ts-expect-error' directive.
src/lib/validations/agenda.ts(49,33): error TS18048: 'data.start_time' is possibly 'undefined'.
src/lib/validations/agenda.ts(50,29): error TS18048: 'data.end_time' is possibly 'undefined'.
src/lib/validations/agenda.ts(113,33): error TS18048: 'data.start_time' is possibly 'undefined'.
src/lib/validations/agenda.ts(114,29): error TS18048: 'data.end_time' is possibly 'undefined'.
src/lib/validations/agenda.ts(123,23): error TS18048: 'data.start_time' is possibly 'undefined'.
src/lib/validations/agenda.ts(124,21): error TS18048: 'data.end_time' is possibly 'undefined'.
src/lib/vector/embeddings.ts(12,3): error TS2578: Unused '@ts-expect-error' directive.
src/lib/vector/embeddings.ts(14,5): error TS2578: Unused '@ts-expect-error' directive.
src/lib/vector/embeddings.ts(188,31): error TS7006: Parameter 'result' implicitly has an 'any' type.
src/lib/vector/embeddings.ts(329,31): error TS7006: Parameter 'result' implicitly has an 'any' type.
src/lib/vector/embeddings.ts(431,31): error TS7006: Parameter 'result' implicitly has an 'any' type.
src/lib/waitlist/smart-waitlist.ts(486,3): error TS2484: Export declaration conflicts with exported declaration of 'TimeSlot'.
src/lib/waitlist/smart-waitlist.ts(487,3): error TS2484: Export declaration conflicts with exported declaration of 'SlotCandidate'.
src/lib/waitlist/smart-waitlist.ts(488,3): error TS2484: Export declaration conflicts with exported declaration of 'WaitlistRecommendation'.
src/lib/waitlist/smart-waitlist.ts(489,3): error TS2484: Export declaration conflicts with exported declaration of 'WaitlistAnalytics'.
src/lib/waitlist/smart-waitlist.ts(490,3): error TS2484: Export declaration conflicts with exported declaration of 'TherapistAvailability'.
src/main.tsx(57,59): error TS2339: Property 'url' does not exist on type 'URL | Request'.
  Property 'url' does not exist on type 'URL'.
src/pages/AuditLogs.tsx(153,41): error TS2345: Argument of type 'AuditLog[] | NoInfer<TQueryFnData>' is not assignable to parameter of type 'AuditLog[]'.
  Type 'NoInfer<TQueryFnData>' is not assignable to type 'AuditLog[]'.
    Type 'TQueryFnData' is not assignable to type 'AuditLog[]'.
src/pages/AuditLogs.tsx(154,45): error TS2339: Property 'length' does not exist on type 'AuditLog[] | NoInfer<TQueryFnData>'.
  Property 'length' does not exist on type 'NoInfer<TQueryFnData>'.
src/pages/AuditLogs.tsx(254,37): error TS2322: Type 'unknown' is not assignable to type 'Key | null | undefined'.
src/pages/AuditLogs.tsx(254,50): error TS2322: Type 'unknown' is not assignable to type 'string'.
src/pages/AuditLogs.tsx(255,42): error TS2538: Type 'unknown' cannot be used as an index type.
src/pages/AuditLogs.tsx(267,37): error TS2322: Type 'unknown' is not assignable to type 'Key | null | undefined'.
src/pages/AuditLogs.tsx(267,49): error TS2322: Type 'unknown' is not assignable to type 'string'.
src/pages/AuditLogs.tsx(268,41): error TS2538: Type 'unknown' cannot be used as an index type.
src/pages/AuditLogs.tsx(292,43): error TS2339: Property 'length' does not exist on type 'AuditLog[] | NoInfer<TQueryFnData>'.
  Property 'length' does not exist on type 'NoInfer<TQueryFnData>'.
src/pages/AuditLogs.tsx(297,26): error TS2339: Property 'length' does not exist on type 'AuditLog[] | NoInfer<TQueryFnData>'.
  Property 'length' does not exist on type 'NoInfer<TQueryFnData>'.
src/pages/AuditLogs.tsx(317,31): error TS2339: Property 'map' does not exist on type 'AuditLog[] | NoInfer<TQueryFnData>'.
  Property 'map' does not exist on type 'NoInfer<TQueryFnData>'.
src/pages/AuditLogs.tsx(317,36): error TS7006: Parameter 'log' implicitly has an 'any' type.
src/pages/ClinicalTestsLibrary.tsx(496,21): error TS2322: Type 'ClinicalTest | null' is not assignable to type 'ClinicalTest | null | undefined'.
  Type 'ClinicalTest' is not assignable to type 'ClinicalTest'. Two different types with this name exist, but they are unrelated.
    Types of property 'fields_definition' are incompatible.
      Type 'unknown[] | undefined' is not assignable to type 'MetricField[] | undefined'.
        Type 'unknown[]' is not assignable to type 'MetricField[]'.
          Type 'unknown' is not assignable to type 'MetricField'.
src/pages/Eventos.tsx(135,11): error TS2739: Type 'Evento' is missing the following properties from type '{ id: string; nome: string; descricao: string | null; categoria: string; status: string; local: string; data_inicio: string; data_fim: string; gratuito: boolean; link_whatsapp: string | null; valor_padrao_prestador: number; }': data_fim, link_whatsapp, valor_padrao_prestador
src/pages/FileUploadTest.tsx(25,18): error TS2304: Cannot find name 'useCallback'.
src/pages/FileUploadTest.tsx(141,14): error TS2304: Cannot find name 'CardDescription'.
src/pages/FileUploadTest.tsx(143,15): error TS2304: Cannot find name 'CardDescription'.
src/pages/FileUploadTest.tsx(173,16): error TS2304: Cannot find name 'CardDescription'.
src/pages/FileUploadTest.tsx(175,17): error TS2304: Cannot find name 'CardDescription'.
src/pages/Financial.tsx(404,32): error TS2304: Cannot find name 'Trash2'.
src/pages/Index.tsx(28,34): error TS2322: Type '{ lastUpdate: Date; profile: Profile; }' is not assignable to type 'IntrinsicAttributes & PatientDashboardProps'.
  Property 'lastUpdate' does not exist on type 'IntrinsicAttributes & PatientDashboardProps'. Did you mean '_lastUpdate'?
src/pages/InvitationManagement.tsx(50,40): error TS2345: Argument of type 'Invitation' is not assignable to parameter of type '{ used_at?: string | Date | undefined; expires_at: string | Date; }'.
  Types of property 'used_at' are incompatible.
    Type 'string | null' is not assignable to type 'string | Date | undefined'.
      Type 'null' is not assignable to type 'string | Date | undefined'.
src/pages/InvitationManagement.tsx(137,56): error TS2345: Argument of type 'Invitation' is not assignable to parameter of type '{ used_at?: string | Date | undefined; expires_at: string | Date; }'.
  Types of property 'used_at' are incompatible.
    Type 'string | null' is not assignable to type 'string | Date | undefined'.
      Type 'null' is not assignable to type 'string | Date | undefined'.
src/pages/PatientEvolution.tsx(701,15): error TS2322: Type '{ [x: string]: any; } | null | undefined' is not assignable to type 'Patient | null | undefined'.
  Type '{ [x: string]: any; }' is missing the following properties from type 'Patient': id, name, birthDate, gender, and 5 more.
src/pages/PatientEvolution.tsx(703,15): error TS2322: Type '{ [x: string]: any; } | null | undefined' is not assignable to type 'Appointment | null | undefined'.
  Type '{ [x: string]: any; }' is missing the following properties from type 'Appointment': id, patientId, patientName, date, and 6 more.
src/pages/PatientEvolutionReport.tsx(44,43): error TS2339: Property 'currentPainLevel' does not exist on type 'PatientEvolutionData'.
src/pages/PatientEvolutionReport.tsx(196,43): error TS2339: Property 'currentPainLevel' does not exist on type 'PatientEvolutionData'.
src/pages/PatientGamificationPage.tsx(6,27): error TS2459: Module '"@/hooks/useGamification"' declares 'Achievement' locally, but it is not exported.
src/pages/PatientPortal.tsx(344,66): error TS2339: Property 'name' does not exist on type 'SelectQueryError<"could not find the relation between prescribed_exercises and exercises">'.
src/pages/PatientPortal.tsx(352,82): error TS2345: Argument of type '{ id: any; patient_id: any; exercise_id: any; sets: any; reps: any; duration: any; frequency: any; is_active: any; created_at: any; exercise: SelectQueryError<"could not find the relation between prescribed_exercises and exercises">; }' is not assignable to parameter of type 'SetStateAction<PrescriptionExercise | null>'.
  Type '{ id: any; patient_id: any; exercise_id: any; sets: any; reps: any; duration: any; frequency: any; is_active: any; created_at: any; exercise: SelectQueryError<"could not find the relation between prescribed_exercises and exercises">; }' is not assignable to type 'PrescriptionExercise'.
    Types of property 'exercise' are incompatible.
      Property 'name' is missing in type '{ error: true; } & String' but required in type '{ name: string; }'.
src/pages/PatientPortal.tsx(412,11): error TS2739: Type 'PrescriptionExercise' is missing the following properties from type 'Prescription': title, exercises
src/pages/PreCadastro.tsx(78,22): error TS2345: Argument of type '{ campos_obrigatorios: string[]; campos_opcionais: string[]; }' is not assignable to parameter of type 'SetStateAction<TokenData | null>'.
  Type '{ campos_obrigatorios: string[]; campos_opcionais: string[]; }' is missing the following properties from type 'TokenData': id, organization_id, nome, descricao
src/pages/PreCadastroAdmin.tsx(145,45): error TS2322: Type 'Promise<{ [x: string]: any; }>' is not assignable to type 'Promise<void>'.
  Type '{ [x: string]: any; }' is not assignable to type 'void'.
src/pages/Protocols.tsx(116,11): error TS2322: Type 'ExerciseProtocol | null' is not assignable to type 'ExerciseProtocol | undefined'.
  Type 'null' is not assignable to type 'ExerciseProtocol | undefined'.
src/pages/Reports.tsx(52,11): error TS2339: Property 'activeTransactions' does not exist on type '{ transactions: Transaction[]; stats: FinancialStats | undefined; loading: boolean; error: Error | null; createTransaction: UseMutateFunction<Transaction, Error, Omit<...>, unknown>; ... 5 more ...; isDeleting: boolean; }'.
src/pages/Reports.tsx(499,32): error TS7006: Parameter 't' implicitly has an 'any' type.
src/pages/Reports.tsx(501,28): error TS7006: Parameter 't' implicitly has an 'any' type.
src/pages/Schedule.tsx(124,5): error TS2578: Unused '@ts-expect-error' directive.
src/pages/Schedule.tsx(126,5): error TS2578: Unused '@ts-expect-error' directive.
src/pages/Schedule.tsx(408,11): error TS2578: Unused '@ts-expect-error' directive.
src/pages/Schedule.tsx(439,33): error TS2322: Type '"ghost" | "white"' is not assignable to type '"link" | "default" | "destructive" | "outline" | "secondary" | "ghost" | "medical" | null | undefined'.
  Type '"white"' is not assignable to type '"link" | "default" | "destructive" | "outline" | "secondary" | "ghost" | "medical" | null | undefined'.
src/pages/Schedule.tsx(440,33): error TS2322: Type '"ghost" | "white"' is not assignable to type '"link" | "default" | "destructive" | "outline" | "secondary" | "ghost" | "medical" | null | undefined'.
  Type '"white"' is not assignable to type '"link" | "default" | "destructive" | "outline" | "secondary" | "ghost" | "medical" | null | undefined'.
src/pages/Schedule.tsx(441,33): error TS2322: Type '"ghost" | "white"' is not assignable to type '"link" | "default" | "destructive" | "outline" | "secondary" | "ghost" | "medical" | null | undefined'.
  Type '"white"' is not assignable to type '"link" | "default" | "destructive" | "outline" | "secondary" | "ghost" | "medical" | null | undefined'.
src/pages/Schedule.tsx(497,19): error TS2322: Type '{ appointments: AppointmentBase[]; currentDate: Date; onDateChange: Dispatch<SetStateAction<Date>>; viewType: CalendarViewType; ... 8 more ...; onToggleSelection: (id: string) => void; }' is not assignable to type 'IntrinsicAttributes & CalendarViewProps'.
  Property 'onAppointmentClick' does not exist on type 'IntrinsicAttributes & CalendarViewProps'.
src/pages/ScheduleRefactored.tsx(8,42): error TS2307: Cannot find module '@/components/schedule/ScheduleHeaderRefactored' or its corresponding type declarations.
src/pages/ScheduleRefactored.tsx(86,47): error TS2339: Property 'appointmentDate' does not exist on type 'AppointmentBase'.
src/pages/ScheduleRefactored.tsx(89,42): error TS2339: Property 'appointmentTime' does not exist on type 'AppointmentBase'.
src/pages/ScheduleRefactored.tsx(181,41): error TS2339: Property 'appointmentDate' does not exist on type 'AppointmentBase'.
src/pages/ScheduleRefactored.tsx(186,14): error TS2367: This comparison appears to be unintentional because the types 'AppointmentStatus' and '"completed"' have no overlap.
src/pages/ScheduleRefactored.tsx(190,14): error TS2367: This comparison appears to be unintentional because the types 'AppointmentStatus' and '"confirmed"' have no overlap.
src/pages/ScheduleRefactored.tsx(194,14): error TS2367: This comparison appears to be unintentional because the types 'AppointmentStatus' and '"scheduled"' have no overlap.
src/pages/ScheduleRefactored.tsx(205,25): error TS2339: Property 'appointmentTime' does not exist on type 'AppointmentBase'.
src/pages/ScheduleRefactored.tsx(205,57): error TS2339: Property 'appointmentTime' does not exist on type 'AppointmentBase'.
src/pages/ScheduleRefactored.tsx(216,41): error TS2339: Property 'appointmentDate' does not exist on type 'AppointmentBase'.
src/pages/ScheduleRefactored.tsx(415,5): error TS2304: Cannot find name 'quickEditAppointment'.
src/pages/ScheduleRefactored.tsx(547,17): error TS2322: Type '{ searchTerm: string; onSearchChange: Dispatch<SetStateAction<string>>; resultsCount: number; }' is not assignable to type 'IntrinsicAttributes & AppointmentSearchProps'.
  Property 'searchTerm' does not exist on type 'IntrinsicAttributes & AppointmentSearchProps'.
src/pages/Settings.tsx(143,49): error TS2304: Cannot find name 'memo'.
src/pages/Settings.tsx(144,3): error TS7031: Binding element 'title' implicitly has an 'any' type.
src/pages/Settings.tsx(145,3): error TS7031: Binding element 'description' implicitly has an 'any' type.
src/pages/Settings.tsx(146,3): error TS7031: Binding element 'icon' implicitly has an 'any' type.
src/pages/Settings.tsx(147,3): error TS7031: Binding element 'buttonText' implicitly has an 'any' type.
src/pages/Settings.tsx(148,3): error TS7031: Binding element 'onClick' implicitly has an 'any' type.
src/pages/Settings.tsx(160,7): error TS2322: Type 'string' is not assignable to type '"link" | "default" | "destructive" | "outline" | "secondary" | "ghost" | "medical" | null | undefined'.
src/pages/Settings.tsx(184,6): error TS2304: Cannot find name 'memo'.
src/pages/Settings.tsx(185,3): error TS7031: Binding element 'id' implicitly has an 'any' type.
src/pages/Settings.tsx(186,3): error TS7031: Binding element 'label' implicitly has an 'any' type.
src/pages/Settings.tsx(187,3): error TS7031: Binding element 'value' implicitly has an 'any' type.
src/pages/Settings.tsx(188,3): error TS7031: Binding element 'onChange' implicitly has an 'any' type.
src/pages/Settings.tsx(189,3): error TS7031: Binding element 'showPassword' implicitly has an 'any' type.
src/pages/Settings.tsx(190,3): error TS7031: Binding element 'onTogglePassword' implicitly has an 'any' type.
src/pages/Settings.tsx(191,3): error TS7031: Binding element 'placeholder' implicitly has an 'any' type.
src/pages/Settings.tsx(192,3): error TS7031: Binding element 'disabled' implicitly has an 'any' type.
src/pages/Settings.tsx(227,6): error TS2304: Cannot find name 'memo'.
src/pages/Settings.tsx(227,14): error TS7031: Binding element 'workingHours' implicitly has an 'any' type.
src/pages/Settings.tsx(227,28): error TS7031: Binding element 'onChange' implicitly has an 'any' type.
src/pages/Settings.tsx(227,38): error TS7031: Binding element 'onSave' implicitly has an 'any' type.
src/pages/Settings.tsx(288,6): error TS2304: Cannot find name 'memo'.
src/pages/Settings.tsx(288,14): error TS7031: Binding element 'id' implicitly has an 'any' type.
src/pages/Settings.tsx(288,18): error TS7031: Binding element 'label' implicitly has an 'any' type.
src/pages/Settings.tsx(288,25): error TS7031: Binding element 'value' implicitly has an 'any' type.
src/pages/Settings.tsx(288,32): error TS7031: Binding element 'onChange' implicitly has an 'any' type.
src/pages/Settings.tsx(309,6): error TS2304: Cannot find name 'memo'.
src/pages/Settings.tsx(309,14): error TS7031: Binding element 'notifications' implicitly has an 'any' type.
src/pages/Settings.tsx(309,29): error TS7031: Binding element 'onChange' implicitly has an 'any' type.
src/pages/SmartDashboard.tsx(380,11): error TS2322: Type '{ items: GridItem[]; onLayoutChange: (layout: Layout) => void; savedLayout: Layout; isEditable: boolean; rowHeight: number; }' is not assignable to type 'IntrinsicAttributes & DraggableGridProps'.
  Property 'savedLayout' does not exist on type 'IntrinsicAttributes & DraggableGridProps'.
src/pages/Telemedicine.tsx(240,82): error TS2352: Conversion of type 'SelectQueryError<"could not find the relation between telemedicine_rooms and patient_id">' to type '{ name: string; } | null' may be a mistake because neither type sufficiently overlaps with the other. If this was intentional, convert the expression to 'unknown' first.
src/pages/admin/goals/GoalProfileEditorPage.tsx(86,92): error TS2345: Argument of type 'Partial<ProfileDetail>' is not assignable to parameter of type 'Partial<GoalProfile>'.
  Types of property 'evidence' are incompatible.
    Type 'unknown[] | undefined' is not assignable to type '{ label: string; source: string; }[] | undefined'.
      Type 'unknown[]' is not assignable to type '{ label: string; source: string; }[]'.
        Type 'unknown' is not assignable to type '{ label: string; source: string; }'.
src/pages/admin/goals/GoalProfileEditorPage.tsx(94,59): error TS18046: 'error' is of type 'unknown'.
src/pages/admin/goals/GoalProfileEditorPage.tsx(310,105): error TS2345: Argument of type 'number | undefined' is not assignable to parameter of type 'string | number | boolean'.
  Type 'undefined' is not assignable to type 'string | number | boolean'.
src/pages/admin/goals/GoalProfileEditorPage.tsx(321,105): error TS2345: Argument of type 'number | undefined' is not assignable to parameter of type 'string | number | boolean'.
  Type 'undefined' is not assignable to type 'string | number | boolean'.
src/pages/admin/goals/GoalProfileEditorPage.tsx(332,113): error TS2345: Argument of type 'number | undefined' is not assignable to parameter of type 'string | number | boolean'.
  Type 'undefined' is not assignable to type 'string | number | boolean'.
src/pages/admin/goals/GoalProfileEditorPage.tsx(345,117): error TS2345: Argument of type 'number | undefined' is not assignable to parameter of type 'string | number | boolean'.
  Type 'undefined' is not assignable to type 'string | number | boolean'.
src/pages/admin/goals/GoalProfileListPage.tsx(73,30): error TS18046: 'error' is of type 'unknown'.
src/pages/admin/goals/GoalProfileListPage.tsx(92,30): error TS18046: 'error' is of type 'unknown'.
src/pages/cadastros/EvaluationFormBuilderPage.tsx(24,11): error TS2430: Interface 'BuilderSection' incorrectly extends interface 'Omit<AssessmentSection, "id" | "template_id">'.
  Types of property 'questions' are incompatible.
    Type 'BuilderQuestion[]' is not assignable to type 'AssessmentQuestion[]'.
      Property 'section_id' is missing in type 'BuilderQuestion' but required in type 'AssessmentQuestion'.
src/pages/cadastros/EvaluationFormBuilderPage.tsx(172,14): error TS2304: Cannot find name 'id'.
src/pages/cadastros/EvaluationFormPreviewPage.tsx(36,13): error TS2322: Type 'string | number | Date' is not assignable to type 'string | number | readonly string[] | undefined'.
  Type 'Date' is not assignable to type 'string | number | readonly string[] | undefined'.
    Type 'Date' is missing the following properties from type 'readonly string[]': length, concat, join, slice, and 20 more.
src/pages/cadastros/EvaluationFormPreviewPage.tsx(47,13): error TS2322: Type 'string | number | Date' is not assignable to type 'string | number | readonly string[] | undefined'.
  Type 'Date' is not assignable to type 'string | number | readonly string[] | undefined'.
    Type 'Date' is missing the following properties from type 'readonly string[]': length, concat, join, slice, and 20 more.
src/pages/cadastros/EvaluationFormPreviewPage.tsx(60,13): error TS2322: Type 'string | number | Date' is not assignable to type 'string | number | readonly string[] | undefined'.
  Type 'Date' is not assignable to type 'string | number | readonly string[] | undefined'.
    Type 'Date' is missing the following properties from type 'readonly string[]': length, concat, join, slice, and 20 more.
src/pages/cadastros/EvaluationFormPreviewPage.tsx(71,13): error TS2322: Type 'string | number | Date' is not assignable to type 'string | number | readonly string[] | undefined'.
  Type 'Date' is not assignable to type 'string | number | readonly string[] | undefined'.
    Type 'Date' is missing the following properties from type 'readonly string[]': length, concat, join, slice, and 20 more.
src/pages/cadastros/EvaluationFormPreviewPage.tsx(82,13): error TS2322: Type 'string | number | Date' is not assignable to type 'string | number | readonly string[] | undefined'.
  Type 'Date' is not assignable to type 'string | number | readonly string[] | undefined'.
    Type 'Date' is missing the following properties from type 'readonly string[]': length, concat, join, slice, and 20 more.
src/pages/cadastros/EvaluationFormPreviewPage.tsx(100,31): error TS2339: Property 'id' does not exist on type '{ tipo_campo: string; rotulo: string; opcoes?: string[] | undefined; obrigatorio?: boolean | undefined; }'.
src/pages/cadastros/EvaluationFormPreviewPage.tsx(124,34): error TS2345: Argument of type 'any[]' is not assignable to parameter of type 'string | number | Date'.
  Type 'any[]' is missing the following properties from type 'Date': toDateString, toTimeString, toLocaleDateString, toLocaleTimeString, and 37 more.
src/pages/cadastros/EvaluationFormPreviewPage.tsx(126,34): error TS2345: Argument of type 'any[]' is not assignable to parameter of type 'string | number | Date'.
  Type 'any[]' is missing the following properties from type 'Date': toDateString, toTimeString, toLocaleDateString, toLocaleTimeString, and 37 more.
src/pages/cadastros/EvaluationFormPreviewPage.tsx(147,26): error TS2339: Property 'minimo' does not exist on type '{ tipo_campo: string; rotulo: string; opcoes?: string[] | undefined; obrigatorio?: boolean | undefined; }'.
src/pages/cadastros/EvaluationFormPreviewPage.tsx(148,26): error TS2339: Property 'maximo' does not exist on type '{ tipo_campo: string; rotulo: string; opcoes?: string[] | undefined; obrigatorio?: boolean | undefined; }'.
src/pages/cadastros/EvaluationFormPreviewPage.tsx(149,15): error TS2322: Type 'string | number | Date' is not assignable to type 'string | number | readonly string[] | undefined'.
  Type 'Date' is not assignable to type 'string | number | readonly string[] | undefined'.
    Type 'Date' is missing the following properties from type 'readonly string[]': length, concat, join, slice, and 20 more.
src/pages/cadastros/EvaluationFormPreviewPage.tsx(155,15): error TS2322: Type 'string | number | Date' is not assignable to type 'ReactNode'.
  Type 'Date' is not assignable to type 'ReactNode'.
src/pages/cadastros/EvaluationFormPreviewPage.tsx(183,13): error TS2322: Type 'string | number | Date' is not assignable to type 'string | number | readonly string[] | undefined'.
  Type 'Date' is not assignable to type 'string | number | readonly string[] | undefined'.
    Type 'Date' is missing the following properties from type 'readonly string[]': length, concat, join, slice, and 20 more.
src/pages/cadastros/EvaluationFormPreviewPage.tsx(199,34): error TS2339: Property 'pergunta' does not exist on type '{ tipo_campo: string; rotulo: string; opcoes?: string[] | undefined; obrigatorio?: boolean | undefined; }'.
src/pages/cadastros/EvaluationFormPreviewPage.tsx(202,14): error TS2339: Property 'descricao' does not exist on type '{ tipo_campo: string; rotulo: string; opcoes?: string[] | undefined; obrigatorio?: boolean | undefined; }'.
src/pages/cadastros/EvaluationFormPreviewPage.tsx(203,72): error TS2339: Property 'descricao' does not exist on type '{ tipo_campo: string; rotulo: string; opcoes?: string[] | undefined; obrigatorio?: boolean | undefined; }'.
src/pages/cadastros/EvaluationFormPreviewPage.tsx(244,49): error TS2769: No overload matches this call.
  Overload 1 of 3, '(callbackfn: (previousValue: EvaluationFormField, currentValue: EvaluationFormField, currentIndex: number, array: EvaluationFormField[]) => EvaluationFormField, initialValue: EvaluationFormField): EvaluationFormField', gave the following error.
    Argument of type '(acc: Record<string, Array<Record<string, unknown>>>, field: Record<string, unknown>) => Record<string, Record<string, unknown>[]>' is not assignable to parameter of type '(previousValue: EvaluationFormField, currentValue: EvaluationFormField, currentIndex: number, array: EvaluationFormField[]) => EvaluationFormField'.
      Types of parameters 'acc' and 'previousValue' are incompatible.
        Type 'EvaluationFormField' is not assignable to type 'Record<string, Record<string, unknown>[]>'.
          Index signature for type 'string' is missing in type 'EvaluationFormField'.
  Overload 2 of 3, '(callbackfn: (previousValue: Record<string, Record<string, unknown>[]>, currentValue: EvaluationFormField, currentIndex: number, array: EvaluationFormField[]) => Record<...>, initialValue: Record<...>): Record<...>', gave the following error.
    Argument of type '(acc: Record<string, Array<Record<string, unknown>>>, field: Record<string, unknown>) => Record<string, Record<string, unknown>[]>' is not assignable to parameter of type '(previousValue: Record<string, Record<string, unknown>[]>, currentValue: EvaluationFormField, currentIndex: number, array: EvaluationFormField[]) => Record<...>'.
      Types of parameters 'field' and 'currentValue' are incompatible.
        Type 'EvaluationFormField' is not assignable to type 'Record<string, unknown>'.
          Index signature for type 'string' is missing in type 'EvaluationFormField'.
src/pages/cadastros/EvaluationFormPreviewPage.tsx(246,14): error TS2538: Type '{}' cannot be used as an index type.
src/pages/cadastros/EvaluationFormPreviewPage.tsx(246,28): error TS2538: Type '{}' cannot be used as an index type.
src/pages/cadastros/EvaluationFormPreviewPage.tsx(247,9): error TS2538: Type '{}' cannot be used as an index type.
src/pages/cadastros/EvaluationFormPreviewPage.tsx(341,34): error TS7006: Parameter 'field' implicitly has an 'any' type.
src/pages/cadastros/EvaluationFormPreviewPage.tsx(341,41): error TS7006: Parameter 'fieldIndex' implicitly has an 'any' type.
src/pages/cadastros/EvaluationFormPreviewPage.tsx(345,25): error TS2322: Type 'string | number | string[] | Date' is not assignable to type 'string | number | Date | undefined'.
  Type 'string[]' is not assignable to type 'string | number | Date | undefined'.
    Type 'string[]' is missing the following properties from type 'Date': toDateString, toTimeString, toLocaleDateString, toLocaleTimeString, and 37 more.
src/pages/cadastros/EvaluationFormsPage.tsx(127,21): error TS2339: Property 'evaluation_form_fields' does not exist on type 'EvaluationForm'.
src/pages/cadastros/EvaluationFormsPage.tsx(491,40): error TS2339: Property 'evaluation_form_fields' does not exist on type 'EvaluationForm'.
src/pages/cadastros/EvolutionTemplatesPage.tsx(263,23): error TS2322: Type 'string | null' is not assignable to type 'string | number | readonly string[] | undefined'.
  Type 'null' is not assignable to type 'string | number | readonly string[] | undefined'.
src/pages/crm/CRMCampanhasPage.tsx(476,82): error TS2304: Cannot find name 'setSelectedCampaign'.
src/pages/dashboard/dinamica/DynamicCompareDetailsPage.tsx(67,35): error TS2304: Cannot find name 'e'.
src/pages/dashboard/dinamica/DynamicCompareDetailsPage.tsx(68,31): error TS2304: Cannot find name 'e'.
src/pages/financeiro/NFSePage.tsx(149,15): error TS2769: No overload matches this call.
  Overload 1 of 2, '(props: PropsWithChildren<DocumentProps>): Document', gave the following error.
    Type '{ children: Element; size: string; }' is not assignable to type 'IntrinsicAttributes & IntrinsicClassAttributes<Document> & Readonly<PropsWithChildren<DocumentProps>>'.
      Property 'size' does not exist on type 'IntrinsicAttributes & IntrinsicClassAttributes<Document> & Readonly<PropsWithChildren<DocumentProps>>'.
  Overload 2 of 2, '(props: PropsWithChildren<DocumentProps>, context: any): Document', gave the following error.
    Type '{ children: Element; size: string; }' is not assignable to type 'IntrinsicAttributes & IntrinsicClassAttributes<Document> & Readonly<PropsWithChildren<DocumentProps>>'.
      Property 'size' does not exist on type 'IntrinsicAttributes & IntrinsicClassAttributes<Document> & Readonly<PropsWithChildren<DocumentProps>>'.
src/pages/financeiro/NFSePage.tsx(907,20): error TS2304: Cannot find name 'Textarea'.
src/pages/financeiro/NFSePage.tsx(910,32): error TS7006: Parameter 'e' implicitly has an 'any' type.
src/pages/financeiro/RecibosPage.tsx(18,36): error TS2614: Module '"@/components/financial/ReciboPDF"' has no exported member 'ReciboData'. Did you mean to use 'import ReciboData from "@/components/financial/ReciboPDF"' instead?
src/pages/financeiro/SimuladorReceitasPage.tsx(85,30): error TS2304: Cannot find name 'cenarioPersonalizados'.
src/pages/mobile/PatientApp.tsx(102,25): error TS2345: Argument of type '{ [x: string]: any; therapists: SelectQueryError<"could not find the relation between appointments and profiles">; }[]' is not assignable to parameter of type 'SetStateAction<Appointment[]>'.
  Type '{ [x: string]: any; therapists: SelectQueryError<"could not find the relation between appointments and profiles">; }[]' is not assignable to type 'Appointment[]'.
    Type '{ [x: string]: any; therapists: SelectQueryError<"could not find the relation between appointments and profiles">; }' is missing the following properties from type 'Appointment': id, start_time, status
src/pages/patients/NewEvaluationPage.tsx(172,108): error TS2345: Argument of type '{ goals: { [x: string]: any; }[]; pathologies: { [x: string]: any; }[]; surgeries: { [x: string]: any; }[]; appointments: { [x: string]: any; }[]; }' is not assignable to parameter of type 'Patient | { name?: string | undefined; full_name?: string | undefined; } | null | undefined'.
src/pages/patients/NewEvaluationPage.tsx(213,37): error TS2559: Type '{ goals: { [x: string]: any; }[]; pathologies: { [x: string]: any; }[]; surgeries: { [x: string]: any; }[]; appointments: { [x: string]: any; }[]; }' has no properties in common with type '{ name?: string | undefined; age?: number | undefined; profession?: string | undefined; phone?: string | undefined; email?: string | undefined; address?: { city?: string | undefined; state?: string | undefined; } | undefined; photoUrl?: string | undefined; alerts?: string[] | undefined; isActive?: boolean | undefine...'.
src/pages/patients/NewEvaluationPage.tsx(214,37): error TS2322: Type '{ [x: string]: any; }[]' is not assignable to type '{ date: string | Date; type?: string | undefined; notes?: string | undefined; }[]'.
  Property 'date' is missing in type '{ [x: string]: any; }' but required in type '{ date: string | Date; type?: string | undefined; notes?: string | undefined; }'.
src/pages/patients/NewEvaluationPage.tsx(215,37): error TS2322: Type '{ [x: string]: any; }[]' is not assignable to type '{ description: string; targetDate?: string | Date | undefined; }[]'.
  Property 'description' is missing in type '{ [x: string]: any; }' but required in type '{ description: string; targetDate?: string | Date | undefined; }'.
src/pages/patients/NewEvaluationPage.tsx(216,37): error TS2322: Type '{ [x: string]: any; }[]' is not assignable to type '{ name: string; diagnosedAt?: string | Date | undefined; }[]'.
  Property 'name' is missing in type '{ [x: string]: any; }' but required in type '{ name: string; diagnosedAt?: string | Date | undefined; }'.
src/pages/patients/NewEvaluationPage.tsx(217,37): error TS2322: Type '{ [x: string]: any; }[]' is not assignable to type '{ name: string; hospital?: string | undefined; surgeon?: string | undefined; surgeryDate?: string | Date | undefined; notes?: string | undefined; }[]'.
  Property 'name' is missing in type '{ [x: string]: any; }' but required in type '{ name: string; hospital?: string | undefined; surgeon?: string | undefined; surgeryDate?: string | Date | undefined; notes?: string | undefined; }'.
src/pages/patients/PainMapHistoryPage.tsx(29,7): error TS2740: Type '{ cabeca: { path: string; }; pescoco: { path: string; }; ombro_direito: { path: string; }; ombro_esquerdo: { path: string; }; torax: { path: string; }; braco_direito: { path: string; }; braco_esquerdo: { path: string; }; ... 17 more ...; pe_esquerdo: { ...; }; }' is missing the following properties from type 'Record<BodyRegion, { path: string; }>': cabeca_frente, cabeca_frente_esquerda, cabeca_frente_direita, cabeca_nuca_esquerda, and 17 more.
src/pages/patients/PainMapHistoryPage.tsx(304,26): error TS2304: Cannot find name 'TrendingUp'.
src/pages/patients/PatientProfilePage.tsx(222,87): error TS2769: No overload matches this call.
  Overload 1 of 4, '(value: string | number | Date): Date', gave the following error.
    Argument of type 'string | undefined' is not assignable to parameter of type 'string | number | Date'.
      Type 'undefined' is not assignable to type 'string | number | Date'.
  Overload 2 of 4, '(value: string | number): Date', gave the following error.
    Argument of type 'string | undefined' is not assignable to parameter of type 'string | number'.
      Type 'undefined' is not assignable to type 'string | number'.
src/pages/patients/PatientProfilePage.tsx(274,17): error TS2322: Type 'string | undefined' is not assignable to type 'string'.
  Type 'undefined' is not assignable to type 'string'.
src/pages/patients/PatientProfilePage.tsx(276,49): error TS2339: Property 'currentPainLevel' does not exist on type 'PatientEvolutionData'.
src/pages/patients/PatientProfilePage.tsx(304,17): error TS2322: Type '{ pain_level_after: number | undefined; id: string; patient_id: string; appointment_id?: string | undefined; session_number?: number | undefined; subjective?: string | undefined; objective?: string | undefined; ... 15 more ...; signature_hash?: string | undefined; }[]' is not assignable to type 'SessionData[]'.
  Type '{ pain_level_after: number | undefined; id: string; patient_id: string; appointment_id?: string; session_number?: number; subjective?: string; objective?: string; assessment?: string; ... 14 more ...; signature_hash?: string; }' is not assignable to type 'SessionData'.
    Types of property 'subjective' are incompatible.
      Type 'string | undefined' is not assignable to type 'string'.
        Type 'undefined' is not assignable to type 'string'.
src/pages/patients/PatientProfilePage.tsx(428,50): error TS18048: 'tx.installments' is possibly 'undefined'.
src/pages/patients/PatientProfilePage.tsx(654,21): error TS2322: Type 'PatientLifecycleSummaryData | null' is not assignable to type 'PatientLifecycleSummary | null'.
  Property 'upcoming_milestones' is missing in type 'PatientLifecycleSummaryData' but required in type 'PatientLifecycleSummary'.
src/pages/patients/PatientProfilePage.tsx(731,58): error TS2339: Property 'title' does not exist on type '{ id: string; name?: string | undefined; icon_url?: string | undefined; }'.
src/pages/patients/PatientProfilePage.tsx(910,38): error TS2741: Property 'id' is missing in type '{ [x: string]: any; }' but required in type '{ id: string; full_name?: string | undefined; name?: string | undefined; email?: string | undefined; phone?: string | undefined; status?: string | undefined; created_at?: string | undefined; }'.
src/pages/relatorios/RelatorioConvenioPage.tsx(25,15): error TS2345: Argument of type '{ family: string; }' is not assignable to parameter of type 'SingleLoad | BulkLoad'.
  Property 'fonts' is missing in type '{ family: string; }' but required in type 'BulkLoad'.
src/pages/relatorios/RelatorioConvenioPage.tsx(839,28): error TS2339: Property 'phone' does not exist on type '{ id: any; name: any; cpf: any; telefone: any; email: any; date_of_birth: any; }'.
src/pages/relatorios/RelatorioConvenioPage.tsx(850,25): error TS2339: Property 'nome' does not exist on type '{ [x: string]: any; } | SelectQueryError<"could not find the relation between patient_convenios and convenios">'.
  Property 'nome' does not exist on type 'SelectQueryError<"could not find the relation between patient_convenios and convenios">'.
src/pages/relatorios/RelatorioConvenioPage.tsx(851,25): error TS2339: Property 'cnpj' does not exist on type '{ [x: string]: any; } | SelectQueryError<"could not find the relation between patient_convenios and convenios">'.
  Property 'cnpj' does not exist on type 'SelectQueryError<"could not find the relation between patient_convenios and convenios">'.
src/pages/relatorios/RelatorioConvenioPage.tsx(852,24): error TS2339: Property 'codigo_ans' does not exist on type '{ [x: string]: any; } | SelectQueryError<"could not find the relation between patient_convenios and convenios">'.
  Property 'codigo_ans' does not exist on type 'SelectQueryError<"could not find the relation between patient_convenios and convenios">'.
src/pages/relatorios/RelatorioConvenioPage.tsx(860,7): error TS2322: Type '{ data: any; horario_inicio: string; horario_fim: string; tipo: "agendado" | "evolucao"; procedimentos: any; cid: string; codigos_tuss: never[]; numero_sessoes: number; sessao_atual: number; }[]' is not assignable to type 'DadosAtendimento[]'.
  Type '{ data: any; horario_inicio: string; horario_fim: string; tipo: "agendado" | "evolucao"; procedimentos: any; cid: string; codigos_tuss: never[]; numero_sessoes: number; sessao_atual: number; }' is not assignable to type 'DadosAtendimento'.
    Types of property 'tipo' are incompatible.
      Type '"agendado" | "evolucao"' is not assignable to type '"avaliacao" | "evolucao" | "alta" | "retorno"'.
        Type '"agendado"' is not assignable to type '"avaliacao" | "evolucao" | "alta" | "retorno"'.
src/pages/relatorios/RelatorioConvenioPage.tsx(912,18): error TS2304: Cannot find name 'CardDescription'.
src/pages/relatorios/RelatorioConvenioPage.tsx(914,19): error TS2304: Cannot find name 'CardDescription'.
src/pages/relatorios/RelatorioConvenioPage.tsx(954,24): error TS2304: Cannot find name 'Activity'.
src/pages/relatorios/RelatorioConvenioPage.tsx(1000,96): error TS2345: Argument of type '{ [x: string]: any; }' is not assignable to parameter of type 'SetStateAction<RelatorioConvenioData | null>'.
  Type '{ [x: string]: any; }' is missing the following properties from type 'RelatorioConvenioData': id, paciente, profissional, convenio, and 3 more.
src/pages/relatorios/RelatorioConvenioPage.tsx(1004,98): error TS2345: Argument of type '{ [x: string]: any; }' is not assignable to parameter of type 'SetStateAction<RelatorioConvenioData | null>'.
  Type '{ [x: string]: any; }' is missing the following properties from type 'RelatorioConvenioData': id, paciente, profissional, convenio, and 3 more.
src/pages/relatorios/RelatorioConvenioPage.tsx(1009,61): error TS2740: Type '{ [x: string]: any; }' is missing the following properties from type 'RelatorioConvenioData': id, paciente, profissional, convenio, and 3 more.
src/pages/relatorios/RelatorioConvenioPage.tsx(1123,16): error TS2304: Cannot find name 'DialogDescription'.
src/pages/relatorios/RelatorioConvenioPage.tsx(1125,17): error TS2304: Cannot find name 'DialogDescription'.
src/pages/relatorios/RelatorioMedicoPage.tsx(366,34): error TS2769: No overload matches this call.
  Overload 1 of 4, '(value: string | number | Date): Date', gave the following error.
    Argument of type 'string | undefined' is not assignable to parameter of type 'string | number | Date'.
      Type 'undefined' is not assignable to type 'string | number | Date'.
  Overload 2 of 4, '(value: string | number): Date', gave the following error.
    Argument of type 'string | undefined' is not assignable to parameter of type 'string | number'.
      Type 'undefined' is not assignable to type 'string | number'.
src/pages/relatorios/RelatorioMedicoPage.tsx(1172,28): error TS2339: Property 'phone' does not exist on type '{ id: any; name: any; cpf: any; telefone: any; email: any; date_of_birth: any; }'.
src/pages/relatorios/RelatorioMedicoPage.tsx(1282,12): error TS2304: Cannot find name 'Info'.
src/pages/relatorios/RelatorioMedicoPage.tsx(1299,18): error TS2304: Cannot find name 'CardDescription'.
src/pages/relatorios/RelatorioMedicoPage.tsx(1301,19): error TS2304: Cannot find name 'CardDescription'.
src/pages/relatorios/RelatorioMedicoPage.tsx(1359,96): error TS2345: Argument of type '{ [x: string]: any; }' is not assignable to parameter of type 'SetStateAction<RelatorioMedicoData | null>'.
  Type '{ [x: string]: any; }' is missing the following properties from type 'RelatorioMedicoData': id, tipo_relatorio, paciente, profissional_emissor, and 3 more.
src/pages/relatorios/RelatorioMedicoPage.tsx(1363,98): error TS2345: Argument of type '{ [x: string]: any; }' is not assignable to parameter of type 'SetStateAction<RelatorioMedicoData | null>'.
  Type '{ [x: string]: any; }' is missing the following properties from type 'RelatorioMedicoData': id, tipo_relatorio, paciente, profissional_emissor, and 3 more.
src/pages/relatorios/RelatorioMedicoPage.tsx(1368,59): error TS2740: Type '{ [x: string]: any; }' is missing the following properties from type 'RelatorioMedicoData': id, tipo_relatorio, paciente, profissional_emissor, and 3 more.
src/pages/relatorios/RelatorioMedicoPage.tsx(1373,34): error TS2304: Cannot find name 'Download'.
src/pages/relatorios/RelatorioMedicoPage.tsx(1391,18): error TS2304: Cannot find name 'CardDescription'.
src/pages/relatorios/RelatorioMedicoPage.tsx(1393,19): error TS2304: Cannot find name 'CardDescription'.
src/pages/relatorios/RelatorioMedicoPage.tsx(1496,26): error TS2304: Cannot find name 'Download'.
src/services/ai/poseDetectionService.ts(1,10): error TS2305: Module '"@/utils/geometry"' has no exported member 'UnifiedLandmark'.
src/services/ai/videoPoseService.ts(2,10): error TS2724: '"@/utils/geometry"' has no exported member named 'Point3D'. Did you mean 'Point2D'?
src/services/ai/videoPoseService.ts(2,19): error TS2305: Module '"@/utils/geometry"' has no exported member 'UnifiedLandmark'.
src/services/appointmentService.ts(57,47): error TS2339: Property 'phone' does not exist on type 'SelectQueryError<"could not find the relation between appointments and patients">'.
src/services/appointmentService.ts(66,25): error TS2322: Type 'string | null' is not assignable to type 'string | undefined'.
  Type 'null' is not assignable to type 'string | undefined'.
src/services/appointmentService.ts(67,25): error TS2322: Type 'string | null | undefined' is not assignable to type 'string | undefined'.
  Type 'null' is not assignable to type 'string | undefined'.
src/services/appointmentService.ts(98,36): error TS2769: No overload matches this call.
  Overload 1 of 4, '(value: string | number | Date): Date', gave the following error.
    Argument of type 'string | undefined' is not assignable to parameter of type 'string | number | Date'.
      Type 'undefined' is not assignable to type 'string | number | Date'.
  Overload 2 of 4, '(value: string | number): Date', gave the following error.
    Argument of type 'string | undefined' is not assignable to parameter of type 'string | number'.
      Type 'undefined' is not assignable to type 'string | number'.
src/services/appointmentService.ts(99,21): error TS2322: Type 'string | undefined' is not assignable to type 'string'.
  Type 'undefined' is not assignable to type 'string'.
src/services/appointmentService.ts(152,54): error TS2339: Property 'full_name' does not exist on type 'SelectQueryError<"could not find the relation between appointments and patients">'.
src/services/appointmentService.ts(153,48): error TS2339: Property 'phone' does not exist on type 'SelectQueryError<"could not find the relation between appointments and patients">'.
src/services/appointmentService.ts(236,59): error TS2339: Property 'full_name' does not exist on type 'SelectQueryError<"could not find the relation between appointments and patients">'.
src/services/appointmentService.ts(237,53): error TS2339: Property 'phone' does not exist on type 'SelectQueryError<"could not find the relation between appointments and patients">'.
src/services/goals.ts(113,63): error TS2345: Argument of type 'null' is not assignable to parameter of type 'Record<string, unknown> | undefined'.
src/services/goals.ts(135,58): error TS2345: Argument of type '{ [x: string]: any; } | null' is not assignable to parameter of type 'Record<string, unknown> | undefined'.
  Type 'null' is not assignable to type 'Record<string, unknown> | undefined'.
src/services/offlineSync.ts(269,13): error TS2571: Object is of type 'unknown'.
src/services/offlineSync.ts(296,9): error TS2739: Type 'Promise<SyncStats>' is missing the following properties from type 'SyncStats': totalActions, pendingActions, syncedActions, failedActions
src/services/offlineSync.ts(297,9): error TS2322: Type 'SyncStats | null' is not assignable to type 'SyncStats'.
  Type 'null' is not assignable to type 'SyncStats'.
src/services/offlineSync.ts(306,9): error TS2739: Type 'Promise<SyncStats>' is missing the following properties from type 'SyncStats': totalActions, pendingActions, syncedActions, failedActions
src/services/offlineSync.ts(307,9): error TS2322: Type 'SyncStats | null' is not assignable to type 'SyncStats'.
  Type 'null' is not assignable to type 'SyncStats'.
src/services/offlineSync.ts(758,3): error TS2484: Export declaration conflicts with exported declaration of 'SyncConfig'.
src/services/offlineSync.ts(759,3): error TS2484: Export declaration conflicts with exported declaration of 'QueuedAction'.
src/services/offlineSync.ts(760,3): error TS2484: Export declaration conflicts with exported declaration of 'SyncStats'.
src/services/offlineSync.ts(761,3): error TS2484: Export declaration conflicts with exported declaration of 'SyncEventType'.
src/services/offlineSync.ts(762,3): error TS2484: Export declaration conflicts with exported declaration of 'SyncEvent'.
src/services/offlineSync.ts(763,3): error TS2484: Export declaration conflicts with exported declaration of 'SyncEventListener'.
src/test-utils.tsx(18,5): error TS2353: Object literal may only specify known properties, and 'logger' does not exist in type 'QueryClientConfig'.
src/test/setup.ts(23,5): error TS2740: Type 'typeof Node' is missing the following properties from type '{ new (): Node; prototype: Node; readonly ELEMENT_NODE: 1; readonly ATTRIBUTE_NODE: 2; readonly TEXT_NODE: 3; readonly CDATA_SECTION_NODE: 4; readonly ENTITY_REFERENCE_NODE: 5; ... 12 more ...; readonly DOCUMENT_POSITION_IMPLEMENTATION_SPECIFIC: 32; }': ATTRIBUTE_NODE, CDATA_SECTION_NODE, ENTITY_REFERENCE_NODE, ENTITY_NODE, and 11 more.
src/test/utils/testHelpers.ts(166,31): error TS2749: 'chain' refers to a value, but is being used as a type here. Did you mean 'typeof chain'?
src/test/utils/testHelpers.ts(166,48): error TS2749: 'chain' refers to a value, but is being used as a type here. Did you mean 'typeof chain'?
src/test/utils/testHelpers.ts(166,69): error TS2749: 'chain' refers to a value, but is being used as a type here. Did you mean 'typeof chain'?
src/test/utils/testHelpers.ts(166,90): error TS2749: 'chain' refers to a value, but is being used as a type here. Did you mean 'typeof chain'?
src/test/utils/testHelpers.ts(166,110): error TS2749: 'chain' refers to a value, but is being used as a type here. Did you mean 'typeof chain'?
src/test/utils/testHelpers.ts(166,130): error TS2749: 'chain' refers to a value, but is being used as a type here. Did you mean 'typeof chain'?
src/test/utils/testHelpers.ts(166,148): error TS2749: 'chain' refers to a value, but is being used as a type here. Did you mean 'typeof chain'?
src/test/utils/testHelpers.ts(166,165): error TS2749: 'chain' refers to a value, but is being used as a type here. Did you mean 'typeof chain'?
src/test/utils/testHelpers.ts(168,5): error TS2353: Object literal may only specify known properties, and 'insert' does not exist in type '{ query: () => chain; eq: () => chain; select: () => chain; single: () => chain; order: () => chain; limit: () => chain; gte: () => chain; lt: () => chain; }'.
src/types/index.ts(357,20): error TS2339: Property 'full_name' does not exist on type 'Patient | { name?: string | undefined; full_name?: string | undefined; }'.
  Property 'full_name' does not exist on type 'Patient'.
src/types/recurring-appointment.ts(354,3): error TS2484: Export declaration conflicts with exported declaration of 'RecurringAppointmentSeries'.
src/types/recurring-appointment.ts(355,3): error TS2484: Export declaration conflicts with exported declaration of 'RecurringAppointmentOccurrence'.
src/types/recurring-appointment.ts(356,3): error TS2484: Export declaration conflicts with exported declaration of 'RecurringAppointmentSeriesWithStats'.
src/types/recurring-appointment.ts(357,3): error TS2484: Export declaration conflicts with exported declaration of 'RecurringAppointmentFormData'.
src/types/recurring-appointment.ts(358,3): error TS2484: Export declaration conflicts with exported declaration of 'ModifyOccurrenceFormData'.
src/types/recurring-appointment.ts(359,3): error TS2484: Export declaration conflicts with exported declaration of 'OccurrencePreview'.
src/types/recurring-appointment.ts(360,3): error TS2484: Export declaration conflicts with exported declaration of 'GenerateOccurrencesResult'.
src/types/recurring-appointment.ts(361,3): error TS2484: Export declaration conflicts with exported declaration of 'FetchRecurringSeriesParams'.
src/types/recurring-appointment.ts(362,3): error TS2484: Export declaration conflicts with exported declaration of 'FetchRecurringSeriesResult'.
src/types/recurring-appointment.ts(363,3): error TS2484: Export declaration conflicts with exported declaration of 'CreateSeriesResult'.
src/utils/postureMetrics.ts(1,10): error TS2305: Module '"@/utils/geometry"' has no exported member 'UnifiedLandmark'.
